Component: ARM Compiler 5.06 update 5 (build 528) Tool: armlink [4d35e2]

==============================================================================

Section Cross References

    startup_stm32f407xx.o(RESET) refers to startup_stm32f407xx.o(STACK) for __initial_sp
    startup_stm32f407xx.o(RESET) refers to startup_stm32f407xx.o(.text) for Reset_Handler
    startup_stm32f407xx.o(RESET) refers to stm32f4xx_it.o(i.NMI_Handler) for NMI_Handler
    startup_stm32f407xx.o(RESET) refers to stm32f4xx_it.o(i.HardFault_Handler) for HardFault_Handler
    startup_stm32f407xx.o(RESET) refers to stm32f4xx_it.o(i.MemManage_Handler) for MemManage_Handler
    startup_stm32f407xx.o(RESET) refers to stm32f4xx_it.o(i.BusFault_Handler) for BusFault_Handler
    startup_stm32f407xx.o(RESET) refers to stm32f4xx_it.o(i.UsageFault_Handler) for UsageFault_Handler
    startup_stm32f407xx.o(RESET) refers to stm32f4xx_it.o(i.SVC_Handler) for SVC_Handler
    startup_stm32f407xx.o(RESET) refers to stm32f4xx_it.o(i.DebugMon_Handler) for DebugMon_Handler
    startup_stm32f407xx.o(RESET) refers to stm32f4xx_it.o(i.PendSV_Handler) for PendSV_Handler
    startup_stm32f407xx.o(RESET) refers to stm32f4xx_it.o(i.SysTick_Handler) for SysTick_Handler
    startup_stm32f407xx.o(.text) refers to system_stm32f4xx.o(i.SystemInit) for SystemInit
    startup_stm32f407xx.o(.text) refers to entry.o(.ARM.Collect$$$$00000000) for __main
    stm32f4xx_hal_spi.o(i.HAL_SPI_Abort) refers to stm32f4xx_hal_dma.o(i.HAL_DMA_Abort) for HAL_DMA_Abort
    stm32f4xx_hal_spi.o(i.HAL_SPI_Abort) refers to system_stm32f4xx.o(.data) for SystemCoreClock
    stm32f4xx_hal_spi.o(i.HAL_SPI_Abort) refers to stm32f4xx_hal_spi.o(i.SPI_AbortTx_ISR) for SPI_AbortTx_ISR
    stm32f4xx_hal_spi.o(i.HAL_SPI_Abort) refers to stm32f4xx_hal_spi.o(i.SPI_AbortRx_ISR) for SPI_AbortRx_ISR
    stm32f4xx_hal_spi.o(i.HAL_SPI_Abort_IT) refers to stm32f4xx_hal_dma.o(i.HAL_DMA_Abort_IT) for HAL_DMA_Abort_IT
    stm32f4xx_hal_spi.o(i.HAL_SPI_Abort_IT) refers to stm32f4xx_hal_spi.o(i.HAL_SPI_AbortCpltCallback) for HAL_SPI_AbortCpltCallback
    stm32f4xx_hal_spi.o(i.HAL_SPI_Abort_IT) refers to stm32f4xx_hal_spi.o(i.SPI_AbortTx_ISR) for SPI_AbortTx_ISR
    stm32f4xx_hal_spi.o(i.HAL_SPI_Abort_IT) refers to stm32f4xx_hal_spi.o(i.SPI_AbortRx_ISR) for SPI_AbortRx_ISR
    stm32f4xx_hal_spi.o(i.HAL_SPI_Abort_IT) refers to stm32f4xx_hal_spi.o(i.SPI_DMATxAbortCallback) for SPI_DMATxAbortCallback
    stm32f4xx_hal_spi.o(i.HAL_SPI_Abort_IT) refers to stm32f4xx_hal_spi.o(i.SPI_DMARxAbortCallback) for SPI_DMARxAbortCallback
    stm32f4xx_hal_spi.o(i.HAL_SPI_DMAStop) refers to stm32f4xx_hal_dma.o(i.HAL_DMA_Abort) for HAL_DMA_Abort
    stm32f4xx_hal_spi.o(i.HAL_SPI_DeInit) refers to stm32f4xx_hal_msp.o(i.HAL_SPI_MspDeInit) for HAL_SPI_MspDeInit
    stm32f4xx_hal_spi.o(i.HAL_SPI_IRQHandler) refers to stm32f4xx_hal_dma.o(i.HAL_DMA_Abort_IT) for HAL_DMA_Abort_IT
    stm32f4xx_hal_spi.o(i.HAL_SPI_IRQHandler) refers to stm32f4xx_hal_spi.o(i.HAL_SPI_ErrorCallback) for HAL_SPI_ErrorCallback
    stm32f4xx_hal_spi.o(i.HAL_SPI_IRQHandler) refers to stm32f4xx_hal_spi.o(i.SPI_DMAAbortOnError) for SPI_DMAAbortOnError
    stm32f4xx_hal_spi.o(i.HAL_SPI_Init) refers to stm32f4xx_hal_msp.o(i.HAL_SPI_MspInit) for HAL_SPI_MspInit
    stm32f4xx_hal_spi.o(i.HAL_SPI_Receive) refers to tm_stm32_delay.o(i.HAL_GetTick) for HAL_GetTick
    stm32f4xx_hal_spi.o(i.HAL_SPI_Receive) refers to stm32f4xx_hal_spi.o(i.HAL_SPI_TransmitReceive) for HAL_SPI_TransmitReceive
    stm32f4xx_hal_spi.o(i.HAL_SPI_Receive_DMA) refers to stm32f4xx_hal_spi.o(i.HAL_SPI_TransmitReceive_DMA) for HAL_SPI_TransmitReceive_DMA
    stm32f4xx_hal_spi.o(i.HAL_SPI_Receive_DMA) refers to stm32f4xx_hal_dma.o(i.HAL_DMA_Start_IT) for HAL_DMA_Start_IT
    stm32f4xx_hal_spi.o(i.HAL_SPI_Receive_DMA) refers to stm32f4xx_hal_spi.o(i.SPI_DMAHalfReceiveCplt) for SPI_DMAHalfReceiveCplt
    stm32f4xx_hal_spi.o(i.HAL_SPI_Receive_DMA) refers to stm32f4xx_hal_spi.o(i.SPI_DMAReceiveCplt) for SPI_DMAReceiveCplt
    stm32f4xx_hal_spi.o(i.HAL_SPI_Receive_DMA) refers to stm32f4xx_hal_spi.o(i.SPI_DMAError) for SPI_DMAError
    stm32f4xx_hal_spi.o(i.HAL_SPI_Receive_IT) refers to stm32f4xx_hal_spi.o(i.HAL_SPI_TransmitReceive_IT) for HAL_SPI_TransmitReceive_IT
    stm32f4xx_hal_spi.o(i.HAL_SPI_Receive_IT) refers to stm32f4xx_hal_spi.o(i.SPI_RxISR_16BIT) for SPI_RxISR_16BIT
    stm32f4xx_hal_spi.o(i.HAL_SPI_Receive_IT) refers to stm32f4xx_hal_spi.o(i.SPI_RxISR_8BIT) for SPI_RxISR_8BIT
    stm32f4xx_hal_spi.o(i.HAL_SPI_Transmit) refers to tm_stm32_delay.o(i.HAL_GetTick) for HAL_GetTick
    stm32f4xx_hal_spi.o(i.HAL_SPI_Transmit) refers to stm32f4xx_hal_spi.o(i.SPI_WaitFlagStateUntilTimeout) for SPI_WaitFlagStateUntilTimeout
    stm32f4xx_hal_spi.o(i.HAL_SPI_Transmit) refers to stm32f4xx_hal_spi.o(i.SPI_CheckFlag_BSY) for SPI_CheckFlag_BSY
    stm32f4xx_hal_spi.o(i.HAL_SPI_TransmitReceive) refers to tm_stm32_delay.o(i.HAL_GetTick) for HAL_GetTick
[...]
    stm32f4xx_hal_flash_ex.o(i.HAL_FLASHEx_Erase) refers to stm32f4xx_hal_flash.o(.bss) for pFlash
    stm32f4xx_hal_flash_ex.o(i.HAL_FLASHEx_Erase_IT) refers to stm32f4xx_hal_flash_ex.o(i.FLASH_Erase_Sector) for FLASH_Erase_Sector
    stm32f4xx_hal_flash_ex.o(i.HAL_FLASHEx_Erase_IT) refers to stm32f4xx_hal_flash_ex.o(i.FLASH_MassErase) for FLASH_MassErase
    stm32f4xx_hal_flash_ex.o(i.HAL_FLASHEx_Erase_IT) refers to stm32f4xx_hal_flash.o(.bss) for pFlash
    stm32f4xx_hal_flash_ex.o(i.HAL_FLASHEx_OBProgram) refers to stm32f4xx_hal_flash.o(i.FLASH_WaitForLastOperation) for FLASH_WaitForLastOperation
    stm32f4xx_hal_flash_ex.o(i.HAL_FLASHEx_OBProgram) refers to stm32f4xx_hal_flash.o(.bss) for pFlash
    stm32f4xx_hal_rcc_ex.o(i.HAL_RCCEx_PeriphCLKConfig) refers to tm_stm32_delay.o(i.HAL_GetTick) for HAL_GetTick
    stm32f4xx_hal_rcc_ex.o(i.HAL_RCC_DeInit) refers to system_stm32f4xx.o(.data) for SystemCoreClock
    stm32f4xx_hal.o(i.HAL_DeInit) refers to stm32f4xx_hal.o(i.HAL_MspDeInit) for HAL_MspDeInit
    stm32f4xx_hal.o(i.HAL_Delay) refers to tm_stm32_delay.o(i.HAL_GetTick) for HAL_GetTick
    stm32f4xx_hal.o(i.HAL_GetTick) refers to stm32f4xx_hal.o(.data) for .data
    stm32f4xx_hal.o(i.HAL_IncTick) refers to stm32f4xx_hal.o(.data) for .data
    stm32f4xx_hal.o(i.HAL_Init) refers to stm32f4xx_hal_cortex.o(i.HAL_NVIC_SetPriorityGrouping) for HAL_NVIC_SetPriorityGrouping
    stm32f4xx_hal.o(i.HAL_Init) refers to stm32f4xx_hal.o(i.HAL_InitTick) for HAL_InitTick
    stm32f4xx_hal.o(i.HAL_Init) refers to stm32f4xx_hal_msp.o(i.HAL_MspInit) for HAL_MspInit
    stm32f4xx_hal.o(i.HAL_InitTick) refers to stm32f4xx_hal_cortex.o(i.HAL_SYSTICK_Config) for HAL_SYSTICK_Config
    stm32f4xx_hal.o(i.HAL_InitTick) refers to stm32f4xx_hal_cortex.o(i.HAL_NVIC_SetPriority) for HAL_NVIC_SetPriority
    stm32f4xx_hal.o(i.HAL_InitTick) refers to system_stm32f4xx.o(.data) for SystemCoreClock
    stm32f4xx_hal_pwr_ex.o(i.HAL_PWREx_ControlVoltageScaling) refers to tm_stm32_delay.o(i.HAL_GetTick) for HAL_GetTick
    stm32f4xx_hal_pwr_ex.o(i.HAL_PWREx_DisableBkUpReg) refers to tm_stm32_delay.o(i.HAL_GetTick) for HAL_GetTick
    stm32f4xx_hal_pwr_ex.o(i.HAL_PWREx_EnableBkUpReg) refers to tm_stm32_delay.o(i.HAL_GetTick) for HAL_GetTick
    stm32f4xx_hal_rcc.o(i.HAL_RCC_ClockConfig) refers to tm_stm32_delay.o(i.HAL_GetTick) for HAL_GetTick
    stm32f4xx_hal_rcc.o(i.HAL_RCC_ClockConfig) refers to stm32f4xx_hal_rcc.o(i.HAL_RCC_GetSysClockFreq) for HAL_RCC_GetSysClockFreq
    stm32f4xx_hal_rcc.o(i.HAL_RCC_ClockConfig) refers to stm32f4xx_hal.o(i.HAL_InitTick) for HAL_InitTick
    stm32f4xx_hal_rcc.o(i.HAL_RCC_ClockConfig) refers to system_stm32f4xx.o(.constdata) for AHBPrescTable
    stm32f4xx_hal_rcc.o(i.HAL_RCC_ClockConfig) refers to system_stm32f4xx.o(.data) for SystemCoreClock
    stm32f4xx_hal_rcc.o(i.HAL_RCC_GetHCLKFreq) refers to system_stm32f4xx.o(.data) for SystemCoreClock
    stm32f4xx_hal_rcc.o(i.HAL_RCC_GetPCLK1Freq) refers to system_stm32f4xx.o(.data) for SystemCoreClock
    stm32f4xx_hal_rcc.o(i.HAL_RCC_GetPCLK1Freq) refers to system_stm32f4xx.o(.constdata) for APBPrescTable
    stm32f4xx_hal_rcc.o(i.HAL_RCC_GetPCLK2Freq) refers to system_stm32f4xx.o(.data) for SystemCoreClock
    stm32f4xx_hal_rcc.o(i.HAL_RCC_GetPCLK2Freq) refers to system_stm32f4xx.o(.constdata) for APBPrescTable
    stm32f4xx_hal_rcc.o(i.HAL_RCC_MCOConfig) refers to stm32f4xx_hal_gpio.o(i.HAL_GPIO_Init) for HAL_GPIO_Init
    stm32f4xx_hal_rcc.o(i.HAL_RCC_NMI_IRQHandler) refers to stm32f4xx_hal_rcc.o(i.HAL_RCC_CSSCallback) for HAL_RCC_CSSCallback
    stm32f4xx_hal_rcc.o(i.HAL_RCC_OscConfig) refers to tm_stm32_delay.o(i.HAL_GetTick) for HAL_GetTick
    stm32f4xx_hal_flash.o(i.FLASH_SetErrorCode) refers to stm32f4xx_hal_flash.o(.bss) for .bss
    stm32f4xx_hal_flash.o(i.FLASH_WaitForLastOperation) refers to tm_stm32_delay.o(i.HAL_GetTick) for HAL_GetTick
    stm32f4xx_hal_flash.o(i.FLASH_WaitForLastOperation) refers to stm32f4xx_hal_flash.o(i.FLASH_SetErrorCode) for FLASH_SetErrorCode
    stm32f4xx_hal_flash.o(i.FLASH_WaitForLastOperation) refers to stm32f4xx_hal_flash.o(.bss) for .bss
    stm32f4xx_hal_flash.o(i.HAL_FLASH_GetError) refers to stm32f4xx_hal_flash.o(.bss) for .bss
    stm32f4xx_hal_flash.o(i.HAL_FLASH_IRQHandler) refers to stm32f4xx_hal_flash.o(i.FLASH_SetErrorCode) for FLASH_SetErrorCode
    stm32f4xx_hal_flash.o(i.HAL_FLASH_IRQHandler) refers to stm32f4xx_hal_flash.o(i.HAL_FLASH_OperationErrorCallback) for HAL_FLASH_OperationErrorCallback
    stm32f4xx_hal_flash.o(i.HAL_FLASH_IRQHandler) refers to stm32f4xx_hal_flash.o(i.HAL_FLASH_EndOfOperationCallback) for HAL_FLASH_EndOfOperationCallback
    stm32f4xx_hal_flash.o(i.HAL_FLASH_IRQHandler) refers to stm32f4xx_hal_flash_ex.o(i.FLASH_Erase_Sector) for FLASH_Erase_Sector
    stm32f4xx_hal_flash.o(i.HAL_FLASH_IRQHandler) refers to stm32f4xx_hal_flash_ex.o(i.FLASH_FlushCaches) for FLASH_FlushCaches
    stm32f4xx_hal_flash.o(i.HAL_FLASH_IRQHandler) refers to stm32f4xx_hal_flash.o(.bss) for .bss
    stm32f4xx_hal_flash.o(i.HAL_FLASH_OB_Launch) refers to stm32f4xx_hal_flash.o(i.FLASH_WaitForLastOperation) for FLASH_WaitForLastOperation
    stm32f4xx_hal_flash.o(i.HAL_FLASH_Program) refers to stm32f4xx_hal_flash.o(i.FLASH_WaitForLastOperation) for FLASH_WaitForLastOperation
    stm32f4xx_hal_flash.o(i.HAL_FLASH_Program) refers to stm32f4xx_hal_flash.o(i.FLASH_Program_DoubleWord) for FLASH_Program_DoubleWord
    stm32f4xx_hal_flash.o(i.HAL_FLASH_Program) refers to stm32f4xx_hal_flash.o(i.FLASH_Program_Byte) for FLASH_Program_Byte
    stm32f4xx_hal_flash.o(i.HAL_FLASH_Program) refers to stm32f4xx_hal_flash.o(i.FLASH_Program_HalfWord) for FLASH_Program_HalfWord
    stm32f4xx_hal_flash.o(i.HAL_FLASH_Program) refers to stm32f4xx_hal_flash.o(i.FLASH_Program_Word) for FLASH_Program_Word
    stm32f4xx_hal_flash.o(i.HAL_FLASH_Program) refers to stm32f4xx_hal_flash.o(.bss) for .bss
    stm32f4xx_hal_flash.o(i.HAL_FLASH_Program_IT) refers to stm32f4xx_hal_flash.o(i.FLASH_Program_DoubleWord) for FLASH_Program_DoubleWord
    stm32f4xx_hal_flash.o(i.HAL_FLASH_Program_IT) refers to stm32f4xx_hal_flash.o(i.FLASH_Program_Byte) for FLASH_Program_Byte
    stm32f4xx_hal_flash.o(i.HAL_FLASH_Program_IT) refers to stm32f4xx_hal_flash.o(i.FLASH_Program_HalfWord) for FLASH_Program_HalfWord
    stm32f4xx_hal_flash.o(i.HAL_FLASH_Program_IT) refers to stm32f4xx_hal_flash.o(i.FLASH_Program_Word) for FLASH_Program_Word
    stm32f4xx_hal_flash.o(i.HAL_FLASH_Program_IT) refers to stm32f4xx_hal_flash.o(.bss) for .bss
    stm32f4xx_hal_dma.o(i.DMA_CalcBaseAndBitshift) refers to stm32f4xx_hal_dma.o(.constdata) for .constdata
    stm32f4xx_hal_dma.o(i.HAL_DMA_Abort) refers to tm_stm32_delay.o(i.HAL_GetTick) for HAL_GetTick
    stm32f4xx_hal_dma.o(i.HAL_DMA_DeInit) refers to stm32f4xx_hal_dma.o(i.DMA_CalcBaseAndBitshift) for DMA_CalcBaseAndBitshift
    stm32f4xx_hal_dma.o(i.HAL_DMA_IRQHandler) refers to system_stm32f4xx.o(.data) for SystemCoreClock
    stm32f4xx_hal_dma.o(i.HAL_DMA_Init) refers to tm_stm32_delay.o(i.HAL_GetTick) for HAL_GetTick
    stm32f4xx_hal_dma.o(i.HAL_DMA_Init) refers to stm32f4xx_hal_dma.o(i.DMA_CheckFifoParam) for DMA_CheckFifoParam
    stm32f4xx_hal_dma.o(i.HAL_DMA_Init) refers to stm32f4xx_hal_dma.o(i.DMA_CalcBaseAndBitshift) for DMA_CalcBaseAndBitshift
    stm32f4xx_hal_dma.o(i.HAL_DMA_PollForTransfer) refers to tm_stm32_delay.o(i.HAL_GetTick) for HAL_GetTick
    stm32f4xx_hal_dma.o(i.HAL_DMA_PollForTransfer) refers to stm32f4xx_hal_dma.o(i.HAL_DMA_Abort) for HAL_DMA_Abort
    stm32f4xx_hal_dma.o(i.HAL_DMA_Start) refers to stm32f4xx_hal_dma.o(i.DMA_SetConfig) for DMA_SetConfig
    stm32f4xx_hal_dma.o(i.HAL_DMA_Start_IT) refers to stm32f4xx_hal_dma.o(i.DMA_SetConfig) for DMA_SetConfig
    stm32f4xx_hal_dma_ex.o(i.HAL_DMAEx_MultiBufferStart) refers to stm32f4xx_hal_dma_ex.o(i.DMA_MultiBufferSetConfig) for DMA_MultiBufferSetConfig
    stm32f4xx_hal_dma_ex.o(i.HAL_DMAEx_MultiBufferStart_IT) refers to stm32f4xx_hal_dma_ex.o(i.DMA_MultiBufferSetConfig) for DMA_MultiBufferSetConfig
    stm32f4xx_hal_cortex.o(i.HAL_NVIC_SetPriority) refers to stm32f4xx_hal_cortex.o(i.NVIC_SetPriority) for NVIC_SetPriority
    stm32f4xx_hal_cortex.o(i.HAL_SYSTICK_Config) refers to stm32f4xx_hal_cortex.o(i.NVIC_SetPriority) for NVIC_SetPriority
    stm32f4xx_hal_cortex.o(i.HAL_SYSTICK_IRQHandler) refers to stm32f4xx_hal_cortex.o(i.HAL_SYSTICK_Callback) for HAL_SYSTICK_Callback
    stm32f4xx_hal_pwr.o(i.HAL_PWR_PVD_IRQHandler) refers to stm32f4xx_hal_pwr.o(i.HAL_PWR_PVDCallback) for HAL_PWR_PVDCallback
    stm32f4xx_hal_gpio.o(i.HAL_GPIO_EXTI_IRQHandler) refers to stm32f4xx_hal_gpio.o(i.HAL_GPIO_EXTI_Callback) for HAL_GPIO_EXTI_Callback
    tm_stm32_delay.o(i.HAL_Delay) refers to tm_stm32_delay.o(.data) for .data
    tm_stm32_delay.o(i.HAL_GetTick) refers to tm_stm32_delay.o(.data) for .data
    tm_stm32_delay.o(i.HAL_IncTick) refers to tm_stm32_delay.o(i.TM_DELAY_1msHandler) for TM_DELAY_1msHandler
    tm_stm32_delay.o(i.HAL_IncTick) refers to tm_stm32_delay.o(.data) for .data
    tm_stm32_delay.o(i.HAL_IncTick) refers to tm_stm32_delay.o(.bss) for .bss
    tm_stm32_delay.o(i.TM_DELAY_TimerCreate) refers to malloc.o(i.malloc) for malloc
    tm_stm32_delay.o(i.TM_DELAY_TimerCreate) refers to tm_stm32_delay.o(.bss) for .bss
    tm_stm32_delay.o(i.TM_DELAY_TimerDelete) refers to malloc.o(i.free) for free
    tm_stm32_delay.o(i.TM_DELAY_TimerDelete) refers to tm_stm32_delay.o(.bss) for .bss
    tm_stm32_disco.o(i.TM_DISCO_ButtonInit) refers to tm_stm32_gpio.o(i.TM_GPIO_Init) for TM_GPIO_Init
    tm_stm32_disco.o(i.TM_DISCO_ButtonOnPressed) refers to tm_stm32_disco.o(.data) for .data
    tm_stm32_disco.o(i.TM_DISCO_ButtonOnReleased) refers to tm_stm32_disco.o(.data) for .data
    tm_stm32_disco.o(i.TM_DISCO_LedInit) refers to tm_stm32_gpio.o(i.TM_GPIO_Init) for TM_GPIO_Init
    tm_stm32_lis302dl_lis3dsh.o(i.TM_LIS302DL_INT_ReadAxes) refers to tm_stm32_lis302dl_lis3dsh.o(i.TM_LIS302DL_LIS3DSH_INT_ReadSPI) for TM_LIS302DL_LIS3DSH_INT_ReadSPI
    tm_stm32_lis302dl_lis3dsh.o(i.TM_LIS302DL_INT_ReadAxes) refers to tm_stm32_lis302dl_lis3dsh.o(.data) for .data
    tm_stm32_lis302dl_lis3dsh.o(i.TM_LIS302DL_LIS3DSH_Detect) refers to tm_stm32_lis302dl_lis3dsh.o(i.TM_LIS302DL_LIS3DSH_INT_Delay) for TM_LIS302DL_LIS3DSH_INT_Delay
    tm_stm32_lis302dl_lis3dsh.o(i.TM_LIS302DL_LIS3DSH_Detect) refers to tm_stm32_lis302dl_lis3dsh.o(i.TM_LIS302DL_LIS3DSH_INT_InitPins) for TM_LIS302DL_LIS3DSH_INT_InitPins
    tm_stm32_lis302dl_lis3dsh.o(i.TM_LIS302DL_LIS3DSH_Detect) refers to tm_stm32_lis302dl_lis3dsh.o(i.TM_LIS302DL_LIS3DSH_INT_ReadSPI) for TM_LIS302DL_LIS3DSH_INT_ReadSPI
    tm_stm32_lis302dl_lis3dsh.o(i.TM_LIS302DL_LIS3DSH_Detect) refers to tm_stm32_lis302dl_lis3dsh.o(.data) for .data
    tm_stm32_lis302dl_lis3dsh.o(i.TM_LIS302DL_LIS3DSH_INT_InitLIS302DL) refers to tm_stm32_lis302dl_lis3dsh.o(i.TM_LIS302DL_LIS3DSH_INT_ReadSPI) for TM_LIS302DL_LIS3DSH_INT_ReadSPI
    tm_stm32_lis302dl_lis3dsh.o(i.TM_LIS302DL_LIS3DSH_INT_InitLIS302DL) refers to tm_stm32_lis302dl_lis3dsh.o(i.TM_LIS302DL_LIS3DSH_INT_WriteSPI) for TM_LIS302DL_LIS3DSH_INT_WriteSPI
    tm_stm32_lis302dl_lis3dsh.o(i.TM_LIS302DL_LIS3DSH_INT_InitLIS302DL) refers to tm_stm32_lis302dl_lis3dsh.o(.data) for .data
    tm_stm32_lis302dl_lis3dsh.o(i.TM_LIS302DL_LIS3DSH_INT_InitLIS3DSH) refers to tm_stm32_lis302dl_lis3dsh.o(i.TM_LIS302DL_LIS3DSH_INT_WriteSPI) for TM_LIS302DL_LIS3DSH_INT_WriteSPI
    tm_stm32_lis302dl_lis3dsh.o(i.TM_LIS302DL_LIS3DSH_INT_InitLIS3DSH) refers to tm_stm32_lis302dl_lis3dsh.o(.data) for .data
    tm_stm32_lis302dl_lis3dsh.o(i.TM_LIS302DL_LIS3DSH_INT_InitPins) refers to tm_stm32_spi.o(i.TM_SPI_Init) for TM_SPI_Init
    tm_stm32_lis302dl_lis3dsh.o(i.TM_LIS302DL_LIS3DSH_INT_InitPins) refers to tm_stm32_gpio.o(i.TM_GPIO_Init) for TM_GPIO_Init
    tm_stm32_lis302dl_lis3dsh.o(i.TM_LIS302DL_LIS3DSH_INT_InitPins) refers to tm_stm32_lis302dl_lis3dsh.o(.data) for .data
    tm_stm32_lis302dl_lis3dsh.o(i.TM_LIS302DL_LIS3DSH_INT_ReadSPI) refers to tm_stm32_lis302dl_lis3dsh.o(i.TM_SPI_Send) for TM_SPI_Send
    tm_stm32_lis302dl_lis3dsh.o(i.TM_LIS302DL_LIS3DSH_INT_ReadSPI) refers to tm_stm32_spi.o(i.TM_SPI_ReadMulti) for TM_SPI_ReadMulti
    tm_stm32_lis302dl_lis3dsh.o(i.TM_LIS302DL_LIS3DSH_INT_WriteSPI) refers to tm_stm32_lis302dl_lis3dsh.o(i.TM_SPI_Send) for TM_SPI_Send
    tm_stm32_lis302dl_lis3dsh.o(i.TM_LIS302DL_LIS3DSH_INT_WriteSPI) refers to tm_stm32_spi.o(i.TM_SPI_WriteMulti) for TM_SPI_WriteMulti
    tm_stm32_lis302dl_lis3dsh.o(i.TM_LIS302DL_LIS3DSH_INT_WriteSPI) refers to tm_stm32_lis302dl_lis3dsh.o(.data) for .data
    tm_stm32_lis302dl_lis3dsh.o(i.TM_LIS302DL_LIS3DSH_Init) refers to tm_stm32_lis302dl_lis3dsh.o(i.TM_LIS302DL_LIS3DSH_INT_InitPins) for TM_LIS302DL_LIS3DSH_INT_InitPins
    tm_stm32_lis302dl_lis3dsh.o(i.TM_LIS302DL_LIS3DSH_Init) refers to tm_stm32_lis302dl_lis3dsh.o(i.TM_LIS302DL_LIS3DSH_INT_Delay) for TM_LIS302DL_LIS3DSH_INT_Delay
    tm_stm32_lis302dl_lis3dsh.o(i.TM_LIS302DL_LIS3DSH_Init) refers to tm_stm32_lis302dl_lis3dsh.o(i.TM_LIS302DL_LIS3DSH_Detect) for TM_LIS302DL_LIS3DSH_Detect
    tm_stm32_lis302dl_lis3dsh.o(i.TM_LIS302DL_LIS3DSH_Init) refers to tm_stm32_lis302dl_lis3dsh.o(i.TM_LIS302DL_LIS3DSH_INT_InitLIS302DL) for TM_LIS302DL_LIS3DSH_INT_InitLIS302DL
    tm_stm32_lis302dl_lis3dsh.o(i.TM_LIS302DL_LIS3DSH_Init) refers to tm_stm32_lis302dl_lis3dsh.o(i.TM_LIS302DL_LIS3DSH_INT_InitLIS3DSH) for TM_LIS302DL_LIS3DSH_INT_InitLIS3DSH
    tm_stm32_lis302dl_lis3dsh.o(i.TM_LIS302DL_LIS3DSH_Init) refers to tm_stm32_lis302dl_lis3dsh.o(.data) for .data
    tm_stm32_lis302dl_lis3dsh.o(i.TM_LIS302DL_LIS3DSH_ReadAxes) refers to tm_stm32_lis302dl_lis3dsh.o(i.TM_LIS302DL_INT_ReadAxes) for TM_LIS302DL_INT_ReadAxes
    tm_stm32_lis302dl_lis3dsh.o(i.TM_LIS302DL_LIS3DSH_ReadAxes) refers to tm_stm32_lis302dl_lis3dsh.o(i.TM_LIS3DSH_INT_ReadAxes) for TM_LIS3DSH_INT_ReadAxes
    tm_stm32_lis302dl_lis3dsh.o(i.TM_LIS302DL_LIS3DSH_ReadAxes) refers to tm_stm32_lis302dl_lis3dsh.o(.data) for .data
    tm_stm32_lis302dl_lis3dsh.o(i.TM_LIS3DSH_INT_ReadAxes) refers to tm_stm32_lis302dl_lis3dsh.o(i.TM_LIS302DL_LIS3DSH_INT_ReadSPI) for TM_LIS302DL_LIS3DSH_INT_ReadSPI
    tm_stm32_lis302dl_lis3dsh.o(i.TM_LIS3DSH_INT_ReadAxes) refers to tm_stm32_lis302dl_lis3dsh.o(.data) for .data
    tm_stm32_gpio.o(i.TM_GPIO_DeInit) refers to tm_stm32_gpio.o(.bss) for .bss
    tm_stm32_gpio.o(i.TM_GPIO_GetFreePins) refers to tm_stm32_gpio.o(.bss) for .bss
    tm_stm32_gpio.o(i.TM_GPIO_GetUsedPins) refers to tm_stm32_gpio.o(.bss) for .bss
    tm_stm32_gpio.o(i.TM_GPIO_INT_DisableClock) refers to tm_stm32_gpio.o(i.TM_GPIO_GetPortSource) for TM_GPIO_GetPortSource
    tm_stm32_gpio.o(i.TM_GPIO_INT_EnableClock) refers to tm_stm32_gpio.o(i.TM_GPIO_GetPortSource) for TM_GPIO_GetPortSource
    tm_stm32_gpio.o(i.TM_GPIO_INT_Init) refers to tm_stm32_gpio.o(.bss) for .bss
    tm_stm32_gpio.o(i.TM_GPIO_Init) refers to tm_stm32_gpio.o(i.TM_GPIO_INT_EnableClock) for TM_GPIO_INT_EnableClock
    tm_stm32_gpio.o(i.TM_GPIO_Init) refers to tm_stm32_gpio.o(i.TM_GPIO_INT_Init) for TM_GPIO_INT_Init
    tm_stm32_gpio.o(i.TM_GPIO_InitAlternate) refers to tm_stm32_gpio.o(i.TM_GPIO_INT_EnableClock) for TM_GPIO_INT_EnableClock
    tm_stm32_gpio.o(i.TM_GPIO_InitAlternate) refers to tm_stm32_gpio.o(i.TM_GPIO_INT_Init) for TM_GPIO_INT_Init
    tm_stm32_spi.o(i.TM_SPI1_INT_InitPins) refers to tm_stm32_spi.o(i.TM_SPI_InitCustomPinsCallback) for TM_SPI_InitCustomPinsCallback
    tm_stm32_spi.o(i.TM_SPI1_INT_InitPins) refers to tm_stm32_gpio.o(i.TM_GPIO_InitAlternate) for TM_GPIO_InitAlternate
    tm_stm32_spi.o(i.TM_SPI2_INT_InitPins) refers to tm_stm32_spi.o(i.TM_SPI_InitCustomPinsCallback) for TM_SPI_InitCustomPinsCallback
    tm_stm32_spi.o(i.TM_SPI2_INT_InitPins) refers to tm_stm32_gpio.o(i.TM_GPIO_InitAlternate) for TM_GPIO_InitAlternate
    tm_stm32_spi.o(i.TM_SPI3_INT_InitPins) refers to tm_stm32_spi.o(i.TM_SPI_InitCustomPinsCallback) for TM_SPI_InitCustomPinsCallback
    tm_stm32_spi.o(i.TM_SPI3_INT_InitPins) refers to tm_stm32_gpio.o(i.TM_GPIO_InitAlternate) for TM_GPIO_InitAlternate
    tm_stm32_spi.o(i.TM_SPI_GetPrescalerFromMaxFrequency) refers to stm32f4xx_hal_rcc.o(i.HAL_RCC_GetPCLK2Freq) for HAL_RCC_GetPCLK2Freq
    tm_stm32_spi.o(i.TM_SPI_GetPrescalerFromMaxFrequency) refers to stm32f4xx_hal_rcc.o(i.HAL_RCC_GetPCLK1Freq) for HAL_RCC_GetPCLK1Freq
    tm_stm32_spi.o(i.TM_SPI_Init) refers to tm_stm32_spi.o(i.TM_SPIx_Init) for TM_SPIx_Init
    tm_stm32_spi.o(i.TM_SPI_InitFull) refers to tm_stm32_spi.o(i.TM_SPIx_Init) for TM_SPIx_Init
    tm_stm32_spi.o(i.TM_SPI_InitWithMode) refers to tm_stm32_spi.o(i.TM_SPIx_Init) for TM_SPIx_Init
    tm_stm32_spi.o(i.TM_SPIx_Init) refers to tm_stm32_spi.o(i.TM_SPI1_INT_InitPins) for TM_SPI1_INT_InitPins
    tm_stm32_spi.o(i.TM_SPIx_Init) refers to tm_stm32_spi.o(i.TM_SPI2_INT_InitPins) for TM_SPI2_INT_InitPins
    tm_stm32_spi.o(i.TM_SPIx_Init) refers to tm_stm32_spi.o(i.TM_SPI3_INT_InitPins) for TM_SPI3_INT_InitPins
    tm_stm32_spi.o(i.TM_SPIx_Init) refers to stm32f4xx_hal_spi.o(i.HAL_SPI_Init) for HAL_SPI_Init
    system_stm32f4xx.o(i.SystemCoreClockUpdate) refers to system_stm32f4xx.o(.data) for .data
    system_stm32f4xx.o(i.SystemCoreClockUpdate) refers to system_stm32f4xx.o(.constdata) for .constdata
    main.o(i.MX_SPI1_Init) refers to stm32f4xx_hal_spi.o(i.HAL_SPI_Init) for HAL_SPI_Init
    main.o(i.MX_SPI1_Init) refers to main.o(.bss) for .bss
    main.o(i.SystemClock_Config) refers to stm32f4xx_hal_rcc.o(i.HAL_RCC_OscConfig) for HAL_RCC_OscConfig
    main.o(i.SystemClock_Config) refers to stm32f4xx_hal_rcc.o(i.HAL_RCC_ClockConfig) for HAL_RCC_ClockConfig
    main.o(i.SystemClock_Config) refers to stm32f4xx_hal_rcc.o(i.HAL_RCC_GetHCLKFreq) for HAL_RCC_GetHCLKFreq
    main.o(i.SystemClock_Config) refers to stm32f4xx_hal_cortex.o(i.HAL_SYSTICK_Config) for HAL_SYSTICK_Config
    main.o(i.SystemClock_Config) refers to stm32f4xx_hal_cortex.o(i.HAL_SYSTICK_CLKSourceConfig) for HAL_SYSTICK_CLKSourceConfig
    main.o(i.SystemClock_Config) refers to stm32f4xx_hal_cortex.o(i.HAL_NVIC_SetPriority) for HAL_NVIC_SetPriority
    main.o(i.main) refers to stm32f4xx_hal.o(i.HAL_Init) for HAL_Init
    main.o(i.main) refers to main.o(i.SystemClock_Config) for SystemClock_Config
    main.o(i.main) refers to main.o(i.MX_SPI1_Init) for MX_SPI1_Init
    main.o(i.main) refers to system_stm32f4xx.o(i.SystemInit) for SystemInit
    main.o(i.main) refers to tm_stm32_delay.o(i.TM_DELAY_Init) for TM_DELAY_Init
    main.o(i.main) refers to tm_stm32_disco.o(i.TM_DISCO_LedInit) for TM_DISCO_LedInit
    main.o(i.main) refers to tm_stm32_lis302dl_lis3dsh.o(i.TM_LIS302DL_LIS3DSH_Detect) for TM_LIS302DL_LIS3DSH_Detect
    main.o(i.main) refers to tm_stm32_lis302dl_lis3dsh.o(i.TM_LIS302DL_LIS3DSH_Init) for TM_LIS302DL_LIS3DSH_Init
    main.o(i.main) refers to tm_stm32_lis302dl_lis3dsh.o(i.TM_LIS302DL_LIS3DSH_ReadAxes) for TM_LIS302DL_LIS3DSH_ReadAxes
    stm32f4xx_hal_msp.o(i.HAL_MspInit) refers to stm32f4xx_hal_cortex.o(i.HAL_NVIC_SetPriorityGrouping) for HAL_NVIC_SetPriorityGrouping
    stm32f4xx_hal_msp.o(i.HAL_MspInit) refers to stm32f4xx_hal_cortex.o(i.HAL_NVIC_SetPriority) for HAL_NVIC_SetPriority
    stm32f4xx_hal_msp.o(i.HAL_SPI_MspDeInit) refers to stm32f4xx_hal_gpio.o(i.HAL_GPIO_DeInit) for HAL_GPIO_DeInit
    stm32f4xx_hal_msp.o(i.HAL_SPI_MspInit) refers to stm32f4xx_hal_gpio.o(i.HAL_GPIO_Init) for HAL_GPIO_Init
    stm32f4xx_it.o(i.SysTick_Handler) refers to tm_stm32_delay.o(i.HAL_IncTick) for HAL_IncTick
    stm32f4xx_it.o(i.SysTick_Handler) refers to stm32f4xx_hal_cortex.o(i.HAL_SYSTICK_IRQHandler) for HAL_SYSTICK_IRQHandler
    entry.o(.ARM.Collect$$$$00000000) refers (Special) to entry10a.o(.ARM.Collect$$$$0000000D) for __rt_final_cpp
    entry.o(.ARM.Collect$$$$00000000) refers (Special) to entry11a.o(.ARM.Collect$$$$0000000F) for __rt_final_exit
    entry.o(.ARM.Collect$$$$00000000) refers (Special) to entry7b.o(.ARM.Collect$$$$00000008) for _main_clock
    entry.o(.ARM.Collect$$$$00000000) refers (Special) to entry8b.o(.ARM.Collect$$$$0000000A) for _main_cpp_init
    entry.o(.ARM.Collect$$$$00000000) refers (Special) to entry9a.o(.ARM.Collect$$$$0000000B) for _main_init
    entry.o(.ARM.Collect$$$$00000000) refers (Special) to entry5.o(.ARM.Collect$$$$00000004) for _main_scatterload
    entry.o(.ARM.Collect$$$$00000000) refers (Special) to entry2.o(.ARM.Collect$$$$00000001) for _main_stk
    malloc.o(i.free) refers to mvars.o(.data) for __microlib_freelist
    malloc.o(i.malloc) refers to mvars.o(.data) for __microlib_freelist_initialised
    malloc.o(i.malloc) refers to mvars.o(.data) for __microlib_freelist
    malloc.o(i.malloc) refers to startup_stm32f407xx.o(HEAP) for __heap_base
    mallocr.o(i.__free$realloc) refers to mvars.o(.data) for __microlib_freelist
    mallocr.o(i.__malloc$realloc) refers to mallocr.o(i.internal_alloc) for internal_alloc
    mallocr.o(i.__malloc$realloc) refers to mvars.o(.data) for __microlib_freelist_initialised
    mallocr.o(i.__malloc$realloc) refers to startup_stm32f407xx.o(HEAP) for __heap_base
    mallocr.o(i.__malloc$realloc) refers to mvars.o(.data) for __microlib_freelist
    mallocr.o(i.internal_alloc) refers to memcpya.o(.text) for __aeabi_memcpy
    mallocr.o(i.internal_alloc) refers to mvars.o(.data) for __microlib_freelist
    mallocr.o(i.realloc) refers to mallocr.o(i.__free$realloc) for __free$realloc
    mallocr.o(i.realloc) refers to mallocr.o(i.internal_alloc) for internal_alloc
    mallocr.o(i.realloc) refers to mallocr.o(i.__malloc$realloc) for __malloc$realloc
    mallocr.o(i.realloc) refers to mvars.o(.data) for __microlib_freelist
    malloca.o(i.__aligned_malloc) refers to mvars.o(.data) for __microlib_freelist_initialised
    malloca.o(i.__aligned_malloc) refers to mvars.o(.data) for __microlib_freelist
    malloca.o(i.__aligned_malloc) refers to startup_stm32f407xx.o(HEAP) for __heap_base
    malloca.o(i.__free$memalign) refers to mvars.o(.data) for __microlib_freelist
    malloca.o(i.__malloc$memalign) refers to malloca.o(i.__aligned_malloc) for __aligned_malloc
    mallocra.o(i.__aligned_malloc$realloc) refers to mallocra.o(i.internal_alloc) for internal_alloc
    mallocra.o(i.__aligned_malloc$realloc) refers to mvars.o(.data) for __microlib_freelist_initialised
    mallocra.o(i.__aligned_malloc$realloc) refers to startup_stm32f407xx.o(HEAP) for __heap_base
    mallocra.o(i.__aligned_malloc$realloc) refers to mvars.o(.data) for __microlib_freelist
    mallocra.o(i.__free$realloc$memalign) refers to mvars.o(.data) for __microlib_freelist
    mallocra.o(i.__malloc$realloc$memalign) refers to mallocra.o(i.__aligned_malloc$realloc) for __aligned_malloc$realloc
    mallocra.o(i.__realloc$memalign) refers to mallocra.o(i.__free$realloc$memalign) for __free$realloc$memalign
    mallocra.o(i.__realloc$memalign) refers to mallocra.o(i.internal_alloc) for internal_alloc
    mallocra.o(i.__realloc$memalign) refers to mallocra.o(i.__malloc$realloc$memalign) for __malloc$realloc$memalign
    mallocra.o(i.__realloc$memalign) refers to mvars.o(.data) for __microlib_freelist
    mallocra.o(i.internal_alloc) refers to memcpya.o(.text) for __aeabi_memcpy
    mallocra.o(i.internal_alloc) refers to mvars.o(.data) for __microlib_freelist
    entry2.o(.ARM.Collect$$$$00000001) refers to entry2.o(.ARM.Collect$$$$00002712) for __lit__00000000
    entry2.o(.ARM.Collect$$$$00002712) refers to startup_stm32f407xx.o(STACK) for __initial_sp
    entry2.o(__vectab_stack_and_reset_area) refers to startup_stm32f407xx.o(STACK) for __initial_sp
    entry2.o(__vectab_stack_and_reset_area) refers to entry.o(.ARM.Collect$$$$00000000) for __main
    entry5.o(.ARM.Collect$$$$00000004) refers to init.o(.text) for __scatterload
    entry9a.o(.ARM.Collect$$$$0000000B) refers to main.o(i.main) for main
    entry9b.o(.ARM.Collect$$$$0000000C) refers to main.o(i.main) for main
    init.o(.text) refers to entry5.o(.ARM.Collect$$$$00000004) for __main_after_scatterload


==============================================================================

Removing Unused input sections from the image.

    Removing startup_stm32f407xx.o(HEAP), (512 bytes).
    Removing stm32f4xx_hal_spi.o(.rev16_text), (4 bytes).
    Removing stm32f4xx_hal_spi.o(.revsh_text), (4 bytes).
    Removing stm32f4xx_hal_spi.o(.rrx_text), (6 bytes).
    Removing stm32f4xx_hal_spi.o(i.HAL_SPI_Abort), (192 bytes).
    Removing stm32f4xx_hal_spi.o(i.HAL_SPI_AbortCpltCallback), (2 bytes).
    Removing stm32f4xx_hal_spi.o(i.HAL_SPI_Abort_IT), (232 bytes).
    Removing stm32f4xx_hal_spi.o(i.HAL_SPI_DMAPause), (38 bytes).
    Removing stm32f4xx_hal_spi.o(i.HAL_SPI_DMAResume), (38 bytes).
    Removing stm32f4xx_hal_spi.o(i.HAL_SPI_DMAStop), (40 bytes).
    Removing stm32f4xx_hal_spi.o(i.HAL_SPI_DeInit), (46 bytes).
    Removing stm32f4xx_hal_spi.o(i.HAL_SPI_ErrorCallback), (2 bytes).
    Removing stm32f4xx_hal_spi.o(i.HAL_SPI_GetError), (4 bytes).
    Removing stm32f4xx_hal_spi.o(i.HAL_SPI_GetState), (6 bytes).
    Removing stm32f4xx_hal_spi.o(i.HAL_SPI_IRQHandler), (212 bytes).
    Removing stm32f4xx_hal_spi.o(i.HAL_SPI_MspDeInit), (2 bytes).
    Removing stm32f4xx_hal_spi.o(i.HAL_SPI_MspInit), (2 bytes).
    Removing stm32f4xx_hal_spi.o(i.HAL_SPI_Receive), (336 bytes).
    Removing stm32f4xx_hal_spi.o(i.HAL_SPI_Receive_DMA), (212 bytes).
    Removing stm32f4xx_hal_spi.o(i.HAL_SPI_Receive_IT), (164 bytes).
    Removing stm32f4xx_hal_spi.o(i.HAL_SPI_RxCpltCallback), (2 bytes).
    Removing stm32f4xx_hal_spi.o(i.HAL_SPI_RxHalfCpltCallback), (2 bytes).
    Removing stm32f4xx_hal_spi.o(i.HAL_SPI_Transmit), (360 bytes).
    Removing stm32f4xx_hal_spi.o(i.HAL_SPI_TransmitReceive), (472 bytes).
    Removing stm32f4xx_hal_spi.o(i.HAL_SPI_TransmitReceive_DMA), (264 bytes).
    Removing stm32f4xx_hal_spi.o(i.HAL_SPI_TransmitReceive_IT), (164 bytes).
    Removing stm32f4xx_hal_spi.o(i.HAL_SPI_Transmit_DMA), (184 bytes).
    Removing stm32f4xx_hal_spi.o(i.HAL_SPI_Transmit_IT), (152 bytes).
    Removing stm32f4xx_hal_spi.o(i.HAL_SPI_TxCpltCallback), (2 bytes).
    Removing stm32f4xx_hal_spi.o(i.HAL_SPI_TxHalfCpltCallback), (2 bytes).
    Removing stm32f4xx_hal_spi.o(i.HAL_SPI_TxRxCpltCallback), (2 bytes).
    Removing stm32f4xx_hal_spi.o(i.HAL_SPI_TxRxHalfCpltCallback), (2 bytes).
    Removing stm32f4xx_hal_spi.o(i.SPI_2linesRxISR_16BIT), (48 bytes).
    Removing stm32f4xx_hal_spi.o(i.SPI_2linesRxISR_8BIT), (46 bytes).
    Removing stm32f4xx_hal_spi.o(i.SPI_2linesTxISR_16BIT), (48 bytes).
    Removing stm32f4xx_hal_spi.o(i.SPI_2linesTxISR_8BIT), (46 bytes).
    Removing stm32f4xx_hal_spi.o(i.SPI_AbortRx_ISR), (80 bytes).
    Removing stm32f4xx_hal_spi.o(i.SPI_AbortTx_ISR), (22 bytes).
    Removing stm32f4xx_hal_spi.o(i.SPI_CheckFlag_BSY), (32 bytes).
    Removing stm32f4xx_hal_spi.o(i.SPI_CloseRxTx_ISR), (144 bytes).
    Removing stm32f4xx_hal_spi.o(i.SPI_CloseRx_ISR), (78 bytes).
    Removing stm32f4xx_hal_spi.o(i.SPI_CloseTx_ISR), (124 bytes).
    Removing stm32f4xx_hal_spi.o(i.SPI_DMAAbortOnError), (16 bytes).
    Removing stm32f4xx_hal_spi.o(i.SPI_DMAError), (34 bytes).
    Removing stm32f4xx_hal_spi.o(i.SPI_DMAHalfReceiveCplt), (10 bytes).
    Removing stm32f4xx_hal_spi.o(i.SPI_DMAHalfTransmitCplt), (10 bytes).
    Removing stm32f4xx_hal_spi.o(i.SPI_DMAHalfTransmitReceiveCplt), (10 bytes).
    Removing stm32f4xx_hal_spi.o(i.SPI_DMAReceiveCplt), (82 bytes).
    Removing stm32f4xx_hal_spi.o(i.SPI_DMARxAbortCallback), (70 bytes).
    Removing stm32f4xx_hal_spi.o(i.SPI_DMATransmitCplt), (90 bytes).
    Removing stm32f4xx_hal_spi.o(i.SPI_DMATransmitReceiveCplt), (80 bytes).
    Removing stm32f4xx_hal_spi.o(i.SPI_DMATxAbortCallback), (104 bytes).
    Removing stm32f4xx_hal_spi.o(i.SPI_RxISR_16BIT), (32 bytes).
    Removing stm32f4xx_hal_spi.o(i.SPI_RxISR_8BIT), (30 bytes).
    Removing stm32f4xx_hal_spi.o(i.SPI_TxISR_16BIT), (32 bytes).
    Removing stm32f4xx_hal_spi.o(i.SPI_TxISR_8BIT), (30 bytes).
    Removing stm32f4xx_hal_spi.o(i.SPI_WaitFlagStateUntilTimeout), (150 bytes).
    Removing stm32f4xx_hal_flash_ex.o(.rev16_text), (4 bytes).
    Removing stm32f4xx_hal_flash_ex.o(.revsh_text), (4 bytes).
    Removing stm32f4xx_hal_flash_ex.o(.rrx_text), (6 bytes).
    Removing stm32f4xx_hal_flash_ex.o(i.FLASH_Erase_Sector), (88 bytes).
    Removing stm32f4xx_hal_flash_ex.o(i.FLASH_FlushCaches), (84 bytes).
    Removing stm32f4xx_hal_flash_ex.o(i.FLASH_MassErase), (40 bytes).
    Removing stm32f4xx_hal_flash_ex.o(i.HAL_FLASHEx_Erase), (152 bytes).
    Removing stm32f4xx_hal_flash_ex.o(i.HAL_FLASHEx_Erase_IT), (104 bytes).
    Removing stm32f4xx_hal_flash_ex.o(i.HAL_FLASHEx_OBGetConfig), (64 bytes).
    Removing stm32f4xx_hal_flash_ex.o(i.HAL_FLASHEx_OBProgram), (204 bytes).
    Removing stm32f4xx_hal_rcc_ex.o(.rev16_text), (4 bytes).
    Removing stm32f4xx_hal_rcc_ex.o(.revsh_text), (4 bytes).
    Removing stm32f4xx_hal_rcc_ex.o(.rrx_text), (6 bytes).
    Removing stm32f4xx_hal_rcc_ex.o(i.HAL_RCCEx_GetPeriphCLKConfig), (80 bytes).
    Removing stm32f4xx_hal_rcc_ex.o(i.HAL_RCCEx_GetPeriphCLKFreq), (92 bytes).
    Removing stm32f4xx_hal_rcc_ex.o(i.HAL_RCCEx_PeriphCLKConfig), (340 bytes).
    Removing stm32f4xx_hal_rcc_ex.o(i.HAL_RCC_DeInit), (92 bytes).
    Removing stm32f4xx_hal.o(.rev16_text), (4 bytes).
    Removing stm32f4xx_hal.o(.revsh_text), (4 bytes).
    Removing stm32f4xx_hal.o(.rrx_text), (6 bytes).
    Removing stm32f4xx_hal.o(i.HAL_DBGMCU_DisableDBGSleepMode), (16 bytes).
    Removing stm32f4xx_hal.o(i.HAL_DBGMCU_DisableDBGStandbyMode), (16 bytes).
    Removing stm32f4xx_hal.o(i.HAL_DBGMCU_DisableDBGStopMode), (16 bytes).
    Removing stm32f4xx_hal.o(i.HAL_DBGMCU_EnableDBGSleepMode), (16 bytes).
    Removing stm32f4xx_hal.o(i.HAL_DBGMCU_EnableDBGStandbyMode), (16 bytes).
    Removing stm32f4xx_hal.o(i.HAL_DBGMCU_EnableDBGStopMode), (16 bytes).
    Removing stm32f4xx_hal.o(i.HAL_DeInit), (52 bytes).
    Removing stm32f4xx_hal.o(i.HAL_Delay), (28 bytes).
    Removing stm32f4xx_hal.o(i.HAL_DisableCompensationCell), (28 bytes).
    Removing stm32f4xx_hal.o(i.HAL_EnableCompensationCell), (28 bytes).
    Removing stm32f4xx_hal.o(i.HAL_GetDEVID), (16 bytes).
    Removing stm32f4xx_hal.o(i.HAL_GetHalVersion), (8 bytes).
    Removing stm32f4xx_hal.o(i.HAL_GetREVID), (12 bytes).
    Removing stm32f4xx_hal.o(i.HAL_GetTick), (12 bytes).
    Removing stm32f4xx_hal.o(i.HAL_GetUID), (28 bytes).
    Removing stm32f4xx_hal.o(i.HAL_IncTick), (16 bytes).
    Removing stm32f4xx_hal.o(i.HAL_MspDeInit), (2 bytes).
    Removing stm32f4xx_hal.o(i.HAL_MspInit), (2 bytes).
    Removing stm32f4xx_hal.o(i.HAL_ResumeTick), (14 bytes).
    Removing stm32f4xx_hal.o(i.HAL_SuspendTick), (14 bytes).
    Removing stm32f4xx_hal.o(.data), (4 bytes).
    Removing stm32f4xx_hal_pwr_ex.o(.rev16_text), (4 bytes).
    Removing stm32f4xx_hal_pwr_ex.o(.revsh_text), (4 bytes).
    Removing stm32f4xx_hal_pwr_ex.o(.rrx_text), (6 bytes).
    Removing stm32f4xx_hal_pwr_ex.o(i.HAL_PWREx_ControlVoltageScaling), (88 bytes).
    Removing stm32f4xx_hal_pwr_ex.o(i.HAL_PWREx_DisableBkUpReg), (76 bytes).
    Removing stm32f4xx_hal_pwr_ex.o(i.HAL_PWREx_DisableFlashPowerDown), (28 bytes).
    Removing stm32f4xx_hal_pwr_ex.o(i.HAL_PWREx_EnableBkUpReg), (76 bytes).
    Removing stm32f4xx_hal_pwr_ex.o(i.HAL_PWREx_EnableFlashPowerDown), (24 bytes).
    Removing stm32f4xx_hal_pwr_ex.o(i.HAL_PWREx_GetVoltageRange), (16 bytes).
    Removing stm32f4xx_hal_rcc.o(.rev16_text), (4 bytes).
    Removing stm32f4xx_hal_rcc.o(.revsh_text), (4 bytes).
    Removing stm32f4xx_hal_rcc.o(.rrx_text), (6 bytes).
    Removing stm32f4xx_hal_rcc.o(i.HAL_RCC_CSSCallback), (2 bytes).
    Removing stm32f4xx_hal_rcc.o(i.HAL_RCC_DeInit), (2 bytes).
    Removing stm32f4xx_hal_rcc.o(i.HAL_RCC_DisableCSS), (12 bytes).
    Removing stm32f4xx_hal_rcc.o(i.HAL_RCC_EnableCSS), (12 bytes).
    Removing stm32f4xx_hal_rcc.o(i.HAL_RCC_GetClockConfig), (64 bytes).
    Removing stm32f4xx_hal_rcc.o(i.HAL_RCC_GetOscConfig), (232 bytes).
    Removing stm32f4xx_hal_rcc.o(i.HAL_RCC_GetPCLK1Freq), (48 bytes).
    Removing stm32f4xx_hal_rcc.o(i.HAL_RCC_GetPCLK2Freq), (48 bytes).
    Removing stm32f4xx_hal_rcc.o(i.HAL_RCC_MCOConfig), (140 bytes).
    Removing stm32f4xx_hal_rcc.o(i.HAL_RCC_NMI_IRQHandler), (28 bytes).
    Removing stm32f4xx_hal_flash.o(.rev16_text), (4 bytes).
    Removing stm32f4xx_hal_flash.o(.revsh_text), (4 bytes).
    Removing stm32f4xx_hal_flash.o(.rrx_text), (6 bytes).
    Removing stm32f4xx_hal_flash.o(i.FLASH_Program_Byte), (32 bytes).
    Removing stm32f4xx_hal_flash.o(i.FLASH_Program_DoubleWord), (40 bytes).
    Removing stm32f4xx_hal_flash.o(i.FLASH_Program_HalfWord), (36 bytes).
    Removing stm32f4xx_hal_flash.o(i.FLASH_Program_Word), (36 bytes).
    Removing stm32f4xx_hal_flash.o(i.FLASH_SetErrorCode), (104 bytes).
    Removing stm32f4xx_hal_flash.o(i.FLASH_WaitForLastOperation), (80 bytes).
    Removing stm32f4xx_hal_flash.o(i.HAL_FLASH_EndOfOperationCallback), (2 bytes).
    Removing stm32f4xx_hal_flash.o(i.HAL_FLASH_GetError), (12 bytes).
    Removing stm32f4xx_hal_flash.o(i.HAL_FLASH_IRQHandler), (204 bytes).
    Removing stm32f4xx_hal_flash.o(i.HAL_FLASH_Lock), (20 bytes).
    Removing stm32f4xx_hal_flash.o(i.HAL_FLASH_OB_Launch), (24 bytes).
    Removing stm32f4xx_hal_flash.o(i.HAL_FLASH_OB_Lock), (20 bytes).
    Removing stm32f4xx_hal_flash.o(i.HAL_FLASH_OB_Unlock), (40 bytes).
    Removing stm32f4xx_hal_flash.o(i.HAL_FLASH_OperationErrorCallback), (2 bytes).
    Removing stm32f4xx_hal_flash.o(i.HAL_FLASH_Program), (124 bytes).
    Removing stm32f4xx_hal_flash.o(i.HAL_FLASH_Program_IT), (108 bytes).
    Removing stm32f4xx_hal_flash.o(i.HAL_FLASH_Unlock), (40 bytes).
    Removing stm32f4xx_hal_flash.o(.bss), (32 bytes).
    Removing stm32f4xx_hal_tim.o(.rev16_text), (4 bytes).
    Removing stm32f4xx_hal_tim.o(.revsh_text), (4 bytes).
    Removing stm32f4xx_hal_tim.o(.rrx_text), (6 bytes).
    Removing stm32f4xx_hal_tim_ex.o(.rev16_text), (4 bytes).
    Removing stm32f4xx_hal_tim_ex.o(.revsh_text), (4 bytes).
    Removing stm32f4xx_hal_tim_ex.o(.rrx_text), (6 bytes).
    Removing stm32f4xx_hal_dma.o(.rev16_text), (4 bytes).
    Removing stm32f4xx_hal_dma.o(.revsh_text), (4 bytes).
    Removing stm32f4xx_hal_dma.o(.rrx_text), (6 bytes).
    Removing stm32f4xx_hal_dma.o(i.DMA_CalcBaseAndBitshift), (40 bytes).
    Removing stm32f4xx_hal_dma.o(i.DMA_CheckFifoParam), (84 bytes).
    Removing stm32f4xx_hal_dma.o(i.DMA_SetConfig), (40 bytes).
    Removing stm32f4xx_hal_dma.o(i.HAL_DMA_Abort), (142 bytes).
    Removing stm32f4xx_hal_dma.o(i.HAL_DMA_Abort_IT), (36 bytes).
    Removing stm32f4xx_hal_dma.o(i.HAL_DMA_DeInit), (86 bytes).
    Removing stm32f4xx_hal_dma.o(i.HAL_DMA_GetError), (4 bytes).
    Removing stm32f4xx_hal_dma.o(i.HAL_DMA_GetState), (6 bytes).
    Removing stm32f4xx_hal_dma.o(i.HAL_DMA_IRQHandler), (424 bytes).
    Removing stm32f4xx_hal_dma.o(i.HAL_DMA_Init), (212 bytes).
    Removing stm32f4xx_hal_dma.o(i.HAL_DMA_PollForTransfer), (300 bytes).
    Removing stm32f4xx_hal_dma.o(i.HAL_DMA_RegisterCallback), (80 bytes).
    Removing stm32f4xx_hal_dma.o(i.HAL_DMA_Start), (70 bytes).
    Removing stm32f4xx_hal_dma.o(i.HAL_DMA_Start_IT), (120 bytes).
    Removing stm32f4xx_hal_dma.o(i.HAL_DMA_UnRegisterCallback), (96 bytes).
    Removing stm32f4xx_hal_dma.o(.constdata), (8 bytes).
    Removing stm32f4xx_hal_flash_ramfunc.o(.rev16_text), (4 bytes).
    Removing stm32f4xx_hal_flash_ramfunc.o(.revsh_text), (4 bytes).
    Removing stm32f4xx_hal_flash_ramfunc.o(.rrx_text), (6 bytes).
    Removing stm32f4xx_hal_dma_ex.o(.rev16_text), (4 bytes).
    Removing stm32f4xx_hal_dma_ex.o(.revsh_text), (4 bytes).
    Removing stm32f4xx_hal_dma_ex.o(.rrx_text), (6 bytes).
    Removing stm32f4xx_hal_dma_ex.o(i.DMA_MultiBufferSetConfig), (30 bytes).
    Removing stm32f4xx_hal_dma_ex.o(i.HAL_DMAEx_ChangeMemory), (14 bytes).
    Removing stm32f4xx_hal_dma_ex.o(i.HAL_DMAEx_MultiBufferStart), (100 bytes).
    Removing stm32f4xx_hal_dma_ex.o(i.HAL_DMAEx_MultiBufferStart_IT), (2452 bytes).
    Removing stm32f4xx_hal_cortex.o(.rev16_text), (4 bytes).
    Removing stm32f4xx_hal_cortex.o(.revsh_text), (4 bytes).
    Removing stm32f4xx_hal_cortex.o(.rrx_text), (6 bytes).
    Removing stm32f4xx_hal_cortex.o(i.HAL_MPU_ConfigRegion), (84 bytes).
    Removing stm32f4xx_hal_cortex.o(i.HAL_MPU_Disable), (28 bytes).
    Removing stm32f4xx_hal_cortex.o(i.HAL_MPU_Enable), (36 bytes).
    Removing stm32f4xx_hal_cortex.o(i.HAL_NVIC_ClearPendingIRQ), (22 bytes).
    Removing stm32f4xx_hal_cortex.o(i.HAL_NVIC_DisableIRQ), (22 bytes).
    Removing stm32f4xx_hal_cortex.o(i.HAL_NVIC_EnableIRQ), (22 bytes).
    Removing stm32f4xx_hal_cortex.o(i.HAL_NVIC_GetActive), (32 bytes).
    Removing stm32f4xx_hal_cortex.o(i.HAL_NVIC_GetPendingIRQ), (32 bytes).
    Removing stm32f4xx_hal_cortex.o(i.HAL_NVIC_GetPriority), (82 bytes).
    Removing stm32f4xx_hal_cortex.o(i.HAL_NVIC_GetPriorityGrouping), (16 bytes).
    Removing stm32f4xx_hal_cortex.o(i.HAL_NVIC_SetPendingIRQ), (22 bytes).
    Removing stm32f4xx_hal_cortex.o(i.HAL_NVIC_SystemReset), (36 bytes).
    Removing stm32f4xx_hal_pwr.o(.rev16_text), (4 bytes).
    Removing stm32f4xx_hal_pwr.o(.revsh_text), (4 bytes).
    Removing stm32f4xx_hal_pwr.o(.rrx_text), (6 bytes).
    Removing stm32f4xx_hal_pwr.o(i.HAL_PWR_ConfigPVD), (124 bytes).
    Removing stm32f4xx_hal_pwr.o(i.HAL_PWR_DeInit), (24 bytes).
    Removing stm32f4xx_hal_pwr.o(i.HAL_PWR_DisableBkUpAccess), (28 bytes).
    Removing stm32f4xx_hal_pwr.o(i.HAL_PWR_DisablePVD), (24 bytes).
    Removing stm32f4xx_hal_pwr.o(i.HAL_PWR_DisableSEVOnPend), (16 bytes).
    Removing stm32f4xx_hal_pwr.o(i.HAL_PWR_DisableSleepOnExit), (16 bytes).
    Removing stm32f4xx_hal_pwr.o(i.HAL_PWR_DisableWakeUpPin), (16 bytes).
    Removing stm32f4xx_hal_pwr.o(i.HAL_PWR_EnableBkUpAccess), (24 bytes).
    Removing stm32f4xx_hal_pwr.o(i.HAL_PWR_EnablePVD), (24 bytes).
    Removing stm32f4xx_hal_pwr.o(i.HAL_PWR_EnableSEVOnPend), (16 bytes).
    Removing stm32f4xx_hal_pwr.o(i.HAL_PWR_EnableSleepOnExit), (16 bytes).
    Removing stm32f4xx_hal_pwr.o(i.HAL_PWR_EnableWakeUpPin), (16 bytes).
    Removing stm32f4xx_hal_pwr.o(i.HAL_PWR_EnterSLEEPMode), (32 bytes).
    Removing stm32f4xx_hal_pwr.o(i.HAL_PWR_EnterSTANDBYMode), (32 bytes).
    Removing stm32f4xx_hal_pwr.o(i.HAL_PWR_EnterSTOPMode), (56 bytes).
    Removing stm32f4xx_hal_pwr.o(i.HAL_PWR_PVDCallback), (2 bytes).
    Removing stm32f4xx_hal_pwr.o(i.HAL_PWR_PVD_IRQHandler), (28 bytes).
    Removing stm32f4xx_hal_gpio.o(.rev16_text), (4 bytes).
    Removing stm32f4xx_hal_gpio.o(.revsh_text), (4 bytes).
    Removing stm32f4xx_hal_gpio.o(.rrx_text), (6 bytes).
    Removing stm32f4xx_hal_gpio.o(i.HAL_GPIO_DeInit), (328 bytes).
    Removing stm32f4xx_hal_gpio.o(i.HAL_GPIO_EXTI_Callback), (2 bytes).
    Removing stm32f4xx_hal_gpio.o(i.HAL_GPIO_EXTI_IRQHandler), (24 bytes).
    Removing stm32f4xx_hal_gpio.o(i.HAL_GPIO_LockPin), (34 bytes).
    Removing stm32f4xx_hal_gpio.o(i.HAL_GPIO_ReadPin), (10 bytes).
    Removing stm32f4xx_hal_gpio.o(i.HAL_GPIO_TogglePin), (8 bytes).
    Removing stm32f4xx_hal_gpio.o(i.HAL_GPIO_WritePin), (10 bytes).
    Removing tm_stm32_delay.o(.rev16_text), (4 bytes).
    Removing tm_stm32_delay.o(.revsh_text), (4 bytes).
    Removing tm_stm32_delay.o(.rrx_text), (6 bytes).
    Removing tm_stm32_delay.o(i.HAL_Delay), (44 bytes).
    Removing tm_stm32_delay.o(i.TM_DELAY_TimerAutoReloadCommand), (18 bytes).
    Removing tm_stm32_delay.o(i.TM_DELAY_TimerAutoReloadValue), (4 bytes).
    Removing tm_stm32_delay.o(i.TM_DELAY_TimerCreate), (80 bytes).
    Removing tm_stm32_delay.o(i.TM_DELAY_TimerDelete), (92 bytes).
    Removing tm_stm32_delay.o(i.TM_DELAY_TimerReset), (6 bytes).
    Removing tm_stm32_delay.o(i.TM_DELAY_TimerStart), (10 bytes).
    Removing tm_stm32_delay.o(i.TM_DELAY_TimerStop), (10 bytes).
    Removing tm_stm32_disco.o(.rev16_text), (4 bytes).
    Removing tm_stm32_disco.o(.revsh_text), (4 bytes).
    Removing tm_stm32_disco.o(.rrx_text), (6 bytes).
    Removing tm_stm32_disco.o(i.TM_DISCO_ButtonInit), (28 bytes).
    Removing tm_stm32_disco.o(i.TM_DISCO_ButtonOnPressed), (40 bytes).
    Removing tm_stm32_disco.o(i.TM_DISCO_ButtonOnReleased), (40 bytes).
    Removing tm_stm32_disco.o(.data), (1 bytes).
    Removing tm_stm32_lis302dl_lis3dsh.o(.rev16_text), (4 bytes).
    Removing tm_stm32_lis302dl_lis3dsh.o(.revsh_text), (4 bytes).
    Removing tm_stm32_lis302dl_lis3dsh.o(.rrx_text), (6 bytes).
    Removing tm_stm32_gpio.o(.rev16_text), (4 bytes).
    Removing tm_stm32_gpio.o(.revsh_text), (4 bytes).
    Removing tm_stm32_gpio.o(.rrx_text), (6 bytes).
    Removing tm_stm32_gpio.o(i.TM_GPIO_DeInit), (76 bytes).
    Removing tm_stm32_gpio.o(i.TM_GPIO_GetFreePins), (28 bytes).
    Removing tm_stm32_gpio.o(i.TM_GPIO_GetPinSource), (18 bytes).
    Removing tm_stm32_gpio.o(i.TM_GPIO_GetUsedPins), (24 bytes).
    Removing tm_stm32_gpio.o(i.TM_GPIO_INT_DisableClock), (24 bytes).
    Removing tm_stm32_gpio.o(i.TM_GPIO_Lock), (16 bytes).
    Removing tm_stm32_gpio.o(i.TM_GPIO_SetPinAsAlternate), (50 bytes).
    Removing tm_stm32_gpio.o(i.TM_GPIO_SetPinAsAnalog), (38 bytes).
    Removing tm_stm32_gpio.o(i.TM_GPIO_SetPinAsInput), (38 bytes).
    Removing tm_stm32_gpio.o(i.TM_GPIO_SetPinAsOutput), (44 bytes).
    Removing tm_stm32_gpio.o(i.TM_GPIO_SetPullResistor), (46 bytes).
    Removing tm_stm32_spi.o(.rev16_text), (4 bytes).
    Removing tm_stm32_spi.o(.revsh_text), (4 bytes).
    Removing tm_stm32_spi.o(.rrx_text), (6 bytes).
    Removing tm_stm32_spi.o(i.TM_SPI_GetPrescalerFromMaxFrequency), (60 bytes).
    Removing tm_stm32_spi.o(i.TM_SPI_InitFull), (80 bytes).
    Removing tm_stm32_spi.o(i.TM_SPI_InitWithMode), (76 bytes).
    Removing tm_stm32_spi.o(i.TM_SPI_ReadMulti16), (60 bytes).
    Removing tm_stm32_spi.o(i.TM_SPI_SendMulti), (52 bytes).
    Removing tm_stm32_spi.o(i.TM_SPI_SendMulti16), (52 bytes).
    Removing tm_stm32_spi.o(i.TM_SPI_SetDataSize), (44 bytes).
    Removing tm_stm32_spi.o(i.TM_SPI_WriteMulti16), (46 bytes).
    Removing system_stm32f4xx.o(.rev16_text), (4 bytes).
    Removing system_stm32f4xx.o(.revsh_text), (4 bytes).
    Removing system_stm32f4xx.o(.rrx_text), (6 bytes).
    Removing system_stm32f4xx.o(i.SystemCoreClockUpdate), (124 bytes).
    Removing system_stm32f4xx.o(.constdata), (8 bytes).
    Removing main.o(.rev16_text), (4 bytes).
    Removing main.o(.revsh_text), (4 bytes).
    Removing main.o(.rrx_text), (6 bytes).
    Removing main.o(i._Error_Handler), (2 bytes).
    Removing stm32f4xx_hal_msp.o(.rev16_text), (4 bytes).
    Removing stm32f4xx_hal_msp.o(.revsh_text), (4 bytes).
    Removing stm32f4xx_hal_msp.o(.rrx_text), (6 bytes).
    Removing stm32f4xx_hal_msp.o(i.HAL_SPI_MspDeInit), (40 bytes).
    Removing stm32f4xx_it.o(.rev16_text), (4 bytes).
    Removing stm32f4xx_it.o(.revsh_text), (4 bytes).
    Removing stm32f4xx_it.o(.rrx_text), (6 bytes).

283 unused section(s) (total 16091 bytes) removed from the image.

==============================================================================

Image Symbol Table

    Local Symbols

    Symbol Name                              Value     Ov Type        Size  Object(Section)

    ../Drivers/STM32F4xx_HAL_Driver/Src/stm32f4xx_hal.c 0x00000000   Number         0  stm32f4xx_hal.o ABSOLUTE
    ../Drivers/STM32F4xx_HAL_Driver/Src/stm32f4xx_hal_cortex.c 0x00000000   Number         0  stm32f4xx_hal_cortex.o ABSOLUTE
    ../Drivers/STM32F4xx_HAL_Driver/Src/stm32f4xx_hal_dma.c 0x00000000   Number         0  stm32f4xx_hal_dma.o ABSOLUTE
    ../Drivers/STM32F4xx_HAL_Driver/Src/stm32f4xx_hal_dma_ex.c 0x00000000   Number         0  stm32f4xx_hal_dma_ex.o ABSOLUTE
    ../Drivers/STM32F4xx_HAL_Driver/Src/stm32f4xx_hal_flash.c 0x00000000   Number         0  stm32f4xx_hal_flash.o ABSOLUTE
    ../Drivers/STM32F4xx_HAL_Driver/Src/stm32f4xx_hal_flash_ex.c 0x00000000   Number         0  stm32f4xx_hal_flash_ex.o ABSOLUTE
    ../Drivers/STM32F4xx_HAL_Driver/Src/stm32f4xx_hal_flash_ramfunc.c 0x00000000   Number         0  stm32f4xx_hal_flash_ramfunc.o ABSOLUTE
    ../Drivers/STM32F4xx_HAL_Driver/Src/stm32f4xx_hal_gpio.c 0x00000000   Number         0  stm32f4xx_hal_gpio.o ABSOLUTE
    ../Drivers/STM32F4xx_HAL_Driver/Src/stm32f4xx_hal_pwr.c 0x00000000   Number         0  stm32f4xx_hal_pwr.o ABSOLUTE
    ../Drivers/STM32F4xx_HAL_Driver/Src/stm32f4xx_hal_pwr_ex.c 0x00000000   Number         0  stm32f4xx_hal_pwr_ex.o ABSOLUTE
    ../Drivers/STM32F4xx_HAL_Driver/Src/stm32f4xx_hal_rcc.c 0x00000000   Number         0  stm32f4xx_hal_rcc.o ABSOLUTE
    ../Drivers/STM32F4xx_HAL_Driver/Src/stm32f4xx_hal_rcc_ex.c 0x00000000   Number         0  stm32f4xx_hal_rcc_ex.o ABSOLUTE
    ../Drivers/STM32F4xx_HAL_Driver/Src/stm32f4xx_hal_spi.c 0x00000000   Number         0  stm32f4xx_hal_spi.o ABSOLUTE
    ../Drivers/STM32F4xx_HAL_Driver/Src/stm32f4xx_hal_tim.c 0x00000000   Number         0  stm32f4xx_hal_tim.o ABSOLUTE
    ../Drivers/STM32F4xx_HAL_Driver/Src/stm32f4xx_hal_tim_ex.c 0x00000000   Number         0  stm32f4xx_hal_tim_ex.o ABSOLUTE
    ../Src/main.c                            0x00000000   Number         0  main.o ABSOLUTE
    ../Src/stm32f4xx_hal_msp.c               0x00000000   Number         0  stm32f4xx_hal_msp.o ABSOLUTE
    ../Src/stm32f4xx_it.c                    0x00000000   Number         0  stm32f4xx_it.o ABSOLUTE
    ../Src/system_stm32f4xx.c                0x00000000   Number         0  system_stm32f4xx.o ABSOLUTE
    ../clib/microlib/init/entry.s            0x00000000   Number         0  entry.o ABSOLUTE
    ../clib/microlib/init/entry.s            0x00000000   Number         0  entry11b.o ABSOLUTE
    ../clib/microlib/init/entry.s            0x00000000   Number         0  entry11a.o ABSOLUTE
    ../clib/microlib/init/entry.s            0x00000000   Number         0  entry10b.o ABSOLUTE
    ../clib/microlib/init/entry.s            0x00000000   Number         0  entry10a.o ABSOLUTE
    ../clib/microlib/init/entry.s            0x00000000   Number         0  entry8a.o ABSOLUTE
    ../clib/microlib/init/entry.s            0x00000000   Number         0  entry9b.o ABSOLUTE
    ../clib/microlib/init/entry.s            0x00000000   Number         0  entry8b.o ABSOLUTE
    ../clib/microlib/init/entry.s            0x00000000   Number         0  entry7b.o ABSOLUTE
    ../clib/microlib/init/entry.s            0x00000000   Number         0  entry7a.o ABSOLUTE
    ../clib/microlib/init/entry.s            0x00000000   Number         0  entry5.o ABSOLUTE
    ../clib/microlib/init/entry.s            0x00000000   Number         0  entry2.o ABSOLUTE
    ../clib/microlib/init/entry.s            0x00000000   Number         0  entry9a.o ABSOLUTE
    ../clib/microlib/malloc/malloc.c         0x00000000   Number         0  mallocr.o ABSOLUTE
    ../clib/microlib/malloc/malloc.c         0x00000000   Number         0  malloc.o ABSOLUTE
    ../clib/microlib/malloc/malloc.c         0x00000000   Number         0  malloca.o ABSOLUTE
    ../clib/microlib/malloc/malloc.c         0x00000000   Number         0  mallocra.o ABSOLUTE
    ../clib/microlib/malloc/mvars.c          0x00000000   Number         0  mvars.o ABSOLUTE
    ../clib/microlib/string/memcpy.c         0x00000000   Number         0  memcpya.o ABSOLUTE
    ../clib/microlib/string/memcpy.c         0x00000000   Number         0  memcpyb.o ABSOLUTE
    ..\..\..\..\..\lib\TM_lib\tm_stm32_delay.c 0x00000000   Number         0  tm_stm32_delay.o ABSOLUTE
    ..\..\..\..\..\lib\TM_lib\tm_stm32_disco.c 0x00000000   Number         0  tm_stm32_disco.o ABSOLUTE
    ..\..\..\..\..\lib\TM_lib\tm_stm32_gpio.c 0x00000000   Number         0  tm_stm32_gpio.o ABSOLUTE
    ..\..\..\..\..\lib\TM_lib\tm_stm32_lis302dl_lis3dsh.c 0x00000000   Number         0  tm_stm32_lis302dl_lis3dsh.o ABSOLUTE
    ..\..\..\..\..\lib\TM_lib\tm_stm32_spi.c 0x00000000   Number         0  tm_stm32_spi.o ABSOLUTE
    ..\Drivers\STM32F4xx_HAL_Driver\Src\stm32f4xx_hal.c 0x00000000   Number         0  stm32f4xx_hal.o ABSOLUTE
    ..\Drivers\STM32F4xx_HAL_Driver\Src\stm32f4xx_hal_cortex.c 0x00000000   Number         0  stm32f4xx_hal_cortex.o ABSOLUTE
    ..\Drivers\STM32F4xx_HAL_Driver\Src\stm32f4xx_hal_dma.c 0x00000000   Number         0  stm32f4xx_hal_dma.o ABSOLUTE
    ..\Drivers\STM32F4xx_HAL_Driver\Src\stm32f4xx_hal_dma_ex.c 0x00000000   Number         0  stm32f4xx_hal_dma_ex.o ABSOLUTE
    ..\Drivers\STM32F4xx_HAL_Driver\Src\stm32f4xx_hal_flash.c 0x00000000   Number         0  stm32f4xx_hal_flash.o ABSOLUTE
    ..\Drivers\STM32F4xx_HAL_Driver\Src\stm32f4xx_hal_flash_ex.c 0x00000000   Number         0  stm32f4xx_hal_flash_ex.o ABSOLUTE
    ..\Drivers\STM32F4xx_HAL_Driver\Src\stm32f4xx_hal_flash_ramfunc.c 0x00000000   Number         0  stm32f4xx_hal_flash_ramfunc.o ABSOLUTE
    ..\Drivers\STM32F4xx_HAL_Driver\Src\stm32f4xx_hal_gpio.c 0x00000000   Number         0  stm32f4xx_hal_gpio.o ABSOLUTE
    ..\Drivers\STM32F4xx_HAL_Driver\Src\stm32f4xx_hal_pwr.c 0x00000000   Number         0  stm32f4xx_hal_pwr.o ABSOLUTE
    ..\Drivers\STM32F4xx_HAL_Driver\Src\stm32f4xx_hal_pwr_ex.c 0x00000000   Number         0  stm32f4xx_hal_pwr_ex.o ABSOLUTE
    ..\Drivers\STM32F4xx_HAL_Driver\Src\stm32f4xx_hal_rcc.c 0x00000000   Number         0  stm32f4xx_hal_rcc.o ABSOLUTE
    ..\Drivers\STM32F4xx_HAL_Driver\Src\stm32f4xx_hal_rcc_ex.c 0x00000000   Number         0  stm32f4xx_hal_rcc_ex.o ABSOLUTE
    ..\Drivers\STM32F4xx_HAL_Driver\Src\stm32f4xx_hal_spi.c 0x00000000   Number         0  stm32f4xx_hal_spi.o ABSOLUTE
    ..\Drivers\STM32F4xx_HAL_Driver\Src\stm32f4xx_hal_tim.c 0x00000000   Number         0  stm32f4xx_hal_tim.o ABSOLUTE
    ..\Drivers\STM32F4xx_HAL_Driver\Src\stm32f4xx_hal_tim_ex.c 0x00000000   Number         0  stm32f4xx_hal_tim_ex.o ABSOLUTE
    ..\Src\main.c                            0x00000000   Number         0  main.o ABSOLUTE
    ..\Src\stm32f4xx_hal_msp.c               0x00000000   Number         0  stm32f4xx_hal_msp.o ABSOLUTE
    ..\Src\stm32f4xx_it.c                    0x00000000   Number         0  stm32f4xx_it.o ABSOLUTE
    ..\Src\system_stm32f4xx.c                0x00000000   Number         0  system_stm32f4xx.o ABSOLUTE
    ..\\..\\..\\..\\..\\lib\\TM_lib\\tm_stm32_delay.c 0x00000000   Number         0  tm_stm32_delay.o ABSOLUTE
    ..\\..\\..\\..\\..\\lib\\TM_lib\\tm_stm32_disco.c 0x00000000   Number         0  tm_stm32_disco.o ABSOLUTE
    ..\\..\\..\\..\\..\\lib\\TM_lib\\tm_stm32_gpio.c 0x00000000   Number         0  tm_stm32_gpio.o ABSOLUTE
    ..\\..\\..\\..\\..\\lib\\TM_lib\\tm_stm32_lis302dl_lis3dsh.c 0x00000000   Number         0  tm_stm32_lis302dl_lis3dsh.o ABSOLUTE
    ..\\..\\..\\..\\..\\lib\\TM_lib\\tm_stm32_spi.c 0x00000000   Number         0  tm_stm32_spi.o ABSOLUTE
    dc.s                                     0x00000000   Number         0  dc.o ABSOLUTE
    handlers.s                               0x00000000   Number         0  handlers.o ABSOLUTE
    init.s                                   0x00000000   Number         0  init.o ABSOLUTE
    startup_stm32f407xx.s                    0x00000000   Number         0  startup_stm32f407xx.o ABSOLUTE
    RESET                                    0x08000000   Section      392  startup_stm32f407xx.o(RESET)
    .ARM.Collect$$$$00000000                 0x08000188   Section        0  entry.o(.ARM.Collect$$$$00000000)
    .ARM.Collect$$$$00000001                 0x08000188   Section        4  entry2.o(.ARM.Collect$$$$00000001)
    .ARM.Collect$$$$00000004                 0x0800018c   Section        4  entry5.o(.ARM.Collect$$$$00000004)
    .ARM.Collect$$$$00000008                 0x08000190   Section        0  entry7b.o(.ARM.Collect$$$$00000008)
    .ARM.Collect$$$$0000000A                 0x08000190   Section        0  entry8b.o(.ARM.Collect$$$$0000000A)
    .ARM.Collect$$$$0000000B                 0x08000190   Section        8  entry9a.o(.ARM.Collect$$$$0000000B)
    .ARM.Collect$$$$0000000D                 0x08000198   Section        0  entry10a.o(.ARM.Collect$$$$0000000D)
    .ARM.Collect$$$$0000000F                 0x08000198   Section        0  entry11a.o(.ARM.Collect$$$$0000000F)
    .ARM.Collect$$$$00002712                 0x08000198   Section        4  entry2.o(.ARM.Collect$$$$00002712)
    __lit__00000000                          0x08000198   Data           4  entry2.o(.ARM.Collect$$$$00002712)
    .text                                    0x0800019c   Section       36  startup_stm32f407xx.o(.text)
    $v0                                      0x0800019c   Number         0  startup_stm32f407xx.o(.text)
    .text                                    0x080001c0   Section       36  init.o(.text)
    i.BusFault_Handler                       0x080001e4   Section        0  stm32f4xx_it.o(i.BusFault_Handler)
    i.DebugMon_Handler                       0x080001e6   Section        0  stm32f4xx_it.o(i.DebugMon_Handler)
    i.HAL_GPIO_Init                          0x080001e8   Section        0  stm32f4xx_hal_gpio.o(i.HAL_GPIO_Init)
    i.HAL_GetTick                            0x08000398   Section        0  tm_stm32_delay.o(i.HAL_GetTick)
    i.HAL_IncTick                            0x080003a4   Section        0  tm_stm32_delay.o(i.HAL_IncTick)
    i.HAL_Init                               0x0800040c   Section        0  stm32f4xx_hal.o(i.HAL_Init)
    i.HAL_InitTick                           0x08000440   Section        0  stm32f4xx_hal.o(i.HAL_InitTick)
    i.HAL_MspInit                            0x08000468   Section        0  stm32f4xx_hal_msp.o(i.HAL_MspInit)
    i.HAL_NVIC_SetPriority                   0x080004c0   Section        0  stm32f4xx_hal_cortex.o(i.HAL_NVIC_SetPriority)
    i.HAL_NVIC_SetPriorityGrouping           0x08000500   Section        0  stm32f4xx_hal_cortex.o(i.HAL_NVIC_SetPriorityGrouping)
    i.HAL_RCC_ClockConfig                    0x08000524   Section        0  stm32f4xx_hal_rcc.o(i.HAL_RCC_ClockConfig)
    i.HAL_RCC_GetHCLKFreq                    0x080006a0   Section        0  stm32f4xx_hal_rcc.o(i.HAL_RCC_GetHCLKFreq)
    i.HAL_RCC_GetSysClockFreq                0x080006ac   Section        0  stm32f4xx_hal_rcc.o(i.HAL_RCC_GetSysClockFreq)
    i.HAL_RCC_OscConfig                      0x08000720   Section        0  stm32f4xx_hal_rcc.o(i.HAL_RCC_OscConfig)
    i.HAL_SPI_Init                           0x08000a34   Section        0  stm32f4xx_hal_spi.o(i.HAL_SPI_Init)
    i.HAL_SPI_MspInit                        0x08000ab4   Section        0  stm32f4xx_hal_msp.o(i.HAL_SPI_MspInit)
    i.HAL_SYSTICK_CLKSourceConfig            0x08000b00   Section        0  stm32f4xx_hal_cortex.o(i.HAL_SYSTICK_CLKSourceConfig)
    i.HAL_SYSTICK_Callback                   0x08000b18   Section        0  stm32f4xx_hal_cortex.o(i.HAL_SYSTICK_Callback)
    i.HAL_SYSTICK_Config                     0x08000b1a   Section        0  stm32f4xx_hal_cortex.o(i.HAL_SYSTICK_Config)
    i.HAL_SYSTICK_IRQHandler                 0x08000b42   Section        0  stm32f4xx_hal_cortex.o(i.HAL_SYSTICK_IRQHandler)
    i.HardFault_Handler                      0x08000b4a   Section        0  stm32f4xx_it.o(i.HardFault_Handler)
    i.MX_SPI1_Init                           0x08000b4c   Section        0  main.o(i.MX_SPI1_Init)
    MX_SPI1_Init                             0x08000b4d   Thumb Code    54  main.o(i.MX_SPI1_Init)
    i.MemManage_Handler                      0x08000b8c   Section        0  stm32f4xx_it.o(i.MemManage_Handler)
    i.NMI_Handler                            0x08000b8e   Section        0  stm32f4xx_it.o(i.NMI_Handler)
    i.NVIC_SetPriority                       0x08000b90   Section        0  stm32f4xx_hal_cortex.o(i.NVIC_SetPriority)
    NVIC_SetPriority                         0x08000b91   Thumb Code    32  stm32f4xx_hal_cortex.o(i.NVIC_SetPriority)
    i.PendSV_Handler                         0x08000bb0   Section        0  stm32f4xx_it.o(i.PendSV_Handler)
    i.SVC_Handler                            0x08000bb2   Section        0  stm32f4xx_it.o(i.SVC_Handler)
    i.SysTick_Handler                        0x08000bb4   Section        0  stm32f4xx_it.o(i.SysTick_Handler)
    i.SystemClock_Config                     0x08000bc4   Section        0  main.o(i.SystemClock_Config)
    i.SystemInit                             0x08000c64   Section        0  system_stm32f4xx.o(i.SystemInit)
    i.TM_DELAY_1msHandler                    0x08000cb8   Section        0  tm_stm32_delay.o(i.TM_DELAY_1msHandler)
    i.TM_DELAY_Init                          0x08000cbc   Section        0  tm_stm32_delay.o(i.TM_DELAY_Init)
    i.TM_DISCO_LedInit                       0x08000cf8   Section        0  tm_stm32_disco.o(i.TM_DISCO_LedInit)
    i.TM_GPIO_GetPortSource                  0x08000d20   Section        0  tm_stm32_gpio.o(i.TM_GPIO_GetPortSource)
    i.TM_GPIO_INT_EnableClock                0x08000d30   Section        0  tm_stm32_gpio.o(i.TM_GPIO_INT_EnableClock)
    i.TM_GPIO_INT_Init                       0x08000d48   Section        0  tm_stm32_gpio.o(i.TM_GPIO_INT_Init)
    i.TM_GPIO_Init                           0x08000de8   Section        0  tm_stm32_gpio.o(i.TM_GPIO_Init)
    i.TM_GPIO_InitAlternate                  0x08000e10   Section        0  tm_stm32_gpio.o(i.TM_GPIO_InitAlternate)
    i.TM_LIS302DL_INT_ReadAxes               0x08000e70   Section        0  tm_stm32_lis302dl_lis3dsh.o(i.TM_LIS302DL_INT_ReadAxes)
    i.TM_LIS302DL_LIS3DSH_Detect             0x08000efc   Section        0  tm_stm32_lis302dl_lis3dsh.o(i.TM_LIS302DL_LIS3DSH_Detect)
    i.TM_LIS302DL_LIS3DSH_INT_Delay          0x08000f38   Section        0  tm_stm32_lis302dl_lis3dsh.o(i.TM_LIS302DL_LIS3DSH_INT_Delay)
    i.TM_LIS302DL_LIS3DSH_INT_InitLIS302DL   0x08000f44   Section        0  tm_stm32_lis302dl_lis3dsh.o(i.TM_LIS302DL_LIS3DSH_INT_InitLIS302DL)
    i.TM_LIS302DL_LIS3DSH_INT_InitLIS3DSH    0x08000fec   Section        0  tm_stm32_lis302dl_lis3dsh.o(i.TM_LIS302DL_LIS3DSH_INT_InitLIS3DSH)
    i.TM_LIS302DL_LIS3DSH_INT_InitPins       0x08001080   Section        0  tm_stm32_lis302dl_lis3dsh.o(i.TM_LIS302DL_LIS3DSH_INT_InitPins)
    i.TM_LIS302DL_LIS3DSH_INT_ReadSPI        0x080010bc   Section        0  tm_stm32_lis302dl_lis3dsh.o(i.TM_LIS302DL_LIS3DSH_INT_ReadSPI)
    i.TM_LIS302DL_LIS3DSH_INT_WriteSPI       0x080010fc   Section        0  tm_stm32_lis302dl_lis3dsh.o(i.TM_LIS302DL_LIS3DSH_INT_WriteSPI)
    i.TM_LIS302DL_LIS3DSH_Init               0x08001144   Section        0  tm_stm32_lis302dl_lis3dsh.o(i.TM_LIS302DL_LIS3DSH_Init)
    i.TM_LIS302DL_LIS3DSH_ReadAxes           0x08001188   Section        0  tm_stm32_lis302dl_lis3dsh.o(i.TM_LIS302DL_LIS3DSH_ReadAxes)
    i.TM_LIS3DSH_INT_ReadAxes                0x080011b0   Section        0  tm_stm32_lis302dl_lis3dsh.o(i.TM_LIS3DSH_INT_ReadAxes)
    i.TM_SPI1_INT_InitPins                   0x08001274   Section        0  tm_stm32_spi.o(i.TM_SPI1_INT_InitPins)
    i.TM_SPI2_INT_InitPins                   0x080012b8   Section        0  tm_stm32_spi.o(i.TM_SPI2_INT_InitPins)
    i.TM_SPI3_INT_InitPins                   0x08001348   Section        0  tm_stm32_spi.o(i.TM_SPI3_INT_InitPins)
    i.TM_SPI_Init                            0x08001390   Section        0  tm_stm32_spi.o(i.TM_SPI_Init)
    i.TM_SPI_InitCustomPinsCallback          0x080013dc   Section        0  tm_stm32_spi.o(i.TM_SPI_InitCustomPinsCallback)
    i.TM_SPI_ReadMulti                       0x080013de   Section        0  tm_stm32_spi.o(i.TM_SPI_ReadMulti)
    i.TM_SPI_Send                            0x0800140e   Section        0  tm_stm32_lis302dl_lis3dsh.o(i.TM_SPI_Send)
    TM_SPI_Send                              0x0800140f   Thumb Code    42  tm_stm32_lis302dl_lis3dsh.o(i.TM_SPI_Send)
    i.TM_SPI_WriteMulti                      0x08001438   Section        0  tm_stm32_spi.o(i.TM_SPI_WriteMulti)
    i.TM_SPIx_Init                           0x08001468   Section        0  tm_stm32_spi.o(i.TM_SPIx_Init)
    TM_SPIx_Init                             0x08001469   Thumb Code   218  tm_stm32_spi.o(i.TM_SPIx_Init)
    i.UsageFault_Handler                     0x08001554   Section        0  stm32f4xx_it.o(i.UsageFault_Handler)
    i.__scatterload_copy                     0x08001556   Section       14  handlers.o(i.__scatterload_copy)
    i.__scatterload_null                     0x08001564   Section        2  handlers.o(i.__scatterload_null)
    i.__scatterload_zeroinit                 0x08001566   Section       14  handlers.o(i.__scatterload_zeroinit)
    i.main                                   0x08001574   Section        0  main.o(i.main)
    .constdata                               0x0800163c   Section       16  system_stm32f4xx.o(.constdata)
    .data                                    0x20000000   Section        8  tm_stm32_delay.o(.data)
    .data                                    0x20000008   Section        8  tm_stm32_lis302dl_lis3dsh.o(.data)
    initialized                              0x20000009   Data           1  tm_stm32_lis302dl_lis3dsh.o(.data)
    .data                                    0x20000010   Section        4  system_stm32f4xx.o(.data)
    .bss                                     0x20000014   Section       24  tm_stm32_delay.o(.bss)
    CustomTimers                             0x20000014   Data          24  tm_stm32_delay.o(.bss)
    .bss                                     0x2000002c   Section       26  tm_stm32_gpio.o(.bss)
    GPIO_UsedPins                            0x2000002c   Data          26  tm_stm32_gpio.o(.bss)
    .bss                                     0x20000048   Section       88  main.o(.bss)
    STACK                                    0x200000a0   Section     1024  startup_stm32f407xx.o(STACK)

    Global Symbols

    Symbol Name                              Value     Ov Type        Size  Object(Section)

    BuildAttributes$$THM_ISAv4$E$P$D$K$B$S$7EM$VFPi3$EXTD16$VFPS$VFMA$PE$A:L22UL41UL21$X:L11$S22US41US21$IEEE1$IW$USESV6$~STKCKD$USESV7$~SHL$OSPACE$EBA8$MICROLIB$REQ8$PRES8$EABIv2 0x00000000   Number         0  anon$$obj.o ABSOLUTE
    __ARM_use_no_argv                        0x00000000   Number         0  main.o ABSOLUTE
    __cpp_initialize__aeabi_                  - Undefined Weak Reference
    __cxa_finalize                            - Undefined Weak Reference
    __decompress                              - Undefined Weak Reference
    _clock_init                               - Undefined Weak Reference
    _microlib_exit                            - Undefined Weak Reference
    __Vectors_Size                           0x00000188   Number         0  startup_stm32f407xx.o ABSOLUTE
    __Vectors                                0x08000000   Data           4  startup_stm32f407xx.o(RESET)
    __Vectors_End                            0x08000188   Data           0  startup_stm32f407xx.o(RESET)
    __main                                   0x08000189   Thumb Code     0  entry.o(.ARM.Collect$$$$00000000)
    _main_stk                                0x08000189   Thumb Code     0  entry2.o(.ARM.Collect$$$$00000001)
    _main_scatterload                        0x0800018d   Thumb Code     0  entry5.o(.ARM.Collect$$$$00000004)
    __main_after_scatterload                 0x08000191   Thumb Code     0  entry5.o(.ARM.Collect$$$$00000004)
    _main_clock                              0x08000191   Thumb Code     0  entry7b.o(.ARM.Collect$$$$00000008)
    _main_cpp_init                           0x08000191   Thumb Code     0  entry8b.o(.ARM.Collect$$$$0000000A)
    _main_init                               0x08000191   Thumb Code     0  entry9a.o(.ARM.Collect$$$$0000000B)
    __rt_final_cpp                           0x08000199   Thumb Code     0  entry10a.o(.ARM.Collect$$$$0000000D)
    __rt_final_exit                          0x08000199   Thumb Code     0  entry11a.o(.ARM.Collect$$$$0000000F)
    Reset_Handler                            0x0800019d   Thumb Code     8  startup_stm32f407xx.o(.text)
    ADC_IRQHandler                           0x080001b7   Thumb Code     0  startup_stm32f407xx.o(.text)
    CAN1_RX0_IRQHandler                      0x080001b7   Thumb Code     0  startup_stm32f407xx.o(.text)
    CAN1_RX1_IRQHandler                      0x080001b7   Thumb Code     0  startup_stm32f407xx.o(.text)
    CAN1_SCE_IRQHandler                      0x080001b7   Thumb Code     0  startup_stm32f407xx.o(.text)
    CAN1_TX_IRQHandler                       0x080001b7   Thumb Code     0  startup_stm32f407xx.o(.text)
    CAN2_RX0_IRQHandler                      0x080001b7   Thumb Code     0  startup_stm32f407xx.o(.text)
    CAN2_RX1_IRQHandler                      0x080001b7   Thumb Code     0  startup_stm32f407xx.o(.text)
    CAN2_SCE_IRQHandler                      0x080001b7   Thumb Code     0  startup_stm32f407xx.o(.text)
    CAN2_TX_IRQHandler                       0x080001b7   Thumb Code     0  startup_stm32f407xx.o(.text)
    DCMI_IRQHandler                          0x080001b7   Thumb Code     0  startup_stm32f407xx.o(.text)
    DMA1_Stream0_IRQHandler                  0x080001b7   Thumb Code     0  startup_stm32f407xx.o(.text)
    DMA1_Stream1_IRQHandler                  0x080001b7   Thumb Code     0  startup_stm32f407xx.o(.text)
    DMA1_Stream2_IRQHandler                  0x080001b7   Thumb Code     0  startup_stm32f407xx.o(.text)
    DMA1_Stream3_IRQHandler                  0x080001b7   Thumb Code     0  startup_stm32f407xx.o(.text)
    DMA1_Stream4_IRQHandler                  0x080001b7   Thumb Code     0  startup_stm32f407xx.o(.text)
    DMA1_Stream5_IRQHandler                  0x080001b7   Thumb Code     0  startup_stm32f407xx.o(.text)
    DMA1_Stream6_IRQHandler                  0x080001b7   Thumb Code     0  startup_stm32f407xx.o(.text)
    DMA1_Stream7_IRQHandler                  0x080001b7   Thumb Code     0  startup_stm32f407xx.o(.text)
    DMA2_Stream0_IRQHandler                  0x080001b7   Thumb Code     0  startup_stm32f407xx.o(.text)
    DMA2_Stream1_IRQHandler                  0x080001b7   Thumb Code     0  startup_stm32f407xx.o(.text)
    DMA2_Stream2_IRQHandler                  0x080001b7   Thumb Code     0  startup_stm32f407xx.o(.text)
    DMA2_Stream3_IRQHandler                  0x080001b7   Thumb Code     0  startup_stm32f407xx.o(.text)
    DMA2_Stream4_IRQHandler                  0x080001b7   Thumb Code     0  startup_stm32f407xx.o(.text)
    DMA2_Stream5_IRQHandler                  0x080001b7   Thumb Code     0  startup_stm32f407xx.o(.text)
    DMA2_Stream6_IRQHandler                  0x080001b7   Thumb Code     0  startup_stm32f407xx.o(.text)
    DMA2_Stream7_IRQHandler                  0x080001b7   Thumb Code     0  startup_stm32f407xx.o(.text)
    ETH_IRQHandler                           0x080001b7   Thumb Code     0  startup_stm32f407xx.o(.text)
    ETH_WKUP_IRQHandler                      0x080001b7   Thumb Code     0  startup_stm32f407xx.o(.text)
    EXTI0_IRQHandler                         0x080001b7   Thumb Code     0  startup_stm32f407xx.o(.text)
    EXTI15_10_IRQHandler                     0x080001b7   Thumb Code     0  startup_stm32f407xx.o(.text)
    EXTI1_IRQHandler                         0x080001b7   Thumb Code     0  startup_stm32f407xx.o(.text)
    EXTI2_IRQHandler                         0x080001b7   Thumb Code     0  startup_stm32f407xx.o(.text)
    EXTI3_IRQHandler                         0x080001b7   Thumb Code     0  startup_stm32f407xx.o(.text)
    EXTI4_IRQHandler                         0x080001b7   Thumb Code     0  startup_stm32f407xx.o(.text)
    EXTI9_5_IRQHandler                       0x080001b7   Thumb Code     0  startup_stm32f407xx.o(.text)
    FLASH_IRQHandler                         0x080001b7   Thumb Code     0  startup_stm32f407xx.o(.text)
    FMC_IRQHandler                           0x080001b7   Thumb Code     0  startup_stm32f407xx.o(.text)
    FPU_IRQHandler                           0x080001b7   Thumb Code     0  startup_stm32f407xx.o(.text)
    HASH_RNG_IRQHandler                      0x080001b7   Thumb Code     0  startup_stm32f407xx.o(.text)
    I2C1_ER_IRQHandler                       0x080001b7   Thumb Code     0  startup_stm32f407xx.o(.text)
    I2C1_EV_IRQHandler                       0x080001b7   Thumb Code     0  startup_stm32f407xx.o(.text)
    I2C2_ER_IRQHandler                       0x080001b7   Thumb Code     0  startup_stm32f407xx.o(.text)
    I2C2_EV_IRQHandler                       0x080001b7   Thumb Code     0  startup_stm32f407xx.o(.text)
    I2C3_ER_IRQHandler                       0x080001b7   Thumb Code     0  startup_stm32f407xx.o(.text)
    I2C3_EV_IRQHandler                       0x080001b7   Thumb Code     0  startup_stm32f407xx.o(.text)
    OTG_FS_IRQHandler                        0x080001b7   Thumb Code     0  startup_stm32f407xx.o(.text)
    OTG_FS_WKUP_IRQHandler                   0x080001b7   Thumb Code     0  startup_stm32f407xx.o(.text)
    OTG_HS_EP1_IN_IRQHandler                 0x080001b7   Thumb Code     0  startup_stm32f407xx.o(.text)
    OTG_HS_EP1_OUT_IRQHandler                0x080001b7   Thumb Code     0  startup_stm32f407xx.o(.text)
    OTG_HS_IRQHandler                        0x080001b7   Thumb Code     0  startup_stm32f407xx.o(.text)
    OTG_HS_WKUP_IRQHandler                   0x080001b7   Thumb Code     0  startup_stm32f407xx.o(.text)
    PVD_IRQHandler                           0x080001b7   Thumb Code     0  startup_stm32f407xx.o(.text)
    RCC_IRQHandler                           0x080001b7   Thumb Code     0  startup_stm32f407xx.o(.text)
    RTC_Alarm_IRQHandler                     0x080001b7   Thumb Code     0  startup_stm32f407xx.o(.text)
    RTC_WKUP_IRQHandler                      0x080001b7   Thumb Code     0  startup_stm32f407xx.o(.text)
    SDIO_IRQHandler                          0x080001b7   Thumb Code     0  startup_stm32f407xx.o(.text)
    SPI1_IRQHandler                          0x080001b7   Thumb Code     0  startup_stm32f407xx.o(.text)
    SPI2_IRQHandler                          0x080001b7   Thumb Code     0  startup_stm32f407xx.o(.text)
    SPI3_IRQHandler                          0x080001b7   Thumb Code     0  startup_stm32f407xx.o(.text)
    TAMP_STAMP_IRQHandler                    0x080001b7   Thumb Code     0  startup_stm32f407xx.o(.text)
    TIM1_BRK_TIM9_IRQHandler                 0x080001b7   Thumb Code     0  startup_stm32f407xx.o(.text)
    TIM1_CC_IRQHandler                       0x080001b7   Thumb Code     0  startup_stm32f407xx.o(.text)
    TIM1_TRG_COM_TIM11_IRQHandler            0x080001b7   Thumb Code     0  startup_stm32f407xx.o(.text)
    TIM1_UP_TIM10_IRQHandler                 0x080001b7   Thumb Code     0  startup_stm32f407xx.o(.text)
    TIM2_IRQHandler                          0x080001b7   Thumb Code     0  startup_stm32f407xx.o(.text)
    TIM3_IRQHandler                          0x080001b7   Thumb Code     0  startup_stm32f407xx.o(.text)
    TIM4_IRQHandler                          0x080001b7   Thumb Code     0  startup_stm32f407xx.o(.text)
    TIM5_IRQHandler                          0x080001b7   Thumb Code     0  startup_stm32f407xx.o(.text)
    TIM6_DAC_IRQHandler                      0x080001b7   Thumb Code     0  startup_stm32f407xx.o(.text)
    TIM7_IRQHandler                          0x080001b7   Thumb Code     0  startup_stm32f407xx.o(.text)
    TIM8_BRK_TIM12_IRQHandler                0x080001b7   Thumb Code     0  startup_stm32f407xx.o(.text)
    TIM8_CC_IRQHandler                       0x080001b7   Thumb Code     0  startup_stm32f407xx.o(.text)
    TIM8_TRG_COM_TIM14_IRQHandler            0x080001b7   Thumb Code     0  startup_stm32f407xx.o(.text)
    TIM8_UP_TIM13_IRQHandler                 0x080001b7   Thumb Code     0  startup_stm32f407xx.o(.text)
    UART4_IRQHandler                         0x080001b7   Thumb Code     0  startup_stm32f407xx.o(.text)
    UART5_IRQHandler                         0x080001b7   Thumb Code     0  startup_stm32f407xx.o(.text)
    USART1_IRQHandler                        0x080001b7   Thumb Code     0  startup_stm32f407xx.o(.text)
    USART2_IRQHandler                        0x080001b7   Thumb Code     0  startup_stm32f407xx.o(.text)
    USART3_IRQHandler                        0x080001b7   Thumb Code     0  startup_stm32f407xx.o(.text)
    USART6_IRQHandler                        0x080001b7   Thumb Code     0  startup_stm32f407xx.o(.text)
    WWDG_IRQHandler                          0x080001b7   Thumb Code     0  startup_stm32f407xx.o(.text)
    __scatterload                            0x080001c1   Thumb Code    28  init.o(.text)
    __scatterload_rt2                        0x080001c1   Thumb Code     0  init.o(.text)
    BusFault_Handler                         0x080001e5   Thumb Code     2  stm32f4xx_it.o(i.BusFault_Handler)
    DebugMon_Handler                         0x080001e7   Thumb Code     2  stm32f4xx_it.o(i.DebugMon_Handler)
    HAL_GPIO_Init                            0x080001e9   Thumb Code   388  stm32f4xx_hal_gpio.o(i.HAL_GPIO_Init)
    HAL_GetTick                              0x08000399   Thumb Code     6  tm_stm32_delay.o(i.HAL_GetTick)
    HAL_IncTick                              0x080003a5   Thumb Code    96  tm_stm32_delay.o(i.HAL_IncTick)
    HAL_Init                                 0x0800040d   Thumb Code    48  stm32f4xx_hal.o(i.HAL_Init)
    HAL_InitTick                             0x08000441   Thumb Code    34  stm32f4xx_hal.o(i.HAL_InitTick)
    HAL_MspInit                              0x08000469   Thumb Code    88  stm32f4xx_hal_msp.o(i.HAL_MspInit)
    HAL_NVIC_SetPriority                     0x080004c1   Thumb Code    60  stm32f4xx_hal_cortex.o(i.HAL_NVIC_SetPriority)
    HAL_NVIC_SetPriorityGrouping             0x08000501   Thumb Code    26  stm32f4xx_hal_cortex.o(i.HAL_NVIC_SetPriorityGrouping)
    HAL_RCC_ClockConfig                      0x08000525   Thumb Code   364  stm32f4xx_hal_rcc.o(i.HAL_RCC_ClockConfig)
    HAL_RCC_GetHCLKFreq                      0x080006a1   Thumb Code     6  stm32f4xx_hal_rcc.o(i.HAL_RCC_GetHCLKFreq)
    HAL_RCC_GetSysClockFreq                  0x080006ad   Thumb Code   104  stm32f4xx_hal_rcc.o(i.HAL_RCC_GetSysClockFreq)
    HAL_RCC_OscConfig                        0x08000721   Thumb Code   770  stm32f4xx_hal_rcc.o(i.HAL_RCC_OscConfig)
    HAL_SPI_Init                             0x08000a35   Thumb Code   128  stm32f4xx_hal_spi.o(i.HAL_SPI_Init)
    HAL_SPI_MspInit                          0x08000ab5   Thumb Code    62  stm32f4xx_hal_msp.o(i.HAL_SPI_MspInit)
    HAL_SYSTICK_CLKSourceConfig              0x08000b01   Thumb Code    24  stm32f4xx_hal_cortex.o(i.HAL_SYSTICK_CLKSourceConfig)
    HAL_SYSTICK_Callback                     0x08000b19   Thumb Code     2  stm32f4xx_hal_cortex.o(i.HAL_SYSTICK_Callback)
    HAL_SYSTICK_Config                       0x08000b1b   Thumb Code    40  stm32f4xx_hal_cortex.o(i.HAL_SYSTICK_Config)
    HAL_SYSTICK_IRQHandler                   0x08000b43   Thumb Code     8  stm32f4xx_hal_cortex.o(i.HAL_SYSTICK_IRQHandler)
    HardFault_Handler                        0x08000b4b   Thumb Code     2  stm32f4xx_it.o(i.HardFault_Handler)
    MemManage_Handler                        0x08000b8d   Thumb Code     2  stm32f4xx_it.o(i.MemManage_Handler)
    NMI_Handler                              0x08000b8f   Thumb Code     2  stm32f4xx_it.o(i.NMI_Handler)
    PendSV_Handler                           0x08000bb1   Thumb Code     2  stm32f4xx_it.o(i.PendSV_Handler)
    SVC_Handler                              0x08000bb3   Thumb Code     2  stm32f4xx_it.o(i.SVC_Handler)
    SysTick_Handler                          0x08000bb5   Thumb Code    14  stm32f4xx_it.o(i.SysTick_Handler)
    SystemClock_Config                       0x08000bc5   Thumb Code   150  main.o(i.SystemClock_Config)
    SystemInit                               0x08000c65   Thumb Code    66  system_stm32f4xx.o(i.SystemInit)
    TM_DELAY_1msHandler                      0x08000cb9   Thumb Code     2  tm_stm32_delay.o(i.TM_DELAY_1msHandler)
    TM_DELAY_Init                            0x08000cbd   Thumb Code    52  tm_stm32_delay.o(i.TM_DELAY_Init)
    TM_DISCO_LedInit                         0x08000cf9   Thumb Code    36  tm_stm32_disco.o(i.TM_DISCO_LedInit)
    TM_GPIO_GetPortSource                    0x08000d21   Thumb Code    10  tm_stm32_gpio.o(i.TM_GPIO_GetPortSource)
    TM_GPIO_INT_EnableClock                  0x08000d31   Thumb Code    20  tm_stm32_gpio.o(i.TM_GPIO_INT_EnableClock)
    TM_GPIO_INT_Init                         0x08000d49   Thumb Code   154  tm_stm32_gpio.o(i.TM_GPIO_INT_Init)
    TM_GPIO_Init                             0x08000de9   Thumb Code    38  tm_stm32_gpio.o(i.TM_GPIO_Init)
    TM_GPIO_InitAlternate                    0x08000e11   Thumb Code    96  tm_stm32_gpio.o(i.TM_GPIO_InitAlternate)
    TM_LIS302DL_INT_ReadAxes                 0x08000e71   Thumb Code   134  tm_stm32_lis302dl_lis3dsh.o(i.TM_LIS302DL_INT_ReadAxes)
    TM_LIS302DL_LIS3DSH_Detect               0x08000efd   Thumb Code    54  tm_stm32_lis302dl_lis3dsh.o(i.TM_LIS302DL_LIS3DSH_Detect)
    TM_LIS302DL_LIS3DSH_INT_Delay            0x08000f39   Thumb Code     8  tm_stm32_lis302dl_lis3dsh.o(i.TM_LIS302DL_LIS3DSH_INT_Delay)
    TM_LIS302DL_LIS3DSH_INT_InitLIS302DL     0x08000f45   Thumb Code   158  tm_stm32_lis302dl_lis3dsh.o(i.TM_LIS302DL_LIS3DSH_INT_InitLIS302DL)
    TM_LIS302DL_LIS3DSH_INT_InitLIS3DSH      0x08000fed   Thumb Code   124  tm_stm32_lis302dl_lis3dsh.o(i.TM_LIS302DL_LIS3DSH_INT_InitLIS3DSH)
    TM_LIS302DL_LIS3DSH_INT_InitPins         0x08001081   Thumb Code    46  tm_stm32_lis302dl_lis3dsh.o(i.TM_LIS302DL_LIS3DSH_INT_InitPins)
    TM_LIS302DL_LIS3DSH_INT_ReadSPI          0x080010bd   Thumb Code    56  tm_stm32_lis302dl_lis3dsh.o(i.TM_LIS302DL_LIS3DSH_INT_ReadSPI)
    TM_LIS302DL_LIS3DSH_INT_WriteSPI         0x080010fd   Thumb Code    58  tm_stm32_lis302dl_lis3dsh.o(i.TM_LIS302DL_LIS3DSH_INT_WriteSPI)
    TM_LIS302DL_LIS3DSH_Init                 0x08001145   Thumb Code    62  tm_stm32_lis302dl_lis3dsh.o(i.TM_LIS302DL_LIS3DSH_Init)
    TM_LIS302DL_LIS3DSH_ReadAxes             0x08001189   Thumb Code    34  tm_stm32_lis302dl_lis3dsh.o(i.TM_LIS302DL_LIS3DSH_ReadAxes)
    TM_LIS3DSH_INT_ReadAxes                  0x080011b1   Thumb Code   190  tm_stm32_lis302dl_lis3dsh.o(i.TM_LIS3DSH_INT_ReadAxes)
    TM_SPI1_INT_InitPins                     0x08001275   Thumb Code    56  tm_stm32_spi.o(i.TM_SPI1_INT_InitPins)
    TM_SPI2_INT_InitPins                     0x080012b9   Thumb Code   126  tm_stm32_spi.o(i.TM_SPI2_INT_InitPins)
    TM_SPI3_INT_InitPins                     0x08001349   Thumb Code    58  tm_stm32_spi.o(i.TM_SPI3_INT_InitPins)
    TM_SPI_Init                              0x08001391   Thumb Code    64  tm_stm32_spi.o(i.TM_SPI_Init)
    TM_SPI_InitCustomPinsCallback            0x080013dd   Thumb Code     2  tm_stm32_spi.o(i.TM_SPI_InitCustomPinsCallback)
    TM_SPI_ReadMulti                         0x080013df   Thumb Code    48  tm_stm32_spi.o(i.TM_SPI_ReadMulti)
    TM_SPI_WriteMulti                        0x08001439   Thumb Code    46  tm_stm32_spi.o(i.TM_SPI_WriteMulti)
    UsageFault_Handler                       0x08001555   Thumb Code     2  stm32f4xx_it.o(i.UsageFault_Handler)
    __scatterload_copy                       0x08001557   Thumb Code    14  handlers.o(i.__scatterload_copy)
    __scatterload_null                       0x08001565   Thumb Code     2  handlers.o(i.__scatterload_null)
    __scatterload_zeroinit                   0x08001567   Thumb Code    14  handlers.o(i.__scatterload_zeroinit)
    main                                     0x08001575   Thumb Code   190  main.o(i.main)
    AHBPrescTable                            0x0800163c   Data          16  system_stm32f4xx.o(.constdata)
    Region$$Table$$Base                      0x0800164c   Number         0  anon$$obj.o(Region$$Table)
    Region$$Table$$Limit                     0x0800166c   Number         0  anon$$obj.o(Region$$Table)
    TM_Time2                                 0x20000000   Data           4  tm_stm32_delay.o(.data)
    TM_Time                                  0x20000004   Data           4  tm_stm32_delay.o(.data)
    TM_LIS302DL_LIS3DSH_INT_Device           0x20000008   Data           1  tm_stm32_lis302dl_lis3dsh.o(.data)
    TM_LIS3DSH_INT_Sensitivity               0x2000000c   Data           4  tm_stm32_lis302dl_lis3dsh.o(.data)
    SystemCoreClock                          0x20000010   Data           4  system_stm32f4xx.o(.data)
    hspi1                                    0x20000048   Data          88  main.o(.bss)
    __initial_sp                             0x200004a0   Data           0  startup_stm32f407xx.o(STACK)



==============================================================================

Memory Map of the image

  Image Entry point : 0x08000189

  Load Region LR_IROM1 (Base: 0x08000000, Size: 0x00001680, Max: 0x00100000, ABSOLUTE)

    Execution Region ER_IROM1 (Exec base: 0x08000000, Load base: 0x08000000, Size: 0x0000166c, Max: 0x00100000, ABSOLUTE)

    Exec Addr    Load Addr    Size         Type   Attr      Idx    E Section Name        Object

    0x08000000   0x08000000   0x00000188   Data   RO            3    RESET               startup_stm32f407xx.o
    0x08000188   0x08000188   0x00000000   Code   RO         2157  * .ARM.Collect$$$$00000000  mc_w.l(entry.o)
    0x08000188   0x08000188   0x00000004   Code   RO         2188    .ARM.Collect$$$$00000001  mc_w.l(entry2.o)
    0x0800018c   0x0800018c   0x00000004   Code   RO         2191    .ARM.Collect$$$$00000004  mc_w.l(entry5.o)
    0x08000190   0x08000190   0x00000000   Code   RO         2193    .ARM.Collect$$$$00000008  mc_w.l(entry7b.o)
    0x08000190   0x08000190   0x00000000   Code   RO         2195    .ARM.Collect$$$$0000000A  mc_w.l(entry8b.o)
    0x08000190   0x08000190   0x00000008   Code   RO         2196    .ARM.Collect$$$$0000000B  mc_w.l(entry9a.o)
    0x08000198   0x08000198   0x00000000   Code   RO         2198    .ARM.Collect$$$$0000000D  mc_w.l(entry10a.o)
    0x08000198   0x08000198   0x00000000   Code   RO         2200    .ARM.Collect$$$$0000000F  mc_w.l(entry11a.o)
    0x08000198   0x08000198   0x00000004   Code   RO         2189    .ARM.Collect$$$$00002712  mc_w.l(entry2.o)
    0x0800019c   0x0800019c   0x00000024   Code   RO            4    .text               startup_stm32f407xx.o
    0x080001c0   0x080001c0   0x00000024   Code   RO         2208    .text               mc_w.l(init.o)
    0x080001e4   0x080001e4   0x00000002   Code   RO         2085    i.BusFault_Handler  stm32f4xx_it.o
    0x080001e6   0x080001e6   0x00000002   Code   RO         2086    i.DebugMon_Handler  stm32f4xx_it.o
    0x080001e8   0x080001e8   0x000001b0   Code   RO         1406    i.HAL_GPIO_Init     stm32f4xx_hal_gpio.o
    0x08000398   0x08000398   0x0000000c   Code   RO         1470    i.HAL_GetTick       tm_stm32_delay.o
    0x080003a4   0x080003a4   0x00000068   Code   RO         1471    i.HAL_IncTick       tm_stm32_delay.o
    0x0800040c   0x0800040c   0x00000034   Code   RO          536    i.HAL_Init          stm32f4xx_hal.o
    0x08000440   0x08000440   0x00000028   Code   RO          537    i.HAL_InitTick      stm32f4xx_hal.o
    0x08000468   0x08000468   0x00000058   Code   RO         2049    i.HAL_MspInit       stm32f4xx_hal_msp.o
    0x080004c0   0x080004c0   0x00000040   Code   RO         1159    i.HAL_NVIC_SetPriority  stm32f4xx_hal_cortex.o
    0x08000500   0x08000500   0x00000024   Code   RO         1160    i.HAL_NVIC_SetPriorityGrouping  stm32f4xx_hal_cortex.o
    0x08000524   0x08000524   0x0000017c   Code   RO          728    i.HAL_RCC_ClockConfig  stm32f4xx_hal_rcc.o
    0x080006a0   0x080006a0   0x0000000c   Code   RO          733    i.HAL_RCC_GetHCLKFreq  stm32f4xx_hal_rcc.o
    0x080006ac   0x080006ac   0x00000074   Code   RO          737    i.HAL_RCC_GetSysClockFreq  stm32f4xx_hal_rcc.o
    0x08000720   0x08000720   0x00000314   Code   RO          740    i.HAL_RCC_OscConfig  stm32f4xx_hal_rcc.o
    0x08000a34   0x08000a34   0x00000080   Code   RO           24    i.HAL_SPI_Init      stm32f4xx_hal_spi.o
    0x08000ab4   0x08000ab4   0x0000004c   Code   RO         2051    i.HAL_SPI_MspInit   stm32f4xx_hal_msp.o
    0x08000b00   0x08000b00   0x00000018   Code   RO         1162    i.HAL_SYSTICK_CLKSourceConfig  stm32f4xx_hal_cortex.o
    0x08000b18   0x08000b18   0x00000002   Code   RO         1163    i.HAL_SYSTICK_Callback  stm32f4xx_hal_cortex.o
    0x08000b1a   0x08000b1a   0x00000028   Code   RO         1164    i.HAL_SYSTICK_Config  stm32f4xx_hal_cortex.o
    0x08000b42   0x08000b42   0x00000008   Code   RO         1165    i.HAL_SYSTICK_IRQHandler  stm32f4xx_hal_cortex.o
    0x08000b4a   0x08000b4a   0x00000002   Code   RO         2087    i.HardFault_Handler  stm32f4xx_it.o
    0x08000b4c   0x08000b4c   0x00000040   Code   RO         2001    i.MX_SPI1_Init      main.o
    0x08000b8c   0x08000b8c   0x00000002   Code   RO         2088    i.MemManage_Handler  stm32f4xx_it.o
    0x08000b8e   0x08000b8e   0x00000002   Code   RO         2089    i.NMI_Handler       stm32f4xx_it.o
    0x08000b90   0x08000b90   0x00000020   Code   RO         1166    i.NVIC_SetPriority  stm32f4xx_hal_cortex.o
    0x08000bb0   0x08000bb0   0x00000002   Code   RO         2090    i.PendSV_Handler    stm32f4xx_it.o
    0x08000bb2   0x08000bb2   0x00000002   Code   RO         2091    i.SVC_Handler       stm32f4xx_it.o
    0x08000bb4   0x08000bb4   0x0000000e   Code   RO         2092    i.SysTick_Handler   stm32f4xx_it.o
    0x08000bc2   0x08000bc2   0x00000002   PAD
    0x08000bc4   0x08000bc4   0x000000a0   Code   RO         2002    i.SystemClock_Config  main.o
    0x08000c64   0x08000c64   0x00000054   Code   RO         1964    i.SystemInit        system_stm32f4xx.o
    0x08000cb8   0x08000cb8   0x00000002   Code   RO         1472    i.TM_DELAY_1msHandler  tm_stm32_delay.o
    0x08000cba   0x08000cba   0x00000002   PAD
    0x08000cbc   0x08000cbc   0x0000003c   Code   RO         1473    i.TM_DELAY_Init     tm_stm32_delay.o
    0x08000cf8   0x08000cf8   0x00000028   Code   RO         1587    i.TM_DISCO_LedInit  tm_stm32_disco.o
    0x08000d20   0x08000d20   0x00000010   Code   RO         1735    i.TM_GPIO_GetPortSource  tm_stm32_gpio.o
    0x08000d30   0x08000d30   0x00000018   Code   RO         1738    i.TM_GPIO_INT_EnableClock  tm_stm32_gpio.o
    0x08000d48   0x08000d48   0x000000a0   Code   RO         1739    i.TM_GPIO_INT_Init  tm_stm32_gpio.o
    0x08000de8   0x08000de8   0x00000026   Code   RO         1740    i.TM_GPIO_Init      tm_stm32_gpio.o
    0x08000e0e   0x08000e0e   0x00000002   PAD
    0x08000e10   0x08000e10   0x00000060   Code   RO         1741    i.TM_GPIO_InitAlternate  tm_stm32_gpio.o
    0x08000e70   0x08000e70   0x0000008c   Code   RO         1631    i.TM_LIS302DL_INT_ReadAxes  tm_stm32_lis302dl_lis3dsh.o
    0x08000efc   0x08000efc   0x0000003c   Code   RO         1632    i.TM_LIS302DL_LIS3DSH_Detect  tm_stm32_lis302dl_lis3dsh.o
    0x08000f38   0x08000f38   0x0000000c   Code   RO         1633    i.TM_LIS302DL_LIS3DSH_INT_Delay  tm_stm32_lis302dl_lis3dsh.o
    0x08000f44   0x08000f44   0x000000a8   Code   RO         1634    i.TM_LIS302DL_LIS3DSH_INT_InitLIS302DL  tm_stm32_lis302dl_lis3dsh.o
    0x08000fec   0x08000fec   0x00000094   Code   RO         1635    i.TM_LIS302DL_LIS3DSH_INT_InitLIS3DSH  tm_stm32_lis302dl_lis3dsh.o
    0x08001080   0x08001080   0x0000003c   Code   RO         1636    i.TM_LIS302DL_LIS3DSH_INT_InitPins  tm_stm32_lis302dl_lis3dsh.o
    0x080010bc   0x080010bc   0x00000040   Code   RO         1637    i.TM_LIS302DL_LIS3DSH_INT_ReadSPI  tm_stm32_lis302dl_lis3dsh.o
    0x080010fc   0x080010fc   0x00000048   Code   RO         1638    i.TM_LIS302DL_LIS3DSH_INT_WriteSPI  tm_stm32_lis302dl_lis3dsh.o
    0x08001144   0x08001144   0x00000044   Code   RO         1639    i.TM_LIS302DL_LIS3DSH_Init  tm_stm32_lis302dl_lis3dsh.o
    0x08001188   0x08001188   0x00000028   Code   RO         1640    i.TM_LIS302DL_LIS3DSH_ReadAxes  tm_stm32_lis302dl_lis3dsh.o
    0x080011b0   0x080011b0   0x000000c4   Code   RO         1641    i.TM_LIS3DSH_INT_ReadAxes  tm_stm32_lis302dl_lis3dsh.o
    0x08001274   0x08001274   0x00000044   Code   RO         1847    i.TM_SPI1_INT_InitPins  tm_stm32_spi.o
    0x080012b8   0x080012b8   0x00000090   Code   RO         1848    i.TM_SPI2_INT_InitPins  tm_stm32_spi.o
    0x08001348   0x08001348   0x00000048   Code   RO         1849    i.TM_SPI3_INT_InitPins  tm_stm32_spi.o
    0x08001390   0x08001390   0x0000004c   Code   RO         1851    i.TM_SPI_Init       tm_stm32_spi.o
    0x080013dc   0x080013dc   0x00000002   Code   RO         1852    i.TM_SPI_InitCustomPinsCallback  tm_stm32_spi.o
    0x080013de   0x080013de   0x00000030   Code   RO         1855    i.TM_SPI_ReadMulti  tm_stm32_spi.o
    0x0800140e   0x0800140e   0x0000002a   Code   RO         1642    i.TM_SPI_Send       tm_stm32_lis302dl_lis3dsh.o
    0x08001438   0x08001438   0x0000002e   Code   RO         1860    i.TM_SPI_WriteMulti  tm_stm32_spi.o
    0x08001466   0x08001466   0x00000002   PAD
    0x08001468   0x08001468   0x000000ec   Code   RO         1862    i.TM_SPIx_Init      tm_stm32_spi.o
    0x08001554   0x08001554   0x00000002   Code   RO         2093    i.UsageFault_Handler  stm32f4xx_it.o
    0x08001556   0x08001556   0x0000000e   Code   RO         2212    i.__scatterload_copy  mc_w.l(handlers.o)
    0x08001564   0x08001564   0x00000002   Code   RO         2213    i.__scatterload_null  mc_w.l(handlers.o)
    0x08001566   0x08001566   0x0000000e   Code   RO         2214    i.__scatterload_zeroinit  mc_w.l(handlers.o)
    0x08001574   0x08001574   0x000000c8   Code   RO         2004    i.main              main.o
    0x0800163c   0x0800163c   0x00000010   Data   RO         1965    .constdata          system_stm32f4xx.o
    0x0800164c   0x0800164c   0x00000020   Data   RO         2210    Region$$Table       anon$$obj.o


    Execution Region RW_IRAM1 (Exec base: 0x20000000, Load base: 0x0800166c, Size: 0x000004a0, Max: 0x00020000, ABSOLUTE)

    Exec Addr    Load Addr    Size         Type   Attr      Idx    E Section Name        Object

    0x20000000   0x0800166c   0x00000008   Data   RW         1482    .data               tm_stm32_delay.o
    0x20000008   0x08001674   0x00000008   Data   RW         1643    .data               tm_stm32_lis302dl_lis3dsh.o
    0x20000010   0x0800167c   0x00000004   Data   RW         1967    .data               system_stm32f4xx.o
    0x20000014        -       0x00000018   Zero   RW         1481    .bss                tm_stm32_delay.o
    0x2000002c        -       0x0000001a   Zero   RW         1748    .bss                tm_stm32_gpio.o
    0x20000046   0x08001680   0x00000002   PAD
    0x20000048        -       0x00000058   Zero   RW         2005    .bss                main.o
    0x200000a0        -       0x00000400   Zero   RW            1    STACK               startup_stm32f407xx.o


==============================================================================

Image component sizes


      Code (inc. data)   RO Data    RW Data    ZI Data      Debug   Object Name

       424         30          0          0         88       3057   main.o
        36          8        392          0       1024        892   startup_stm32f407xx.o
        92         10          0          0          0       1314   stm32f4xx_hal.o
       206         14          0          0          0      31936   stm32f4xx_hal_cortex.o
       432         44          0          0          0       1884   stm32f4xx_hal_gpio.o
       164         14          0          0          0       1668   stm32f4xx_hal_msp.o
      1296         52          0          0          0       4758   stm32f4xx_hal_rcc.o
       128          0          0          0          0     646027   stm32f4xx_hal_spi.o
        30          0          0          0          0       4650   stm32f4xx_it.o
        84         18         16          4          0       1327   system_stm32f4xx.o
       178         22          0          8         24       6313   tm_stm32_delay.o
        40          4          0          0          0        595   tm_stm32_disco.o
       334         16          0          0         26       4506   tm_stm32_gpio.o
      1070        104          0          8          0      16565   tm_stm32_lis302dl_lis3dsh.o
       692         74          0          0          0       8926   tm_stm32_spi.o

    ----------------------------------------------------------------------
      5214        410        440         20       1164     734418   Object Totals
         0          0         32          0          0          0   (incl. Generated)
         8          0          0          0          2          0   (incl. Padding)

    ----------------------------------------------------------------------

      Code (inc. data)   RO Data    RW Data    ZI Data      Debug   Library Member Name

         0          0          0          0          0          0   entry.o
         0          0          0          0          0          0   entry10a.o
         0          0          0          0          0          0   entry11a.o
         8          4          0          0          0          0   entry2.o
         4          0          0          0          0          0   entry5.o
         0          0          0          0          0          0   entry7b.o
         0          0          0          0          0          0   entry8b.o
         8          4          0          0          0          0   entry9a.o
        30          0          0          0          0          0   handlers.o
        36          8          0          0          0         68   init.o

    ----------------------------------------------------------------------
        86         16          0          0          0         68   Library Totals
         0          0          0          0          0          0   (incl. Padding)

    ----------------------------------------------------------------------

      Code (inc. data)   RO Data    RW Data    ZI Data      Debug   Library Name

        86         16          0          0          0         68   mc_w.l

    ----------------------------------------------------------------------
        86         16          0          0          0         68   Library Totals

    ----------------------------------------------------------------------

==============================================================================


      Code (inc. data)   RO Data    RW Data    ZI Data      Debug   

      5300        426        440         20       1164     729390   Grand Totals
      5300        426        440         20       1164     729390   ELF Image Totals
      5300        426        440         20          0          0   ROM Totals

==============================================================================

    Total RO  Size (Code + RO Data)                 5740 (   5.61kB)
    Total RW  Size (RW Data + ZI Data)              1184 (   1.16kB)
    Total ROM Size (Code + RO Data + RW Data)       5760 (   5.63kB)

==============================================================================

