Component: ARM Compiler 5.06 update 5 (build 528) Tool: armlink [4d35e2]

==============================================================================

Section Cross References

    stm32f4xx_hal_msp.o(i.HAL_MspInit) refers to stm32f4xx_hal_cortex.o(i.HAL_NVIC_SetPriorityGrouping) for HAL_NVIC_SetPriorityGrouping
    stm32f4xx_hal_msp.o(i.HAL_MspInit) refers to stm32f4xx_hal_cortex.o(i.HAL_NVIC_SetPriority) for HAL_NVIC_SetPriority
    stm32f4xx_hal_msp.o(i.HAL_SPI_MspDeInit) refers to stm32f4xx_hal_gpio.o(i.HAL_GPIO_DeInit) for HAL_GPIO_DeInit
    stm32f4xx_hal_msp.o(i.HAL_SPI_MspInit) refers to stm32f4xx_hal_gpio.o(i.HAL_GPIO_Init) for HAL_GPIO_Init
    stm32f4xx_hal_msp.o(i.HAL_UART_MspDeInit) refers to stm32f4xx_hal_gpio.o(i.HAL_GPIO_DeInit) for HAL_GPIO_DeInit
    stm32f4xx_hal_msp.o(i.HAL_UART_MspDeInit) refers to stm32f4xx_hal_dma.o(i.HAL_DMA_DeInit) for HAL_DMA_DeInit
    stm32f4xx_hal_msp.o(i.HAL_UART_MspDeInit) refers to stm32f4xx_hal_cortex.o(i.HAL_NVIC_DisableIRQ) for HAL_NVIC_DisableIRQ
    stm32f4xx_hal_msp.o(i.HAL_UART_MspInit) refers to stm32f4xx_hal_gpio.o(i.HAL_GPIO_Init) for HAL_GPIO_Init
    stm32f4xx_hal_msp.o(i.HAL_UART_MspInit) refers to stm32f4xx_hal_dma.o(i.HAL_DMA_Init) for HAL_DMA_Init
    stm32f4xx_hal_msp.o(i.HAL_UART_MspInit) refers to main.o(i._Error_Handler) for _Error_Handler
    stm32f4xx_hal_msp.o(i.HAL_UART_MspInit) refers to stm32f4xx_hal_cortex.o(i.HAL_NVIC_SetPriority) for HAL_NVIC_SetPriority
    stm32f4xx_hal_msp.o(i.HAL_UART_MspInit) refers to stm32f4xx_hal_cortex.o(i.HAL_NVIC_EnableIRQ) for HAL_NVIC_EnableIRQ
    stm32f4xx_hal_msp.o(i.HAL_UART_MspInit) refers to main.o(.bss) for hdma_usart2_rx
    stm32f4xx_hal_msp.o(i.HAL_UART_MspInit) refers to main.o(.bss) for hdma_usart2_tx
    main.o(i.HAL_UART_TxCpltCallback) refers to stm32f4xx_hal_uart.o(i.HAL_UART_DMAStop) for HAL_UART_DMAStop
    main.o(i.HAL_UART_TxCpltCallback) refers to printf6.o(i.__0sprintf$6) for __2sprintf
    main.o(i.HAL_UART_TxCpltCallback) refers to stm32f4xx_hal_uart.o(i.HAL_UART_Transmit_DMA) for HAL_UART_Transmit_DMA
    main.o(i.HAL_UART_TxCpltCallback) refers to main.o(.bss) for .bss
    main.o(i.HAL_UART_TxCpltCallback) refers to main.o(.data) for .data
    main.o(i.MX_SPI1_Init) refers to stm32f4xx_hal_spi.o(i.HAL_SPI_Init) for HAL_SPI_Init
    main.o(i.MX_SPI1_Init) refers to main.o(.bss) for .bss
    main.o(i.SystemClock_Config) refers to stm32f4xx_hal_rcc.o(i.HAL_RCC_OscConfig) for HAL_RCC_OscConfig
    main.o(i.SystemClock_Config) refers to stm32f4xx_hal_rcc.o(i.HAL_RCC_ClockConfig) for HAL_RCC_ClockConfig
    main.o(i.SystemClock_Config) refers to stm32f4xx_hal_rcc.o(i.HAL_RCC_GetHCLKFreq) for HAL_RCC_GetHCLKFreq
    main.o(i.SystemClock_Config) refers to stm32f4xx_hal_cortex.o(i.HAL_SYSTICK_Config) for HAL_SYSTICK_Config
    main.o(i.SystemClock_Config) refers to stm32f4xx_hal_cortex.o(i.HAL_SYSTICK_CLKSourceConfig) for HAL_SYSTICK_CLKSourceConfig
    main.o(i.SystemClock_Config) refers to stm32f4xx_hal_cortex.o(i.HAL_NVIC_SetPriority) for HAL_NVIC_SetPriority
    main.o(i.main) refers to stm32f4xx_hal.o(i.HAL_Init) for HAL_Init
    main.o(i.main) refers to main.o(i.SystemClock_Config) for SystemClock_Config
    main.o(i.main) refers to stm32f4xx_hal_cortex.o(i.HAL_NVIC_SetPriority) for HAL_NVIC_SetPriority
    main.o(i.main) refers to stm32f4xx_hal_cortex.o(i.HAL_NVIC_EnableIRQ) for HAL_NVIC_EnableIRQ
    main.o(i.main) refers to main.o(i.MX_SPI1_Init) for MX_SPI1_Init
    main.o(i.main) refers to stm32f4xx_hal_uart.o(i.HAL_UART_Init) for HAL_UART_Init
    main.o(i.main) refers to tm_stm32_delay.o(i.TM_DELAY_Init) for TM_DELAY_Init
    main.o(i.main) refers to tm_stm32_disco.o(i.TM_DISCO_LedInit) for TM_DISCO_LedInit
    main.o(i.main) refers to tm_stm32_lis302dl_lis3dsh.o(i.TM_LIS302DL_LIS3DSH_Detect) for TM_LIS302DL_LIS3DSH_Detect
    main.o(i.main) refers to tm_stm32_lis302dl_lis3dsh.o(i.TM_LIS302DL_LIS3DSH_Init) for TM_LIS302DL_LIS3DSH_Init
    main.o(i.main) refers to tm_stm32_delay.o(i.HAL_Delay) for HAL_Delay
    main.o(i.main) refers to printf6.o(i.__0sprintf$6) for __2sprintf
    main.o(i.main) refers to stm32f4xx_hal_uart.o(i.HAL_UART_Transmit_DMA) for HAL_UART_Transmit_DMA
    main.o(i.main) refers to tm_stm32_lis302dl_lis3dsh.o(i.TM_LIS302DL_LIS3DSH_ReadAxes) for TM_LIS302DL_LIS3DSH_ReadAxes
    main.o(i.main) refers to main.o(.bss) for .bss
    main.o(i.main) refers to main.o(.data) for .data
    stm32f4xx_it.o(i.DMA1_Stream5_IRQHandler) refers to stm32f4xx_hal_dma.o(i.HAL_DMA_IRQHandler) for HAL_DMA_IRQHandler
    stm32f4xx_it.o(i.DMA1_Stream5_IRQHandler) refers to main.o(.bss) for hdma_usart2_rx
    stm32f4xx_it.o(i.DMA1_Stream6_IRQHandler) refers to stm32f4xx_hal_dma.o(i.HAL_DMA_IRQHandler) for HAL_DMA_IRQHandler
    stm32f4xx_it.o(i.DMA1_Stream6_IRQHandler) refers to main.o(.bss) for hdma_usart2_tx
    stm32f4xx_it.o(i.SysTick_Handler) refers to tm_stm32_delay.o(i.HAL_IncTick) for HAL_IncTick
[...]
    Removing stm32f4xx_hal_flash.o(.revsh_text), (4 bytes).
    Removing stm32f4xx_hal_flash.o(.rrx_text), (6 bytes).
    Removing stm32f4xx_hal_flash.o(i.FLASH_Program_Byte), (32 bytes).
    Removing stm32f4xx_hal_flash.o(i.FLASH_Program_DoubleWord), (40 bytes).
    Removing stm32f4xx_hal_flash.o(i.FLASH_Program_HalfWord), (36 bytes).
    Removing stm32f4xx_hal_flash.o(i.FLASH_Program_Word), (36 bytes).
    Removing stm32f4xx_hal_flash.o(i.FLASH_SetErrorCode), (104 bytes).
    Removing stm32f4xx_hal_flash.o(i.FLASH_WaitForLastOperation), (80 bytes).
    Removing stm32f4xx_hal_flash.o(i.HAL_FLASH_EndOfOperationCallback), (2 bytes).
    Removing stm32f4xx_hal_flash.o(i.HAL_FLASH_GetError), (12 bytes).
    Removing stm32f4xx_hal_flash.o(i.HAL_FLASH_IRQHandler), (204 bytes).
    Removing stm32f4xx_hal_flash.o(i.HAL_FLASH_Lock), (20 bytes).
    Removing stm32f4xx_hal_flash.o(i.HAL_FLASH_OB_Launch), (24 bytes).
    Removing stm32f4xx_hal_flash.o(i.HAL_FLASH_OB_Lock), (20 bytes).
    Removing stm32f4xx_hal_flash.o(i.HAL_FLASH_OB_Unlock), (40 bytes).
    Removing stm32f4xx_hal_flash.o(i.HAL_FLASH_OperationErrorCallback), (2 bytes).
    Removing stm32f4xx_hal_flash.o(i.HAL_FLASH_Program), (124 bytes).
    Removing stm32f4xx_hal_flash.o(i.HAL_FLASH_Program_IT), (108 bytes).
    Removing stm32f4xx_hal_flash.o(i.HAL_FLASH_Unlock), (40 bytes).
    Removing stm32f4xx_hal_flash.o(.bss), (32 bytes).
    Removing stm32f4xx_hal_dma_ex.o(.rev16_text), (4 bytes).
    Removing stm32f4xx_hal_dma_ex.o(.revsh_text), (4 bytes).
    Removing stm32f4xx_hal_dma_ex.o(.rrx_text), (6 bytes).
    Removing stm32f4xx_hal_dma_ex.o(i.DMA_MultiBufferSetConfig), (30 bytes).
    Removing stm32f4xx_hal_dma_ex.o(i.HAL_DMAEx_ChangeMemory), (14 bytes).
    Removing stm32f4xx_hal_dma_ex.o(i.HAL_DMAEx_MultiBufferStart), (100 bytes).
    Removing stm32f4xx_hal_dma_ex.o(i.HAL_DMAEx_MultiBufferStart_IT), (2452 bytes).
    Removing stm32f4xx_hal_tim.o(.rev16_text), (4 bytes).
    Removing stm32f4xx_hal_tim.o(.revsh_text), (4 bytes).
    Removing stm32f4xx_hal_tim.o(.rrx_text), (6 bytes).
    Removing stm32f4xx_hal_rcc.o(.rev16_text), (4 bytes).
    Removing stm32f4xx_hal_rcc.o(.revsh_text), (4 bytes).
    Removing stm32f4xx_hal_rcc.o(.rrx_text), (6 bytes).
    Removing stm32f4xx_hal_rcc.o(i.HAL_RCC_CSSCallback), (2 bytes).
    Removing stm32f4xx_hal_rcc.o(i.HAL_RCC_DeInit), (2 bytes).
    Removing stm32f4xx_hal_rcc.o(i.HAL_RCC_DisableCSS), (12 bytes).
    Removing stm32f4xx_hal_rcc.o(i.HAL_RCC_EnableCSS), (12 bytes).
    Removing stm32f4xx_hal_rcc.o(i.HAL_RCC_GetClockConfig), (64 bytes).
    Removing stm32f4xx_hal_rcc.o(i.HAL_RCC_GetOscConfig), (232 bytes).
    Removing stm32f4xx_hal_rcc.o(i.HAL_RCC_MCOConfig), (140 bytes).
    Removing stm32f4xx_hal_rcc.o(i.HAL_RCC_NMI_IRQHandler), (28 bytes).
    Removing stm32f4xx_hal_spi.o(.rev16_text), (4 bytes).
    Removing stm32f4xx_hal_spi.o(.revsh_text), (4 bytes).
    Removing stm32f4xx_hal_spi.o(.rrx_text), (6 bytes).
    Removing stm32f4xx_hal_spi.o(i.HAL_SPI_Abort), (192 bytes).
    Removing stm32f4xx_hal_spi.o(i.HAL_SPI_AbortCpltCallback), (2 bytes).
    Removing stm32f4xx_hal_spi.o(i.HAL_SPI_Abort_IT), (232 bytes).
    Removing stm32f4xx_hal_spi.o(i.HAL_SPI_DMAPause), (38 bytes).
    Removing stm32f4xx_hal_spi.o(i.HAL_SPI_DMAResume), (38 bytes).
    Removing stm32f4xx_hal_spi.o(i.HAL_SPI_DMAStop), (40 bytes).
    Removing stm32f4xx_hal_spi.o(i.HAL_SPI_DeInit), (46 bytes).
    Removing stm32f4xx_hal_spi.o(i.HAL_SPI_ErrorCallback), (2 bytes).
    Removing stm32f4xx_hal_spi.o(i.HAL_SPI_GetError), (4 bytes).
    Removing stm32f4xx_hal_spi.o(i.HAL_SPI_GetState), (6 bytes).
    Removing stm32f4xx_hal_spi.o(i.HAL_SPI_IRQHandler), (212 bytes).
    Removing stm32f4xx_hal_spi.o(i.HAL_SPI_MspDeInit), (2 bytes).
    Removing stm32f4xx_hal_spi.o(i.HAL_SPI_MspInit), (2 bytes).
    Removing stm32f4xx_hal_spi.o(i.HAL_SPI_Receive), (336 bytes).
    Removing stm32f4xx_hal_spi.o(i.HAL_SPI_Receive_DMA), (212 bytes).
    Removing stm32f4xx_hal_spi.o(i.HAL_SPI_Receive_IT), (164 bytes).
    Removing stm32f4xx_hal_spi.o(i.HAL_SPI_RxCpltCallback), (2 bytes).
    Removing stm32f4xx_hal_spi.o(i.HAL_SPI_RxHalfCpltCallback), (2 bytes).
    Removing stm32f4xx_hal_spi.o(i.HAL_SPI_Transmit), (360 bytes).
    Removing stm32f4xx_hal_spi.o(i.HAL_SPI_TransmitReceive), (472 bytes).
    Removing stm32f4xx_hal_spi.o(i.HAL_SPI_TransmitReceive_DMA), (264 bytes).
    Removing stm32f4xx_hal_spi.o(i.HAL_SPI_TransmitReceive_IT), (164 bytes).
    Removing stm32f4xx_hal_spi.o(i.HAL_SPI_Transmit_DMA), (184 bytes).
    Removing stm32f4xx_hal_spi.o(i.HAL_SPI_Transmit_IT), (152 bytes).
    Removing stm32f4xx_hal_spi.o(i.HAL_SPI_TxCpltCallback), (2 bytes).
    Removing stm32f4xx_hal_spi.o(i.HAL_SPI_TxHalfCpltCallback), (2 bytes).
    Removing stm32f4xx_hal_spi.o(i.HAL_SPI_TxRxCpltCallback), (2 bytes).
    Removing stm32f4xx_hal_spi.o(i.HAL_SPI_TxRxHalfCpltCallback), (2 bytes).
    Removing stm32f4xx_hal_spi.o(i.SPI_2linesRxISR_16BIT), (48 bytes).
    Removing stm32f4xx_hal_spi.o(i.SPI_2linesRxISR_8BIT), (46 bytes).
    Removing stm32f4xx_hal_spi.o(i.SPI_2linesTxISR_16BIT), (48 bytes).
    Removing stm32f4xx_hal_spi.o(i.SPI_2linesTxISR_8BIT), (46 bytes).
    Removing stm32f4xx_hal_spi.o(i.SPI_AbortRx_ISR), (80 bytes).
    Removing stm32f4xx_hal_spi.o(i.SPI_AbortTx_ISR), (22 bytes).
    Removing stm32f4xx_hal_spi.o(i.SPI_CheckFlag_BSY), (32 bytes).
    Removing stm32f4xx_hal_spi.o(i.SPI_CloseRxTx_ISR), (144 bytes).
    Removing stm32f4xx_hal_spi.o(i.SPI_CloseRx_ISR), (78 bytes).
    Removing stm32f4xx_hal_spi.o(i.SPI_CloseTx_ISR), (124 bytes).
    Removing stm32f4xx_hal_spi.o(i.SPI_DMAAbortOnError), (16 bytes).
    Removing stm32f4xx_hal_spi.o(i.SPI_DMAError), (34 bytes).
    Removing stm32f4xx_hal_spi.o(i.SPI_DMAHalfReceiveCplt), (10 bytes).
    Removing stm32f4xx_hal_spi.o(i.SPI_DMAHalfTransmitCplt), (10 bytes).
    Removing stm32f4xx_hal_spi.o(i.SPI_DMAHalfTransmitReceiveCplt), (10 bytes).
    Removing stm32f4xx_hal_spi.o(i.SPI_DMAReceiveCplt), (82 bytes).
    Removing stm32f4xx_hal_spi.o(i.SPI_DMARxAbortCallback), (70 bytes).
    Removing stm32f4xx_hal_spi.o(i.SPI_DMATransmitCplt), (90 bytes).
    Removing stm32f4xx_hal_spi.o(i.SPI_DMATransmitReceiveCplt), (80 bytes).
    Removing stm32f4xx_hal_spi.o(i.SPI_DMATxAbortCallback), (104 bytes).
    Removing stm32f4xx_hal_spi.o(i.SPI_RxISR_16BIT), (32 bytes).
    Removing stm32f4xx_hal_spi.o(i.SPI_RxISR_8BIT), (30 bytes).
    Removing stm32f4xx_hal_spi.o(i.SPI_TxISR_16BIT), (32 bytes).
    Removing stm32f4xx_hal_spi.o(i.SPI_TxISR_8BIT), (30 bytes).
    Removing stm32f4xx_hal_spi.o(i.SPI_WaitFlagStateUntilTimeout), (150 bytes).
    Removing stm32f4xx_hal_pwr.o(.rev16_text), (4 bytes).
    Removing stm32f4xx_hal_pwr.o(.revsh_text), (4 bytes).
    Removing stm32f4xx_hal_pwr.o(.rrx_text), (6 bytes).
    Removing stm32f4xx_hal_pwr.o(i.HAL_PWR_ConfigPVD), (124 bytes).
    Removing stm32f4xx_hal_pwr.o(i.HAL_PWR_DeInit), (24 bytes).
    Removing stm32f4xx_hal_pwr.o(i.HAL_PWR_DisableBkUpAccess), (28 bytes).
    Removing stm32f4xx_hal_pwr.o(i.HAL_PWR_DisablePVD), (24 bytes).
    Removing stm32f4xx_hal_pwr.o(i.HAL_PWR_DisableSEVOnPend), (16 bytes).
    Removing stm32f4xx_hal_pwr.o(i.HAL_PWR_DisableSleepOnExit), (16 bytes).
    Removing stm32f4xx_hal_pwr.o(i.HAL_PWR_DisableWakeUpPin), (16 bytes).
    Removing stm32f4xx_hal_pwr.o(i.HAL_PWR_EnableBkUpAccess), (24 bytes).
    Removing stm32f4xx_hal_pwr.o(i.HAL_PWR_EnablePVD), (24 bytes).
    Removing stm32f4xx_hal_pwr.o(i.HAL_PWR_EnableSEVOnPend), (16 bytes).
    Removing stm32f4xx_hal_pwr.o(i.HAL_PWR_EnableSleepOnExit), (16 bytes).
    Removing stm32f4xx_hal_pwr.o(i.HAL_PWR_EnableWakeUpPin), (16 bytes).
    Removing stm32f4xx_hal_pwr.o(i.HAL_PWR_EnterSLEEPMode), (32 bytes).
    Removing stm32f4xx_hal_pwr.o(i.HAL_PWR_EnterSTANDBYMode), (32 bytes).
    Removing stm32f4xx_hal_pwr.o(i.HAL_PWR_EnterSTOPMode), (56 bytes).
    Removing stm32f4xx_hal_pwr.o(i.HAL_PWR_PVDCallback), (2 bytes).
    Removing stm32f4xx_hal_pwr.o(i.HAL_PWR_PVD_IRQHandler), (28 bytes).
    Removing stm32f4xx_hal_dma.o(.rev16_text), (4 bytes).
    Removing stm32f4xx_hal_dma.o(.revsh_text), (4 bytes).
    Removing stm32f4xx_hal_dma.o(.rrx_text), (6 bytes).
    Removing stm32f4xx_hal_dma.o(i.HAL_DMA_DeInit), (86 bytes).
    Removing stm32f4xx_hal_dma.o(i.HAL_DMA_GetError), (4 bytes).
    Removing stm32f4xx_hal_dma.o(i.HAL_DMA_GetState), (6 bytes).
    Removing stm32f4xx_hal_dma.o(i.HAL_DMA_PollForTransfer), (300 bytes).
    Removing stm32f4xx_hal_dma.o(i.HAL_DMA_RegisterCallback), (80 bytes).
    Removing stm32f4xx_hal_dma.o(i.HAL_DMA_Start), (70 bytes).
    Removing stm32f4xx_hal_dma.o(i.HAL_DMA_UnRegisterCallback), (96 bytes).
    Removing stm32f4xx_hal.o(.rev16_text), (4 bytes).
    Removing stm32f4xx_hal.o(.revsh_text), (4 bytes).
    Removing stm32f4xx_hal.o(.rrx_text), (6 bytes).
    Removing stm32f4xx_hal.o(i.HAL_DBGMCU_DisableDBGSleepMode), (16 bytes).
    Removing stm32f4xx_hal.o(i.HAL_DBGMCU_DisableDBGStandbyMode), (16 bytes).
    Removing stm32f4xx_hal.o(i.HAL_DBGMCU_DisableDBGStopMode), (16 bytes).
    Removing stm32f4xx_hal.o(i.HAL_DBGMCU_EnableDBGSleepMode), (16 bytes).
    Removing stm32f4xx_hal.o(i.HAL_DBGMCU_EnableDBGStandbyMode), (16 bytes).
    Removing stm32f4xx_hal.o(i.HAL_DBGMCU_EnableDBGStopMode), (16 bytes).
    Removing stm32f4xx_hal.o(i.HAL_DeInit), (52 bytes).
    Removing stm32f4xx_hal.o(i.HAL_Delay), (28 bytes).
    Removing stm32f4xx_hal.o(i.HAL_DisableCompensationCell), (28 bytes).
    Removing stm32f4xx_hal.o(i.HAL_EnableCompensationCell), (28 bytes).
    Removing stm32f4xx_hal.o(i.HAL_GetDEVID), (16 bytes).
    Removing stm32f4xx_hal.o(i.HAL_GetHalVersion), (8 bytes).
    Removing stm32f4xx_hal.o(i.HAL_GetREVID), (12 bytes).
    Removing stm32f4xx_hal.o(i.HAL_GetTick), (12 bytes).
    Removing stm32f4xx_hal.o(i.HAL_GetUID), (28 bytes).
    Removing stm32f4xx_hal.o(i.HAL_IncTick), (16 bytes).
    Removing stm32f4xx_hal.o(i.HAL_MspDeInit), (2 bytes).
    Removing stm32f4xx_hal.o(i.HAL_MspInit), (2 bytes).
    Removing stm32f4xx_hal.o(i.HAL_ResumeTick), (14 bytes).
    Removing stm32f4xx_hal.o(i.HAL_SuspendTick), (14 bytes).
    Removing stm32f4xx_hal.o(.data), (4 bytes).
    Removing stm32f4xx_hal_tim_ex.o(.rev16_text), (4 bytes).
    Removing stm32f4xx_hal_tim_ex.o(.revsh_text), (4 bytes).
    Removing stm32f4xx_hal_tim_ex.o(.rrx_text), (6 bytes).
    Removing stm32f4xx_hal_rcc_ex.o(.rev16_text), (4 bytes).
    Removing stm32f4xx_hal_rcc_ex.o(.revsh_text), (4 bytes).
    Removing stm32f4xx_hal_rcc_ex.o(.rrx_text), (6 bytes).
    Removing stm32f4xx_hal_rcc_ex.o(i.HAL_RCCEx_GetPeriphCLKConfig), (80 bytes).
    Removing stm32f4xx_hal_rcc_ex.o(i.HAL_RCCEx_GetPeriphCLKFreq), (92 bytes).
    Removing stm32f4xx_hal_rcc_ex.o(i.HAL_RCCEx_PeriphCLKConfig), (340 bytes).
    Removing stm32f4xx_hal_rcc_ex.o(i.HAL_RCC_DeInit), (92 bytes).
    Removing stm32f4xx_hal_pwr_ex.o(.rev16_text), (4 bytes).
    Removing stm32f4xx_hal_pwr_ex.o(.revsh_text), (4 bytes).
    Removing stm32f4xx_hal_pwr_ex.o(.rrx_text), (6 bytes).
    Removing stm32f4xx_hal_pwr_ex.o(i.HAL_PWREx_ControlVoltageScaling), (88 bytes).
    Removing stm32f4xx_hal_pwr_ex.o(i.HAL_PWREx_DisableBkUpReg), (76 bytes).
    Removing stm32f4xx_hal_pwr_ex.o(i.HAL_PWREx_DisableFlashPowerDown), (28 bytes).
    Removing stm32f4xx_hal_pwr_ex.o(i.HAL_PWREx_EnableBkUpReg), (76 bytes).
    Removing stm32f4xx_hal_pwr_ex.o(i.HAL_PWREx_EnableFlashPowerDown), (24 bytes).
    Removing stm32f4xx_hal_pwr_ex.o(i.HAL_PWREx_GetVoltageRange), (16 bytes).
    Removing stm32f4xx_hal_flash_ramfunc.o(.rev16_text), (4 bytes).
    Removing stm32f4xx_hal_flash_ramfunc.o(.revsh_text), (4 bytes).
    Removing stm32f4xx_hal_flash_ramfunc.o(.rrx_text), (6 bytes).
    Removing stm32f4xx_hal_cortex.o(.rev16_text), (4 bytes).
    Removing stm32f4xx_hal_cortex.o(.revsh_text), (4 bytes).
    Removing stm32f4xx_hal_cortex.o(.rrx_text), (6 bytes).
    Removing stm32f4xx_hal_cortex.o(i.HAL_MPU_ConfigRegion), (84 bytes).
    Removing stm32f4xx_hal_cortex.o(i.HAL_MPU_Disable), (28 bytes).
    Removing stm32f4xx_hal_cortex.o(i.HAL_MPU_Enable), (36 bytes).
    Removing stm32f4xx_hal_cortex.o(i.HAL_NVIC_ClearPendingIRQ), (22 bytes).
    Removing stm32f4xx_hal_cortex.o(i.HAL_NVIC_DisableIRQ), (22 bytes).
    Removing stm32f4xx_hal_cortex.o(i.HAL_NVIC_GetActive), (32 bytes).
    Removing stm32f4xx_hal_cortex.o(i.HAL_NVIC_GetPendingIRQ), (32 bytes).
    Removing stm32f4xx_hal_cortex.o(i.HAL_NVIC_GetPriority), (82 bytes).
    Removing stm32f4xx_hal_cortex.o(i.HAL_NVIC_GetPriorityGrouping), (16 bytes).
    Removing stm32f4xx_hal_cortex.o(i.HAL_NVIC_SetPendingIRQ), (22 bytes).
    Removing stm32f4xx_hal_cortex.o(i.HAL_NVIC_SystemReset), (36 bytes).
    Removing stm32f4xx_hal_flash_ex.o(.rev16_text), (4 bytes).
    Removing stm32f4xx_hal_flash_ex.o(.revsh_text), (4 bytes).
    Removing stm32f4xx_hal_flash_ex.o(.rrx_text), (6 bytes).
    Removing stm32f4xx_hal_flash_ex.o(i.FLASH_Erase_Sector), (88 bytes).
    Removing stm32f4xx_hal_flash_ex.o(i.FLASH_FlushCaches), (84 bytes).
    Removing stm32f4xx_hal_flash_ex.o(i.FLASH_MassErase), (40 bytes).
    Removing stm32f4xx_hal_flash_ex.o(i.HAL_FLASHEx_Erase), (152 bytes).
    Removing stm32f4xx_hal_flash_ex.o(i.HAL_FLASHEx_Erase_IT), (104 bytes).
    Removing stm32f4xx_hal_flash_ex.o(i.HAL_FLASHEx_OBGetConfig), (64 bytes).
    Removing stm32f4xx_hal_flash_ex.o(i.HAL_FLASHEx_OBProgram), (204 bytes).
    Removing stm32f4xx_hal_gpio.o(.rev16_text), (4 bytes).
    Removing stm32f4xx_hal_gpio.o(.revsh_text), (4 bytes).
    Removing stm32f4xx_hal_gpio.o(.rrx_text), (6 bytes).
    Removing stm32f4xx_hal_gpio.o(i.HAL_GPIO_DeInit), (328 bytes).
    Removing stm32f4xx_hal_gpio.o(i.HAL_GPIO_EXTI_Callback), (2 bytes).
    Removing stm32f4xx_hal_gpio.o(i.HAL_GPIO_EXTI_IRQHandler), (24 bytes).
    Removing stm32f4xx_hal_gpio.o(i.HAL_GPIO_LockPin), (34 bytes).
    Removing stm32f4xx_hal_gpio.o(i.HAL_GPIO_ReadPin), (10 bytes).
    Removing stm32f4xx_hal_gpio.o(i.HAL_GPIO_TogglePin), (8 bytes).
    Removing stm32f4xx_hal_gpio.o(i.HAL_GPIO_WritePin), (10 bytes).
    Removing stm32f4xx_hal_uart.o(.rev16_text), (4 bytes).
    Removing stm32f4xx_hal_uart.o(.revsh_text), (4 bytes).
    Removing stm32f4xx_hal_uart.o(.rrx_text), (6 bytes).
    Removing stm32f4xx_hal_uart.o(i.HAL_HalfDuplex_EnableReceiver), (50 bytes).
    Removing stm32f4xx_hal_uart.o(i.HAL_HalfDuplex_EnableTransmitter), (50 bytes).
    Removing stm32f4xx_hal_uart.o(i.HAL_HalfDuplex_Init), (108 bytes).
    Removing stm32f4xx_hal_uart.o(i.HAL_LIN_Init), (128 bytes).
    Removing stm32f4xx_hal_uart.o(i.HAL_LIN_SendBreak), (46 bytes).
    Removing stm32f4xx_hal_uart.o(i.HAL_MultiProcessor_EnterMuteMode), (46 bytes).
    Removing stm32f4xx_hal_uart.o(i.HAL_MultiProcessor_ExitMuteMode), (46 bytes).
    Removing stm32f4xx_hal_uart.o(i.HAL_MultiProcessor_Init), (142 bytes).
    Removing stm32f4xx_hal_uart.o(i.HAL_UART_Abort), (104 bytes).
    Removing stm32f4xx_hal_uart.o(i.HAL_UART_AbortCpltCallback), (2 bytes).
    Removing stm32f4xx_hal_uart.o(i.HAL_UART_AbortReceive), (68 bytes).
    Removing stm32f4xx_hal_uart.o(i.HAL_UART_AbortReceiveCpltCallback), (2 bytes).
    Removing stm32f4xx_hal_uart.o(i.HAL_UART_AbortReceive_IT), (92 bytes).
    Removing stm32f4xx_hal_uart.o(i.HAL_UART_AbortTransmit), (58 bytes).
    Removing stm32f4xx_hal_uart.o(i.HAL_UART_AbortTransmitCpltCallback), (2 bytes).
    Removing stm32f4xx_hal_uart.o(i.HAL_UART_AbortTransmit_IT), (84 bytes).
    Removing stm32f4xx_hal_uart.o(i.HAL_UART_Abort_IT), (172 bytes).
    Removing stm32f4xx_hal_uart.o(i.HAL_UART_DMAPause), (102 bytes).
    Removing stm32f4xx_hal_uart.o(i.HAL_UART_DMAResume), (94 bytes).
    Removing stm32f4xx_hal_uart.o(i.HAL_UART_DeInit), (40 bytes).
    Removing stm32f4xx_hal_uart.o(i.HAL_UART_GetError), (4 bytes).
    Removing stm32f4xx_hal_uart.o(i.HAL_UART_GetState), (10 bytes).
    Removing stm32f4xx_hal_uart.o(i.HAL_UART_MspDeInit), (2 bytes).
    Removing stm32f4xx_hal_uart.o(i.HAL_UART_MspInit), (2 bytes).
    Removing stm32f4xx_hal_uart.o(i.HAL_UART_Receive), (184 bytes).
    Removing stm32f4xx_hal_uart.o(i.HAL_UART_Receive_DMA), (152 bytes).
    Removing stm32f4xx_hal_uart.o(i.HAL_UART_Receive_IT), (72 bytes).
    Removing stm32f4xx_hal_uart.o(i.HAL_UART_RxHalfCpltCallback), (2 bytes).
    Removing stm32f4xx_hal_uart.o(i.HAL_UART_Transmit), (186 bytes).
    Removing stm32f4xx_hal_uart.o(i.HAL_UART_Transmit_IT), (62 bytes).
    Removing stm32f4xx_hal_uart.o(i.HAL_UART_TxCpltCallback), (2 bytes).
    Removing stm32f4xx_hal_uart.o(i.UART_DMAReceiveCplt), (60 bytes).
    Removing stm32f4xx_hal_uart.o(i.UART_DMARxAbortCallback), (42 bytes).
    Removing stm32f4xx_hal_uart.o(i.UART_DMARxHalfCplt), (10 bytes).
    Removing stm32f4xx_hal_uart.o(i.UART_DMARxOnlyAbortCallback), (20 bytes).
    Removing stm32f4xx_hal_uart.o(i.UART_DMATxAbortCallback), (42 bytes).
    Removing stm32f4xx_hal_uart.o(i.UART_DMATxOnlyAbortCallback), (20 bytes).
    Removing stm32f4xx_hal_uart.o(i.UART_WaitOnFlagUntilTimeout), (100 bytes).
    Removing tm_stm32_delay.o(.rev16_text), (4 bytes).
    Removing tm_stm32_delay.o(.revsh_text), (4 bytes).
    Removing tm_stm32_delay.o(.rrx_text), (6 bytes).
    Removing tm_stm32_delay.o(i.TM_DELAY_TimerAutoReloadCommand), (18 bytes).
    Removing tm_stm32_delay.o(i.TM_DELAY_TimerAutoReloadValue), (4 bytes).
    Removing tm_stm32_delay.o(i.TM_DELAY_TimerCreate), (80 bytes).
    Removing tm_stm32_delay.o(i.TM_DELAY_TimerDelete), (92 bytes).
    Removing tm_stm32_delay.o(i.TM_DELAY_TimerReset), (6 bytes).
    Removing tm_stm32_delay.o(i.TM_DELAY_TimerStart), (10 bytes).
    Removing tm_stm32_delay.o(i.TM_DELAY_TimerStop), (10 bytes).
    Removing tm_stm32_disco.o(.rev16_text), (4 bytes).
    Removing tm_stm32_disco.o(.revsh_text), (4 bytes).
    Removing tm_stm32_disco.o(.rrx_text), (6 bytes).
    Removing tm_stm32_disco.o(i.TM_DISCO_ButtonInit), (28 bytes).
    Removing tm_stm32_disco.o(i.TM_DISCO_ButtonOnPressed), (40 bytes).
    Removing tm_stm32_disco.o(i.TM_DISCO_ButtonOnReleased), (40 bytes).
    Removing tm_stm32_disco.o(.data), (1 bytes).
    Removing tm_stm32_lis302dl_lis3dsh.o(.rev16_text), (4 bytes).
    Removing tm_stm32_lis302dl_lis3dsh.o(.revsh_text), (4 bytes).
    Removing tm_stm32_lis302dl_lis3dsh.o(.rrx_text), (6 bytes).
    Removing tm_stm32_gpio.o(.rev16_text), (4 bytes).
    Removing tm_stm32_gpio.o(.revsh_text), (4 bytes).
    Removing tm_stm32_gpio.o(.rrx_text), (6 bytes).
    Removing tm_stm32_gpio.o(i.TM_GPIO_DeInit), (76 bytes).
    Removing tm_stm32_gpio.o(i.TM_GPIO_GetFreePins), (28 bytes).
    Removing tm_stm32_gpio.o(i.TM_GPIO_GetPinSource), (18 bytes).
    Removing tm_stm32_gpio.o(i.TM_GPIO_GetUsedPins), (24 bytes).
    Removing tm_stm32_gpio.o(i.TM_GPIO_INT_DisableClock), (24 bytes).
    Removing tm_stm32_gpio.o(i.TM_GPIO_Lock), (16 bytes).
    Removing tm_stm32_gpio.o(i.TM_GPIO_SetPinAsAlternate), (50 bytes).
    Removing tm_stm32_gpio.o(i.TM_GPIO_SetPinAsAnalog), (38 bytes).
    Removing tm_stm32_gpio.o(i.TM_GPIO_SetPinAsInput), (38 bytes).
    Removing tm_stm32_gpio.o(i.TM_GPIO_SetPinAsOutput), (44 bytes).
    Removing tm_stm32_gpio.o(i.TM_GPIO_SetPullResistor), (46 bytes).
    Removing tm_stm32_spi.o(.rev16_text), (4 bytes).
    Removing tm_stm32_spi.o(.revsh_text), (4 bytes).
    Removing tm_stm32_spi.o(.rrx_text), (6 bytes).
    Removing tm_stm32_spi.o(i.TM_SPI_GetPrescalerFromMaxFrequency), (60 bytes).
    Removing tm_stm32_spi.o(i.TM_SPI_InitFull), (80 bytes).
    Removing tm_stm32_spi.o(i.TM_SPI_InitWithMode), (76 bytes).
    Removing tm_stm32_spi.o(i.TM_SPI_ReadMulti16), (60 bytes).
    Removing tm_stm32_spi.o(i.TM_SPI_SendMulti), (52 bytes).
    Removing tm_stm32_spi.o(i.TM_SPI_SendMulti16), (52 bytes).
    Removing tm_stm32_spi.o(i.TM_SPI_SetDataSize), (44 bytes).
    Removing tm_stm32_spi.o(i.TM_SPI_WriteMulti16), (46 bytes).
    Removing dadd.o(.text), (334 bytes).
    Removing dmul.o(.text), (228 bytes).
    Removing ddiv.o(.text), (222 bytes).
    Removing dfixul.o(.text), (48 bytes).
    Removing cdrcmple.o(.text), (48 bytes).
    Removing depilogue.o(.text), (186 bytes).

316 unused section(s) (total 18369 bytes) removed from the image.

==============================================================================

Image Symbol Table

    Local Symbols

    Symbol Name                              Value     Ov Type        Size  Object(Section)

    ../Drivers/STM32F4xx_HAL_Driver/Src/stm32f4xx_hal.c 0x00000000   Number         0  stm32f4xx_hal.o ABSOLUTE
    ../Drivers/STM32F4xx_HAL_Driver/Src/stm32f4xx_hal_cortex.c 0x00000000   Number         0  stm32f4xx_hal_cortex.o ABSOLUTE
    ../Drivers/STM32F4xx_HAL_Driver/Src/stm32f4xx_hal_dma.c 0x00000000   Number         0  stm32f4xx_hal_dma.o ABSOLUTE
    ../Drivers/STM32F4xx_HAL_Driver/Src/stm32f4xx_hal_dma_ex.c 0x00000000   Number         0  stm32f4xx_hal_dma_ex.o ABSOLUTE
    ../Drivers/STM32F4xx_HAL_Driver/Src/stm32f4xx_hal_flash.c 0x00000000   Number         0  stm32f4xx_hal_flash.o ABSOLUTE
    ../Drivers/STM32F4xx_HAL_Driver/Src/stm32f4xx_hal_flash_ex.c 0x00000000   Number         0  stm32f4xx_hal_flash_ex.o ABSOLUTE
    ../Drivers/STM32F4xx_HAL_Driver/Src/stm32f4xx_hal_flash_ramfunc.c 0x00000000   Number         0  stm32f4xx_hal_flash_ramfunc.o ABSOLUTE
    ../Drivers/STM32F4xx_HAL_Driver/Src/stm32f4xx_hal_gpio.c 0x00000000   Number         0  stm32f4xx_hal_gpio.o ABSOLUTE
    ../Drivers/STM32F4xx_HAL_Driver/Src/stm32f4xx_hal_pwr.c 0x00000000   Number         0  stm32f4xx_hal_pwr.o ABSOLUTE
    ../Drivers/STM32F4xx_HAL_Driver/Src/stm32f4xx_hal_pwr_ex.c 0x00000000   Number         0  stm32f4xx_hal_pwr_ex.o ABSOLUTE
    ../Drivers/STM32F4xx_HAL_Driver/Src/stm32f4xx_hal_rcc.c 0x00000000   Number         0  stm32f4xx_hal_rcc.o ABSOLUTE
    ../Drivers/STM32F4xx_HAL_Driver/Src/stm32f4xx_hal_rcc_ex.c 0x00000000   Number         0  stm32f4xx_hal_rcc_ex.o ABSOLUTE
    ../Drivers/STM32F4xx_HAL_Driver/Src/stm32f4xx_hal_spi.c 0x00000000   Number         0  stm32f4xx_hal_spi.o ABSOLUTE
    ../Drivers/STM32F4xx_HAL_Driver/Src/stm32f4xx_hal_tim.c 0x00000000   Number         0  stm32f4xx_hal_tim.o ABSOLUTE
    ../Drivers/STM32F4xx_HAL_Driver/Src/stm32f4xx_hal_tim_ex.c 0x00000000   Number         0  stm32f4xx_hal_tim_ex.o ABSOLUTE
    ../Drivers/STM32F4xx_HAL_Driver/Src/stm32f4xx_hal_uart.c 0x00000000   Number         0  stm32f4xx_hal_uart.o ABSOLUTE
    ../Src/main.c                            0x00000000   Number         0  main.o ABSOLUTE
    ../Src/stm32f4xx_hal_msp.c               0x00000000   Number         0  stm32f4xx_hal_msp.o ABSOLUTE
    ../Src/stm32f4xx_it.c                    0x00000000   Number         0  stm32f4xx_it.o ABSOLUTE
    ../Src/system_stm32f4xx.c                0x00000000   Number         0  system_stm32f4xx.o ABSOLUTE
    ../clib/microlib/division.c              0x00000000   Number         0  uidiv.o ABSOLUTE
    ../clib/microlib/division.c              0x00000000   Number         0  uldiv.o ABSOLUTE
    ../clib/microlib/init/entry.s            0x00000000   Number         0  entry8b.o ABSOLUTE
    ../clib/microlib/init/entry.s            0x00000000   Number         0  entry9a.o ABSOLUTE
    ../clib/microlib/init/entry.s            0x00000000   Number         0  entry11b.o ABSOLUTE
    ../clib/microlib/init/entry.s            0x00000000   Number         0  entry10a.o ABSOLUTE
    ../clib/microlib/init/entry.s            0x00000000   Number         0  entry10b.o ABSOLUTE
    ../clib/microlib/init/entry.s            0x00000000   Number         0  entry11a.o ABSOLUTE
    ../clib/microlib/init/entry.s            0x00000000   Number         0  entry9b.o ABSOLUTE
    ../clib/microlib/init/entry.s            0x00000000   Number         0  entry2.o ABSOLUTE
    ../clib/microlib/init/entry.s            0x00000000   Number         0  entry.o ABSOLUTE
    ../clib/microlib/init/entry.s            0x00000000   Number         0  entry5.o ABSOLUTE
    ../clib/microlib/init/entry.s            0x00000000   Number         0  entry7a.o ABSOLUTE
    ../clib/microlib/init/entry.s            0x00000000   Number         0  entry7b.o ABSOLUTE
    ../clib/microlib/init/entry.s            0x00000000   Number         0  entry8a.o ABSOLUTE
    ../clib/microlib/longlong.c              0x00000000   Number         0  llushr.o ABSOLUTE
    ../clib/microlib/longlong.c              0x00000000   Number         0  llshl.o ABSOLUTE
    ../clib/microlib/longlong.c              0x00000000   Number         0  llsshr.o ABSOLUTE
    ../clib/microlib/malloc/malloc.c         0x00000000   Number         0  malloca.o ABSOLUTE
    ../clib/microlib/malloc/malloc.c         0x00000000   Number         0  mallocr.o ABSOLUTE
    ../clib/microlib/malloc/malloc.c         0x00000000   Number         0  mallocra.o ABSOLUTE
    ../clib/microlib/malloc/malloc.c         0x00000000   Number         0  malloc.o ABSOLUTE
    ../clib/microlib/malloc/mvars.c          0x00000000   Number         0  mvars.o ABSOLUTE
    ../clib/microlib/printf/printf.c         0x00000000   Number         0  printfb.o ABSOLUTE
    ../clib/microlib/printf/printf.c         0x00000000   Number         0  printf0.o ABSOLUTE
    ../clib/microlib/printf/printf.c         0x00000000   Number         0  printf1.o ABSOLUTE
    ../clib/microlib/printf/printf.c         0x00000000   Number         0  printf2.o ABSOLUTE
    ../clib/microlib/printf/printf.c         0x00000000   Number         0  printf4.o ABSOLUTE
    ../clib/microlib/printf/printf.c         0x00000000   Number         0  printf6.o ABSOLUTE
    ../clib/microlib/printf/printf.c         0x00000000   Number         0  printfa.o ABSOLUTE
    ../clib/microlib/printf/printf.c         0x00000000   Number         0  printf3.o ABSOLUTE
    ../clib/microlib/printf/printf.c         0x00000000   Number         0  printf8.o ABSOLUTE
    ../clib/microlib/printf/printf.c         0x00000000   Number         0  printf7.o ABSOLUTE
    ../clib/microlib/printf/printf.c         0x00000000   Number         0  printf5.o ABSOLUTE
    ../clib/microlib/printf/stubs.s          0x00000000   Number         0  stubs.o ABSOLUTE
    ../clib/microlib/stdio/fputc.c           0x00000000   Number         0  fputc.o ABSOLUTE
    ../clib/microlib/stdio/semi.s            0x00000000   Number         0  semi.o ABSOLUTE
    ../clib/microlib/stdio/streams.c         0x00000000   Number         0  stdout.o ABSOLUTE
    ../clib/microlib/string/memcpy.c         0x00000000   Number         0  memcpyb.o ABSOLUTE
    ../clib/microlib/string/memcpy.c         0x00000000   Number         0  memcpya.o ABSOLUTE
    ../clib/microlib/stubs.s                 0x00000000   Number         0  iusefp.o ABSOLUTE
    ../clib/microlib/stubs.s                 0x00000000   Number         0  iusesemip.o ABSOLUTE
    ../fplib/microlib/fpadd.c                0x00000000   Number         0  dadd.o ABSOLUTE
    ../fplib/microlib/fpdiv.c                0x00000000   Number         0  ddiv.o ABSOLUTE
    ../fplib/microlib/fpepilogue.c           0x00000000   Number         0  depilogue.o ABSOLUTE
    ../fplib/microlib/fpfix.c                0x00000000   Number         0  dfixul.o ABSOLUTE
    ../fplib/microlib/fpmul.c                0x00000000   Number         0  dmul.o ABSOLUTE
    ..\..\..\..\..\lib\TM_lib\tm_stm32_delay.c 0x00000000   Number         0  tm_stm32_delay.o ABSOLUTE
    ..\..\..\..\..\lib\TM_lib\tm_stm32_disco.c 0x00000000   Number         0  tm_stm32_disco.o ABSOLUTE
    ..\..\..\..\..\lib\TM_lib\tm_stm32_gpio.c 0x00000000   Number         0  tm_stm32_gpio.o ABSOLUTE
    ..\..\..\..\..\lib\TM_lib\tm_stm32_lis302dl_lis3dsh.c 0x00000000   Number         0  tm_stm32_lis302dl_lis3dsh.o ABSOLUTE
    ..\..\..\..\..\lib\TM_lib\tm_stm32_spi.c 0x00000000   Number         0  tm_stm32_spi.o ABSOLUTE
    ..\Drivers\STM32F4xx_HAL_Driver\Src\stm32f4xx_hal.c 0x00000000   Number         0  stm32f4xx_hal.o ABSOLUTE
    ..\Drivers\STM32F4xx_HAL_Driver\Src\stm32f4xx_hal_cortex.c 0x00000000   Number         0  stm32f4xx_hal_cortex.o ABSOLUTE
    ..\Drivers\STM32F4xx_HAL_Driver\Src\stm32f4xx_hal_dma.c 0x00000000   Number         0  stm32f4xx_hal_dma.o ABSOLUTE
    ..\Drivers\STM32F4xx_HAL_Driver\Src\stm32f4xx_hal_dma_ex.c 0x00000000   Number         0  stm32f4xx_hal_dma_ex.o ABSOLUTE
    ..\Drivers\STM32F4xx_HAL_Driver\Src\stm32f4xx_hal_flash.c 0x00000000   Number         0  stm32f4xx_hal_flash.o ABSOLUTE
    ..\Drivers\STM32F4xx_HAL_Driver\Src\stm32f4xx_hal_flash_ex.c 0x00000000   Number         0  stm32f4xx_hal_flash_ex.o ABSOLUTE
    ..\Drivers\STM32F4xx_HAL_Driver\Src\stm32f4xx_hal_flash_ramfunc.c 0x00000000   Number         0  stm32f4xx_hal_flash_ramfunc.o ABSOLUTE
    ..\Drivers\STM32F4xx_HAL_Driver\Src\stm32f4xx_hal_gpio.c 0x00000000   Number         0  stm32f4xx_hal_gpio.o ABSOLUTE
    ..\Drivers\STM32F4xx_HAL_Driver\Src\stm32f4xx_hal_pwr.c 0x00000000   Number         0  stm32f4xx_hal_pwr.o ABSOLUTE
    ..\Drivers\STM32F4xx_HAL_Driver\Src\stm32f4xx_hal_pwr_ex.c 0x00000000   Number         0  stm32f4xx_hal_pwr_ex.o ABSOLUTE
    ..\Drivers\STM32F4xx_HAL_Driver\Src\stm32f4xx_hal_rcc.c 0x00000000   Number         0  stm32f4xx_hal_rcc.o ABSOLUTE
    ..\Drivers\STM32F4xx_HAL_Driver\Src\stm32f4xx_hal_rcc_ex.c 0x00000000   Number         0  stm32f4xx_hal_rcc_ex.o ABSOLUTE
    ..\Drivers\STM32F4xx_HAL_Driver\Src\stm32f4xx_hal_spi.c 0x00000000   Number         0  stm32f4xx_hal_spi.o ABSOLUTE
    ..\Drivers\STM32F4xx_HAL_Driver\Src\stm32f4xx_hal_tim.c 0x00000000   Number         0  stm32f4xx_hal_tim.o ABSOLUTE
    ..\Drivers\STM32F4xx_HAL_Driver\Src\stm32f4xx_hal_tim_ex.c 0x00000000   Number         0  stm32f4xx_hal_tim_ex.o ABSOLUTE
    ..\Drivers\STM32F4xx_HAL_Driver\Src\stm32f4xx_hal_uart.c 0x00000000   Number         0  stm32f4xx_hal_uart.o ABSOLUTE
    ..\Src\main.c                            0x00000000   Number         0  main.o ABSOLUTE
    ..\Src\stm32f4xx_hal_msp.c               0x00000000   Number         0  stm32f4xx_hal_msp.o ABSOLUTE
    ..\Src\stm32f4xx_it.c                    0x00000000   Number         0  stm32f4xx_it.o ABSOLUTE
    ..\Src\system_stm32f4xx.c                0x00000000   Number         0  system_stm32f4xx.o ABSOLUTE
    ..\\..\\..\\..\\..\\lib\\TM_lib\\tm_stm32_delay.c 0x00000000   Number         0  tm_stm32_delay.o ABSOLUTE
    ..\\..\\..\\..\\..\\lib\\TM_lib\\tm_stm32_disco.c 0x00000000   Number         0  tm_stm32_disco.o ABSOLUTE
    ..\\..\\..\\..\\..\\lib\\TM_lib\\tm_stm32_gpio.c 0x00000000   Number         0  tm_stm32_gpio.o ABSOLUTE
    ..\\..\\..\\..\\..\\lib\\TM_lib\\tm_stm32_lis302dl_lis3dsh.c 0x00000000   Number         0  tm_stm32_lis302dl_lis3dsh.o ABSOLUTE
    ..\\..\\..\\..\\..\\lib\\TM_lib\\tm_stm32_spi.c 0x00000000   Number         0  tm_stm32_spi.o ABSOLUTE
    cdrcmple.s                               0x00000000   Number         0  cdrcmple.o ABSOLUTE
    dc.s                                     0x00000000   Number         0  dc.o ABSOLUTE
    handlers.s                               0x00000000   Number         0  handlers.o ABSOLUTE
    init.s                                   0x00000000   Number         0  init.o ABSOLUTE
    startup_stm32f407xx.s                    0x00000000   Number         0  startup_stm32f407xx.o ABSOLUTE
    RESET                                    0x08000000   Section      392  startup_stm32f407xx.o(RESET)
    .ARM.Collect$$$$00000000                 0x08000188   Section        0  entry.o(.ARM.Collect$$$$00000000)
    .ARM.Collect$$$$00000001                 0x08000188   Section        4  entry2.o(.ARM.Collect$$$$00000001)
    .ARM.Collect$$$$00000004                 0x0800018c   Section        4  entry5.o(.ARM.Collect$$$$00000004)
    .ARM.Collect$$$$00000008                 0x08000190   Section        0  entry7b.o(.ARM.Collect$$$$00000008)
    .ARM.Collect$$$$0000000A                 0x08000190   Section        0  entry8b.o(.ARM.Collect$$$$0000000A)
    .ARM.Collect$$$$0000000B                 0x08000190   Section        8  entry9a.o(.ARM.Collect$$$$0000000B)
    .ARM.Collect$$$$0000000D                 0x08000198   Section        0  entry10a.o(.ARM.Collect$$$$0000000D)
    .ARM.Collect$$$$0000000F                 0x08000198   Section        0  entry11a.o(.ARM.Collect$$$$0000000F)
    .ARM.Collect$$$$00002712                 0x08000198   Section        4  entry2.o(.ARM.Collect$$$$00002712)
    __lit__00000000                          0x08000198   Data           4  entry2.o(.ARM.Collect$$$$00002712)
    .text                                    0x0800019c   Section       36  startup_stm32f407xx.o(.text)
    $v0                                      0x0800019c   Number         0  startup_stm32f407xx.o(.text)
    .text                                    0x080001c0   Section        0  uidiv.o(.text)
    .text                                    0x080001ec   Section       36  init.o(.text)
    i.BusFault_Handler                       0x08000210   Section        0  stm32f4xx_it.o(i.BusFault_Handler)
    i.DMA1_Stream5_IRQHandler                0x08000214   Section        0  stm32f4xx_it.o(i.DMA1_Stream5_IRQHandler)
    i.DMA1_Stream6_IRQHandler                0x08000220   Section        0  stm32f4xx_it.o(i.DMA1_Stream6_IRQHandler)
    i.DMA_CalcBaseAndBitshift                0x0800022c   Section        0  stm32f4xx_hal_dma.o(i.DMA_CalcBaseAndBitshift)
    DMA_CalcBaseAndBitshift                  0x0800022d   Thumb Code    34  stm32f4xx_hal_dma.o(i.DMA_CalcBaseAndBitshift)
    i.DMA_CheckFifoParam                     0x08000254   Section        0  stm32f4xx_hal_dma.o(i.DMA_CheckFifoParam)
    DMA_CheckFifoParam                       0x08000255   Thumb Code    84  stm32f4xx_hal_dma.o(i.DMA_CheckFifoParam)
    i.DMA_SetConfig                          0x080002a8   Section        0  stm32f4xx_hal_dma.o(i.DMA_SetConfig)
    DMA_SetConfig                            0x080002a9   Thumb Code    40  stm32f4xx_hal_dma.o(i.DMA_SetConfig)
    i.DebugMon_Handler                       0x080002d0   Section        0  stm32f4xx_it.o(i.DebugMon_Handler)
    i.HAL_DMA_Abort                          0x080002d2   Section        0  stm32f4xx_hal_dma.o(i.HAL_DMA_Abort)
    i.HAL_DMA_Abort_IT                       0x08000360   Section        0  stm32f4xx_hal_dma.o(i.HAL_DMA_Abort_IT)
    i.HAL_DMA_IRQHandler                     0x08000384   Section        0  stm32f4xx_hal_dma.o(i.HAL_DMA_IRQHandler)
    i.HAL_DMA_Init                           0x0800052c   Section        0  stm32f4xx_hal_dma.o(i.HAL_DMA_Init)
    i.HAL_DMA_Start_IT                       0x08000600   Section        0  stm32f4xx_hal_dma.o(i.HAL_DMA_Start_IT)
    i.HAL_Delay                              0x08000678   Section        0  tm_stm32_delay.o(i.HAL_Delay)
    i.HAL_GPIO_Init                          0x080006a4   Section        0  stm32f4xx_hal_gpio.o(i.HAL_GPIO_Init)
    i.HAL_GetTick                            0x08000854   Section        0  tm_stm32_delay.o(i.HAL_GetTick)
    i.HAL_IncTick                            0x08000860   Section        0  tm_stm32_delay.o(i.HAL_IncTick)
    i.HAL_Init                               0x080008c8   Section        0  stm32f4xx_hal.o(i.HAL_Init)
    i.HAL_InitTick                           0x080008fc   Section        0  stm32f4xx_hal.o(i.HAL_InitTick)
    i.HAL_MspInit                            0x08000924   Section        0  stm32f4xx_hal_msp.o(i.HAL_MspInit)
    i.HAL_NVIC_EnableIRQ                     0x0800097c   Section        0  stm32f4xx_hal_cortex.o(i.HAL_NVIC_EnableIRQ)
    i.HAL_NVIC_SetPriority                   0x08000994   Section        0  stm32f4xx_hal_cortex.o(i.HAL_NVIC_SetPriority)
    i.HAL_NVIC_SetPriorityGrouping           0x080009d4   Section        0  stm32f4xx_hal_cortex.o(i.HAL_NVIC_SetPriorityGrouping)
    i.HAL_RCC_ClockConfig                    0x080009f8   Section        0  stm32f4xx_hal_rcc.o(i.HAL_RCC_ClockConfig)
    i.HAL_RCC_GetHCLKFreq                    0x08000b74   Section        0  stm32f4xx_hal_rcc.o(i.HAL_RCC_GetHCLKFreq)
    i.HAL_RCC_GetPCLK1Freq                   0x08000b80   Section        0  stm32f4xx_hal_rcc.o(i.HAL_RCC_GetPCLK1Freq)
    i.HAL_RCC_GetPCLK2Freq                   0x08000bb0   Section        0  stm32f4xx_hal_rcc.o(i.HAL_RCC_GetPCLK2Freq)
    i.HAL_RCC_GetSysClockFreq                0x08000be0   Section        0  stm32f4xx_hal_rcc.o(i.HAL_RCC_GetSysClockFreq)
    i.HAL_RCC_OscConfig                      0x08000c54   Section        0  stm32f4xx_hal_rcc.o(i.HAL_RCC_OscConfig)
    i.HAL_SPI_Init                           0x08000f68   Section        0  stm32f4xx_hal_spi.o(i.HAL_SPI_Init)
    i.HAL_SPI_MspInit                        0x08000fe8   Section        0  stm32f4xx_hal_msp.o(i.HAL_SPI_MspInit)
    i.HAL_SYSTICK_CLKSourceConfig            0x08001034   Section        0  stm32f4xx_hal_cortex.o(i.HAL_SYSTICK_CLKSourceConfig)
    i.HAL_SYSTICK_Callback                   0x0800104c   Section        0  stm32f4xx_hal_cortex.o(i.HAL_SYSTICK_Callback)
    i.HAL_SYSTICK_Config                     0x0800104e   Section        0  stm32f4xx_hal_cortex.o(i.HAL_SYSTICK_Config)
    i.HAL_SYSTICK_IRQHandler                 0x08001076   Section        0  stm32f4xx_hal_cortex.o(i.HAL_SYSTICK_IRQHandler)
    i.HAL_UART_DMAStop                       0x0800107e   Section        0  stm32f4xx_hal_uart.o(i.HAL_UART_DMAStop)
    i.HAL_UART_ErrorCallback                 0x080010d6   Section        0  stm32f4xx_hal_uart.o(i.HAL_UART_ErrorCallback)
    i.HAL_UART_IRQHandler                    0x080010d8   Section        0  stm32f4xx_hal_uart.o(i.HAL_UART_IRQHandler)
    i.HAL_UART_Init                          0x080011e8   Section        0  stm32f4xx_hal_uart.o(i.HAL_UART_Init)
    i.HAL_UART_MspInit                       0x0800124c   Section        0  stm32f4xx_hal_msp.o(i.HAL_UART_MspInit)
    i.HAL_UART_RxCpltCallback                0x08001340   Section        0  stm32f4xx_hal_uart.o(i.HAL_UART_RxCpltCallback)
    i.HAL_UART_Transmit_DMA                  0x08001344   Section        0  stm32f4xx_hal_uart.o(i.HAL_UART_Transmit_DMA)
    i.HAL_UART_TxCpltCallback                0x080013c4   Section        0  main.o(i.HAL_UART_TxCpltCallback)
    i.HAL_UART_TxHalfCpltCallback            0x0800140c   Section        0  stm32f4xx_hal_uart.o(i.HAL_UART_TxHalfCpltCallback)
    i.HardFault_Handler                      0x0800140e   Section        0  stm32f4xx_it.o(i.HardFault_Handler)
    i.MX_SPI1_Init                           0x08001410   Section        0  main.o(i.MX_SPI1_Init)
    MX_SPI1_Init                             0x08001411   Thumb Code    54  main.o(i.MX_SPI1_Init)
    i.MemManage_Handler                      0x08001450   Section        0  stm32f4xx_it.o(i.MemManage_Handler)
    i.NMI_Handler                            0x08001452   Section        0  stm32f4xx_it.o(i.NMI_Handler)
    i.NVIC_SetPriority                       0x08001454   Section        0  stm32f4xx_hal_cortex.o(i.NVIC_SetPriority)
    NVIC_SetPriority                         0x08001455   Thumb Code    32  stm32f4xx_hal_cortex.o(i.NVIC_SetPriority)
    i.PendSV_Handler                         0x08001474   Section        0  stm32f4xx_it.o(i.PendSV_Handler)
    i.SVC_Handler                            0x08001476   Section        0  stm32f4xx_it.o(i.SVC_Handler)
    i.SysTick_Handler                        0x08001478   Section        0  stm32f4xx_it.o(i.SysTick_Handler)
    i.SystemClock_Config                     0x08001488   Section        0  main.o(i.SystemClock_Config)
    i.SystemInit                             0x08001528   Section        0  system_stm32f4xx.o(i.SystemInit)
    i.TM_DELAY_1msHandler                    0x0800157c   Section        0  tm_stm32_delay.o(i.TM_DELAY_1msHandler)
    i.TM_DELAY_Init                          0x08001580   Section        0  tm_stm32_delay.o(i.TM_DELAY_Init)
    i.TM_DISCO_LedInit                       0x080015bc   Section        0  tm_stm32_disco.o(i.TM_DISCO_LedInit)
    i.TM_GPIO_GetPortSource                  0x080015e4   Section        0  tm_stm32_gpio.o(i.TM_GPIO_GetPortSource)
    i.TM_GPIO_INT_EnableClock                0x080015f4   Section        0  tm_stm32_gpio.o(i.TM_GPIO_INT_EnableClock)
    i.TM_GPIO_INT_Init                       0x0800160c   Section        0  tm_stm32_gpio.o(i.TM_GPIO_INT_Init)
    i.TM_GPIO_Init                           0x080016ac   Section        0  tm_stm32_gpio.o(i.TM_GPIO_Init)
    i.TM_GPIO_InitAlternate                  0x080016d4   Section        0  tm_stm32_gpio.o(i.TM_GPIO_InitAlternate)
    i.TM_LIS302DL_INT_ReadAxes               0x08001734   Section        0  tm_stm32_lis302dl_lis3dsh.o(i.TM_LIS302DL_INT_ReadAxes)
    i.TM_LIS302DL_LIS3DSH_Detect             0x080017c0   Section        0  tm_stm32_lis302dl_lis3dsh.o(i.TM_LIS302DL_LIS3DSH_Detect)
    i.TM_LIS302DL_LIS3DSH_INT_Delay          0x080017fc   Section        0  tm_stm32_lis302dl_lis3dsh.o(i.TM_LIS302DL_LIS3DSH_INT_Delay)
    i.TM_LIS302DL_LIS3DSH_INT_InitLIS302DL   0x08001808   Section        0  tm_stm32_lis302dl_lis3dsh.o(i.TM_LIS302DL_LIS3DSH_INT_InitLIS302DL)
    i.TM_LIS302DL_LIS3DSH_INT_InitLIS3DSH    0x080018b0   Section        0  tm_stm32_lis302dl_lis3dsh.o(i.TM_LIS302DL_LIS3DSH_INT_InitLIS3DSH)
    i.TM_LIS302DL_LIS3DSH_INT_InitPins       0x08001944   Section        0  tm_stm32_lis302dl_lis3dsh.o(i.TM_LIS302DL_LIS3DSH_INT_InitPins)
    i.TM_LIS302DL_LIS3DSH_INT_ReadSPI        0x08001980   Section        0  tm_stm32_lis302dl_lis3dsh.o(i.TM_LIS302DL_LIS3DSH_INT_ReadSPI)
    i.TM_LIS302DL_LIS3DSH_INT_WriteSPI       0x080019c0   Section        0  tm_stm32_lis302dl_lis3dsh.o(i.TM_LIS302DL_LIS3DSH_INT_WriteSPI)
    i.TM_LIS302DL_LIS3DSH_Init               0x08001a08   Section        0  tm_stm32_lis302dl_lis3dsh.o(i.TM_LIS302DL_LIS3DSH_Init)
    i.TM_LIS302DL_LIS3DSH_ReadAxes           0x08001a4c   Section        0  tm_stm32_lis302dl_lis3dsh.o(i.TM_LIS302DL_LIS3DSH_ReadAxes)
    i.TM_LIS3DSH_INT_ReadAxes                0x08001a74   Section        0  tm_stm32_lis302dl_lis3dsh.o(i.TM_LIS3DSH_INT_ReadAxes)
    i.TM_SPI1_INT_InitPins                   0x08001b38   Section        0  tm_stm32_spi.o(i.TM_SPI1_INT_InitPins)
    i.TM_SPI2_INT_InitPins                   0x08001b7c   Section        0  tm_stm32_spi.o(i.TM_SPI2_INT_InitPins)
    i.TM_SPI3_INT_InitPins                   0x08001c0c   Section        0  tm_stm32_spi.o(i.TM_SPI3_INT_InitPins)
    i.TM_SPI_Init                            0x08001c54   Section        0  tm_stm32_spi.o(i.TM_SPI_Init)
    i.TM_SPI_InitCustomPinsCallback          0x08001ca0   Section        0  tm_stm32_spi.o(i.TM_SPI_InitCustomPinsCallback)
    i.TM_SPI_ReadMulti                       0x08001ca2   Section        0  tm_stm32_spi.o(i.TM_SPI_ReadMulti)
    i.TM_SPI_Send                            0x08001cd2   Section        0  tm_stm32_lis302dl_lis3dsh.o(i.TM_SPI_Send)
    TM_SPI_Send                              0x08001cd3   Thumb Code    42  tm_stm32_lis302dl_lis3dsh.o(i.TM_SPI_Send)
    i.TM_SPI_WriteMulti                      0x08001cfc   Section        0  tm_stm32_spi.o(i.TM_SPI_WriteMulti)
    i.TM_SPIx_Init                           0x08001d2c   Section        0  tm_stm32_spi.o(i.TM_SPIx_Init)
    TM_SPIx_Init                             0x08001d2d   Thumb Code   218  tm_stm32_spi.o(i.TM_SPIx_Init)
    i.UART_DMAAbortOnError                   0x08001e18   Section        0  stm32f4xx_hal_uart.o(i.UART_DMAAbortOnError)
    UART_DMAAbortOnError                     0x08001e19   Thumb Code    16  stm32f4xx_hal_uart.o(i.UART_DMAAbortOnError)
    i.UART_DMAError                          0x08001e28   Section        0  stm32f4xx_hal_uart.o(i.UART_DMAError)
    UART_DMAError                            0x08001e29   Thumb Code    74  stm32f4xx_hal_uart.o(i.UART_DMAError)
    i.UART_DMATransmitCplt                   0x08001e72   Section        0  stm32f4xx_hal_uart.o(i.UART_DMATransmitCplt)
    UART_DMATransmitCplt                     0x08001e73   Thumb Code    46  stm32f4xx_hal_uart.o(i.UART_DMATransmitCplt)
    i.UART_DMATxHalfCplt                     0x08001ea0   Section        0  stm32f4xx_hal_uart.o(i.UART_DMATxHalfCplt)
    UART_DMATxHalfCplt                       0x08001ea1   Thumb Code    10  stm32f4xx_hal_uart.o(i.UART_DMATxHalfCplt)
    i.UART_EndRxTransfer                     0x08001eaa   Section        0  stm32f4xx_hal_uart.o(i.UART_EndRxTransfer)
    UART_EndRxTransfer                       0x08001eab   Thumb Code    28  stm32f4xx_hal_uart.o(i.UART_EndRxTransfer)
    i.UART_EndTxTransfer                     0x08001ec6   Section        0  stm32f4xx_hal_uart.o(i.UART_EndTxTransfer)
    UART_EndTxTransfer                       0x08001ec7   Thumb Code    18  stm32f4xx_hal_uart.o(i.UART_EndTxTransfer)
    i.UART_Receive_IT                        0x08001ed8   Section        0  stm32f4xx_hal_uart.o(i.UART_Receive_IT)
    UART_Receive_IT                          0x08001ed9   Thumb Code   140  stm32f4xx_hal_uart.o(i.UART_Receive_IT)
    i.UART_SetConfig                         0x08001f64   Section        0  stm32f4xx_hal_uart.o(i.UART_SetConfig)
    UART_SetConfig                           0x08001f65   Thumb Code   676  stm32f4xx_hal_uart.o(i.UART_SetConfig)
    i.UART_Transmit_IT                       0x08002210   Section        0  stm32f4xx_hal_uart.o(i.UART_Transmit_IT)
    UART_Transmit_IT                         0x08002211   Thumb Code    98  stm32f4xx_hal_uart.o(i.UART_Transmit_IT)
    i.USART2_IRQHandler                      0x08002274   Section        0  stm32f4xx_it.o(i.USART2_IRQHandler)
    i.UsageFault_Handler                     0x08002280   Section        0  stm32f4xx_it.o(i.UsageFault_Handler)
    i._Error_Handler                         0x08002282   Section        0  main.o(i._Error_Handler)
    i.__0sprintf$6                           0x08002284   Section        0  printf6.o(i.__0sprintf$6)
    i.__scatterload_copy                     0x080022ac   Section       14  handlers.o(i.__scatterload_copy)
    i.__scatterload_null                     0x080022ba   Section        2  handlers.o(i.__scatterload_null)
    i.__scatterload_zeroinit                 0x080022bc   Section       14  handlers.o(i.__scatterload_zeroinit)
    i._printf_core                           0x080022cc   Section        0  printf6.o(i._printf_core)
    _printf_core                             0x080022cd   Thumb Code   748  printf6.o(i._printf_core)
    i._printf_post_padding                   0x080025bc   Section        0  printf6.o(i._printf_post_padding)
    _printf_post_padding                     0x080025bd   Thumb Code    36  printf6.o(i._printf_post_padding)
    i._printf_pre_padding                    0x080025e0   Section        0  printf6.o(i._printf_pre_padding)
    _printf_pre_padding                      0x080025e1   Thumb Code    46  printf6.o(i._printf_pre_padding)
    i._sputc                                 0x0800260e   Section        0  printf6.o(i._sputc)
    _sputc                                   0x0800260f   Thumb Code    10  printf6.o(i._sputc)
    i.main                                   0x08002618   Section        0  main.o(i.main)
    .constdata                               0x08002784   Section       16  system_stm32f4xx.o(.constdata)
    .constdata                               0x08002794   Section        8  system_stm32f4xx.o(.constdata)
    .constdata                               0x0800279c   Section        8  stm32f4xx_hal_dma.o(.constdata)
    flagBitshiftOffset                       0x0800279c   Data           8  stm32f4xx_hal_dma.o(.constdata)
    .data                                    0x20000000   Section        6  main.o(.data)
    .data                                    0x20000008   Section        4  system_stm32f4xx.o(.data)
    .data                                    0x2000000c   Section        8  tm_stm32_delay.o(.data)
    .data                                    0x20000014   Section        8  tm_stm32_lis302dl_lis3dsh.o(.data)
    initialized                              0x20000015   Data           1  tm_stm32_lis302dl_lis3dsh.o(.data)
    .bss                                     0x2000001c   Section      164  main.o(.bss)
    .bss                                     0x200000c0   Section       96  main.o(.bss)
    .bss                                     0x20000120   Section       96  main.o(.bss)
    .bss                                     0x20000180   Section       24  tm_stm32_delay.o(.bss)
    CustomTimers                             0x20000180   Data          24  tm_stm32_delay.o(.bss)
    .bss                                     0x20000198   Section       26  tm_stm32_gpio.o(.bss)
    GPIO_UsedPins                            0x20000198   Data          26  tm_stm32_gpio.o(.bss)
    STACK                                    0x200001b8   Section     1024  startup_stm32f407xx.o(STACK)

    Global Symbols

    Symbol Name                              Value     Ov Type        Size  Object(Section)

    BuildAttributes$$THM_ISAv4$E$P$D$K$B$S$7EM$VFPi3$EXTD16$VFPS$VFMA$PE$A:L22UL41UL21$X:L11$S22US41US21$IEEE1$IW$USESV6$~STKCKD$USESV7$~SHL$OSPACE$ROPI$EBA8$MICROLIB$REQ8$PRES8$EABIv2 0x00000000   Number         0  anon$$obj.o ABSOLUTE
    __ARM_use_no_argv                        0x00000000   Number         0  main.o ABSOLUTE
    _printf_a                                0x00000000   Number         0  stubs.o ABSOLUTE
    _printf_c                                0x00000000   Number         0  stubs.o ABSOLUTE
    _printf_charcount                        0x00000000   Number         0  stubs.o ABSOLUTE
    _printf_d                                0x00000000   Number         0  stubs.o ABSOLUTE
    _printf_e                                0x00000000   Number         0  stubs.o ABSOLUTE
    _printf_f                                0x00000000   Number         0  stubs.o ABSOLUTE
    _printf_flags                            0x00000000   Number         0  stubs.o ABSOLUTE
    _printf_fp_dec                           0x00000000   Number         0  stubs.o ABSOLUTE
    _printf_fp_hex                           0x00000000   Number         0  stubs.o ABSOLUTE
    _printf_g                                0x00000000   Number         0  stubs.o ABSOLUTE
    _printf_i                                0x00000000   Number         0  stubs.o ABSOLUTE
    _printf_int_dec                          0x00000000   Number         0  stubs.o ABSOLUTE
    _printf_l                                0x00000000   Number         0  stubs.o ABSOLUTE
    _printf_lc                               0x00000000   Number         0  stubs.o ABSOLUTE
    _printf_ll                               0x00000000   Number         0  stubs.o ABSOLUTE
    _printf_lld                              0x00000000   Number         0  stubs.o ABSOLUTE
    _printf_lli                              0x00000000   Number         0  stubs.o ABSOLUTE
    _printf_llo                              0x00000000   Number         0  stubs.o ABSOLUTE
    _printf_llu                              0x00000000   Number         0  stubs.o ABSOLUTE
    _printf_llx                              0x00000000   Number         0  stubs.o ABSOLUTE
    _printf_longlong_dec                     0x00000000   Number         0  stubs.o ABSOLUTE
    _printf_longlong_hex                     0x00000000   Number         0  stubs.o ABSOLUTE
    _printf_longlong_oct                     0x00000000   Number         0  stubs.o ABSOLUTE
    _printf_ls                               0x00000000   Number         0  stubs.o ABSOLUTE
    _printf_mbtowc                           0x00000000   Number         0  stubs.o ABSOLUTE
    _printf_n                                0x00000000   Number         0  stubs.o ABSOLUTE
    _printf_o                                0x00000000   Number         0  stubs.o ABSOLUTE
    _printf_p                                0x00000000   Number         0  stubs.o ABSOLUTE
    _printf_percent                          0x00000000   Number         0  stubs.o ABSOLUTE
    _printf_pre_padding                      0x00000000   Number         0  stubs.o ABSOLUTE
    _printf_return_value                     0x00000000   Number         0  stubs.o ABSOLUTE
    _printf_s                                0x00000000   Number         0  stubs.o ABSOLUTE
    _printf_sizespec                         0x00000000   Number         0  stubs.o ABSOLUTE
    _printf_str                              0x00000000   Number         0  stubs.o ABSOLUTE
    _printf_truncate_signed                  0x00000000   Number         0  stubs.o ABSOLUTE
    _printf_truncate_unsigned                0x00000000   Number         0  stubs.o ABSOLUTE
    _printf_u                                0x00000000   Number         0  stubs.o ABSOLUTE
    _printf_wc                               0x00000000   Number         0  stubs.o ABSOLUTE
    _printf_wctomb                           0x00000000   Number         0  stubs.o ABSOLUTE
    _printf_widthprec                        0x00000000   Number         0  stubs.o ABSOLUTE
    _printf_x                                0x00000000   Number         0  stubs.o ABSOLUTE
    __cpp_initialize__aeabi_                  - Undefined Weak Reference
    __cxa_finalize                            - Undefined Weak Reference
    __decompress                              - Undefined Weak Reference
    _clock_init                               - Undefined Weak Reference
    _microlib_exit                            - Undefined Weak Reference
    __Vectors_Size                           0x00000188   Number         0  startup_stm32f407xx.o ABSOLUTE
    __Vectors                                0x08000000   Data           4  startup_stm32f407xx.o(RESET)
    __Vectors_End                            0x08000188   Data           0  startup_stm32f407xx.o(RESET)
    __main                                   0x08000189   Thumb Code     0  entry.o(.ARM.Collect$$$$00000000)
    _main_stk                                0x08000189   Thumb Code     0  entry2.o(.ARM.Collect$$$$00000001)
    _main_scatterload                        0x0800018d   Thumb Code     0  entry5.o(.ARM.Collect$$$$00000004)
    __main_after_scatterload                 0x08000191   Thumb Code     0  entry5.o(.ARM.Collect$$$$00000004)
    _main_clock                              0x08000191   Thumb Code     0  entry7b.o(.ARM.Collect$$$$00000008)
    _main_cpp_init                           0x08000191   Thumb Code     0  entry8b.o(.ARM.Collect$$$$0000000A)
    _main_init                               0x08000191   Thumb Code     0  entry9a.o(.ARM.Collect$$$$0000000B)
    __rt_final_cpp                           0x08000199   Thumb Code     0  entry10a.o(.ARM.Collect$$$$0000000D)
    __rt_final_exit                          0x08000199   Thumb Code     0  entry11a.o(.ARM.Collect$$$$0000000F)
    Reset_Handler                            0x0800019d   Thumb Code     8  startup_stm32f407xx.o(.text)
    ADC_IRQHandler                           0x080001b7   Thumb Code     0  startup_stm32f407xx.o(.text)
    CAN1_RX0_IRQHandler                      0x080001b7   Thumb Code     0  startup_stm32f407xx.o(.text)
    CAN1_RX1_IRQHandler                      0x080001b7   Thumb Code     0  startup_stm32f407xx.o(.text)
    CAN1_SCE_IRQHandler                      0x080001b7   Thumb Code     0  startup_stm32f407xx.o(.text)
    CAN1_TX_IRQHandler                       0x080001b7   Thumb Code     0  startup_stm32f407xx.o(.text)
    CAN2_RX0_IRQHandler                      0x080001b7   Thumb Code     0  startup_stm32f407xx.o(.text)
    CAN2_RX1_IRQHandler                      0x080001b7   Thumb Code     0  startup_stm32f407xx.o(.text)
    CAN2_SCE_IRQHandler                      0x080001b7   Thumb Code     0  startup_stm32f407xx.o(.text)
    CAN2_TX_IRQHandler                       0x080001b7   Thumb Code     0  startup_stm32f407xx.o(.text)
    DCMI_IRQHandler                          0x080001b7   Thumb Code     0  startup_stm32f407xx.o(.text)
    DMA1_Stream0_IRQHandler                  0x080001b7   Thumb Code     0  startup_stm32f407xx.o(.text)
    DMA1_Stream1_IRQHandler                  0x080001b7   Thumb Code     0  startup_stm32f407xx.o(.text)
    DMA1_Stream2_IRQHandler                  0x080001b7   Thumb Code     0  startup_stm32f407xx.o(.text)
    DMA1_Stream3_IRQHandler                  0x080001b7   Thumb Code     0  startup_stm32f407xx.o(.text)
    DMA1_Stream4_IRQHandler                  0x080001b7   Thumb Code     0  startup_stm32f407xx.o(.text)
    DMA1_Stream7_IRQHandler                  0x080001b7   Thumb Code     0  startup_stm32f407xx.o(.text)
    DMA2_Stream0_IRQHandler                  0x080001b7   Thumb Code     0  startup_stm32f407xx.o(.text)
    DMA2_Stream1_IRQHandler                  0x080001b7   Thumb Code     0  startup_stm32f407xx.o(.text)
    DMA2_Stream2_IRQHandler                  0x080001b7   Thumb Code     0  startup_stm32f407xx.o(.text)
    DMA2_Stream3_IRQHandler                  0x080001b7   Thumb Code     0  startup_stm32f407xx.o(.text)
    DMA2_Stream4_IRQHandler                  0x080001b7   Thumb Code     0  startup_stm32f407xx.o(.text)
    DMA2_Stream5_IRQHandler                  0x080001b7   Thumb Code     0  startup_stm32f407xx.o(.text)
    DMA2_Stream6_IRQHandler                  0x080001b7   Thumb Code     0  startup_stm32f407xx.o(.text)
    DMA2_Stream7_IRQHandler                  0x080001b7   Thumb Code     0  startup_stm32f407xx.o(.text)
    ETH_IRQHandler                           0x080001b7   Thumb Code     0  startup_stm32f407xx.o(.text)
    ETH_WKUP_IRQHandler                      0x080001b7   Thumb Code     0  startup_stm32f407xx.o(.text)
    EXTI0_IRQHandler                         0x080001b7   Thumb Code     0  startup_stm32f407xx.o(.text)
    EXTI15_10_IRQHandler                     0x080001b7   Thumb Code     0  startup_stm32f407xx.o(.text)
    EXTI1_IRQHandler                         0x080001b7   Thumb Code     0  startup_stm32f407xx.o(.text)
    EXTI2_IRQHandler                         0x080001b7   Thumb Code     0  startup_stm32f407xx.o(.text)
    EXTI3_IRQHandler                         0x080001b7   Thumb Code     0  startup_stm32f407xx.o(.text)
    EXTI4_IRQHandler                         0x080001b7   Thumb Code     0  startup_stm32f407xx.o(.text)
    EXTI9_5_IRQHandler                       0x080001b7   Thumb Code     0  startup_stm32f407xx.o(.text)
    FLASH_IRQHandler                         0x080001b7   Thumb Code     0  startup_stm32f407xx.o(.text)
    FMC_IRQHandler                           0x080001b7   Thumb Code     0  startup_stm32f407xx.o(.text)
    FPU_IRQHandler                           0x080001b7   Thumb Code     0  startup_stm32f407xx.o(.text)
    HASH_RNG_IRQHandler                      0x080001b7   Thumb Code     0  startup_stm32f407xx.o(.text)
    I2C1_ER_IRQHandler                       0x080001b7   Thumb Code     0  startup_stm32f407xx.o(.text)
    I2C1_EV_IRQHandler                       0x080001b7   Thumb Code     0  startup_stm32f407xx.o(.text)
    I2C2_ER_IRQHandler                       0x080001b7   Thumb Code     0  startup_stm32f407xx.o(.text)
    I2C2_EV_IRQHandler                       0x080001b7   Thumb Code     0  startup_stm32f407xx.o(.text)
    I2C3_ER_IRQHandler                       0x080001b7   Thumb Code     0  startup_stm32f407xx.o(.text)
    I2C3_EV_IRQHandler                       0x080001b7   Thumb Code     0  startup_stm32f407xx.o(.text)
    OTG_FS_IRQHandler                        0x080001b7   Thumb Code     0  startup_stm32f407xx.o(.text)
    OTG_FS_WKUP_IRQHandler                   0x080001b7   Thumb Code     0  startup_stm32f407xx.o(.text)
    OTG_HS_EP1_IN_IRQHandler                 0x080001b7   Thumb Code     0  startup_stm32f407xx.o(.text)
    OTG_HS_EP1_OUT_IRQHandler                0x080001b7   Thumb Code     0  startup_stm32f407xx.o(.text)
    OTG_HS_IRQHandler                        0x080001b7   Thumb Code     0  startup_stm32f407xx.o(.text)
    OTG_HS_WKUP_IRQHandler                   0x080001b7   Thumb Code     0  startup_stm32f407xx.o(.text)
    PVD_IRQHandler                           0x080001b7   Thumb Code     0  startup_stm32f407xx.o(.text)
    RCC_IRQHandler                           0x080001b7   Thumb Code     0  startup_stm32f407xx.o(.text)
    RTC_Alarm_IRQHandler                     0x080001b7   Thumb Code     0  startup_stm32f407xx.o(.text)
    RTC_WKUP_IRQHandler                      0x080001b7   Thumb Code     0  startup_stm32f407xx.o(.text)
    SDIO_IRQHandler                          0x080001b7   Thumb Code     0  startup_stm32f407xx.o(.text)
    SPI1_IRQHandler                          0x080001b7   Thumb Code     0  startup_stm32f407xx.o(.text)
    SPI2_IRQHandler                          0x080001b7   Thumb Code     0  startup_stm32f407xx.o(.text)
    SPI3_IRQHandler                          0x080001b7   Thumb Code     0  startup_stm32f407xx.o(.text)
    TAMP_STAMP_IRQHandler                    0x080001b7   Thumb Code     0  startup_stm32f407xx.o(.text)
    TIM1_BRK_TIM9_IRQHandler                 0x080001b7   Thumb Code     0  startup_stm32f407xx.o(.text)
    TIM1_CC_IRQHandler                       0x080001b7   Thumb Code     0  startup_stm32f407xx.o(.text)
    TIM1_TRG_COM_TIM11_IRQHandler            0x080001b7   Thumb Code     0  startup_stm32f407xx.o(.text)
    TIM1_UP_TIM10_IRQHandler                 0x080001b7   Thumb Code     0  startup_stm32f407xx.o(.text)
    TIM2_IRQHandler                          0x080001b7   Thumb Code     0  startup_stm32f407xx.o(.text)
    TIM3_IRQHandler                          0x080001b7   Thumb Code     0  startup_stm32f407xx.o(.text)
    TIM4_IRQHandler                          0x080001b7   Thumb Code     0  startup_stm32f407xx.o(.text)
    TIM5_IRQHandler                          0x080001b7   Thumb Code     0  startup_stm32f407xx.o(.text)
    TIM6_DAC_IRQHandler                      0x080001b7   Thumb Code     0  startup_stm32f407xx.o(.text)
    TIM7_IRQHandler                          0x080001b7   Thumb Code     0  startup_stm32f407xx.o(.text)
    TIM8_BRK_TIM12_IRQHandler                0x080001b7   Thumb Code     0  startup_stm32f407xx.o(.text)
    TIM8_CC_IRQHandler                       0x080001b7   Thumb Code     0  startup_stm32f407xx.o(.text)
    TIM8_TRG_COM_TIM14_IRQHandler            0x080001b7   Thumb Code     0  startup_stm32f407xx.o(.text)
    TIM8_UP_TIM13_IRQHandler                 0x080001b7   Thumb Code     0  startup_stm32f407xx.o(.text)
    UART4_IRQHandler                         0x080001b7   Thumb Code     0  startup_stm32f407xx.o(.text)
    UART5_IRQHandler                         0x080001b7   Thumb Code     0  startup_stm32f407xx.o(.text)
    USART1_IRQHandler                        0x080001b7   Thumb Code     0  startup_stm32f407xx.o(.text)
    USART3_IRQHandler                        0x080001b7   Thumb Code     0  startup_stm32f407xx.o(.text)
    USART6_IRQHandler                        0x080001b7   Thumb Code     0  startup_stm32f407xx.o(.text)
    WWDG_IRQHandler                          0x080001b7   Thumb Code     0  startup_stm32f407xx.o(.text)
    __aeabi_uidiv                            0x080001c1   Thumb Code     0  uidiv.o(.text)
    __aeabi_uidivmod                         0x080001c1   Thumb Code    44  uidiv.o(.text)
    __scatterload                            0x080001ed   Thumb Code    28  init.o(.text)
    __scatterload_rt2                        0x080001ed   Thumb Code     0  init.o(.text)
    BusFault_Handler                         0x08000211   Thumb Code     2  stm32f4xx_it.o(i.BusFault_Handler)
    DMA1_Stream5_IRQHandler                  0x08000215   Thumb Code     6  stm32f4xx_it.o(i.DMA1_Stream5_IRQHandler)
    DMA1_Stream6_IRQHandler                  0x08000221   Thumb Code     6  stm32f4xx_it.o(i.DMA1_Stream6_IRQHandler)
    DebugMon_Handler                         0x080002d1   Thumb Code     2  stm32f4xx_it.o(i.DebugMon_Handler)
    HAL_DMA_Abort                            0x080002d3   Thumb Code   142  stm32f4xx_hal_dma.o(i.HAL_DMA_Abort)
    HAL_DMA_Abort_IT                         0x08000361   Thumb Code    36  stm32f4xx_hal_dma.o(i.HAL_DMA_Abort_IT)
    HAL_DMA_IRQHandler                       0x08000385   Thumb Code   414  stm32f4xx_hal_dma.o(i.HAL_DMA_IRQHandler)
    HAL_DMA_Init                             0x0800052d   Thumb Code   206  stm32f4xx_hal_dma.o(i.HAL_DMA_Init)
    HAL_DMA_Start_IT                         0x08000601   Thumb Code   120  stm32f4xx_hal_dma.o(i.HAL_DMA_Start_IT)
    HAL_Delay                                0x08000679   Thumb Code    38  tm_stm32_delay.o(i.HAL_Delay)
    HAL_GPIO_Init                            0x080006a5   Thumb Code   388  stm32f4xx_hal_gpio.o(i.HAL_GPIO_Init)
    HAL_GetTick                              0x08000855   Thumb Code     6  tm_stm32_delay.o(i.HAL_GetTick)
    HAL_IncTick                              0x08000861   Thumb Code    96  tm_stm32_delay.o(i.HAL_IncTick)
    HAL_Init                                 0x080008c9   Thumb Code    48  stm32f4xx_hal.o(i.HAL_Init)
    HAL_InitTick                             0x080008fd   Thumb Code    34  stm32f4xx_hal.o(i.HAL_InitTick)
    HAL_MspInit                              0x08000925   Thumb Code    88  stm32f4xx_hal_msp.o(i.HAL_MspInit)
    HAL_NVIC_EnableIRQ                       0x0800097d   Thumb Code    22  stm32f4xx_hal_cortex.o(i.HAL_NVIC_EnableIRQ)
    HAL_NVIC_SetPriority                     0x08000995   Thumb Code    60  stm32f4xx_hal_cortex.o(i.HAL_NVIC_SetPriority)
    HAL_NVIC_SetPriorityGrouping             0x080009d5   Thumb Code    26  stm32f4xx_hal_cortex.o(i.HAL_NVIC_SetPriorityGrouping)
    HAL_RCC_ClockConfig                      0x080009f9   Thumb Code   364  stm32f4xx_hal_rcc.o(i.HAL_RCC_ClockConfig)
    HAL_RCC_GetHCLKFreq                      0x08000b75   Thumb Code     6  stm32f4xx_hal_rcc.o(i.HAL_RCC_GetHCLKFreq)
    HAL_RCC_GetPCLK1Freq                     0x08000b81   Thumb Code    34  stm32f4xx_hal_rcc.o(i.HAL_RCC_GetPCLK1Freq)
    HAL_RCC_GetPCLK2Freq                     0x08000bb1   Thumb Code    34  stm32f4xx_hal_rcc.o(i.HAL_RCC_GetPCLK2Freq)
    HAL_RCC_GetSysClockFreq                  0x08000be1   Thumb Code   104  stm32f4xx_hal_rcc.o(i.HAL_RCC_GetSysClockFreq)
    HAL_RCC_OscConfig                        0x08000c55   Thumb Code   770  stm32f4xx_hal_rcc.o(i.HAL_RCC_OscConfig)
    HAL_SPI_Init                             0x08000f69   Thumb Code   128  stm32f4xx_hal_spi.o(i.HAL_SPI_Init)
    HAL_SPI_MspInit                          0x08000fe9   Thumb Code    62  stm32f4xx_hal_msp.o(i.HAL_SPI_MspInit)
    HAL_SYSTICK_CLKSourceConfig              0x08001035   Thumb Code    24  stm32f4xx_hal_cortex.o(i.HAL_SYSTICK_CLKSourceConfig)
    HAL_SYSTICK_Callback                     0x0800104d   Thumb Code     2  stm32f4xx_hal_cortex.o(i.HAL_SYSTICK_Callback)
    HAL_SYSTICK_Config                       0x0800104f   Thumb Code    40  stm32f4xx_hal_cortex.o(i.HAL_SYSTICK_Config)
    HAL_SYSTICK_IRQHandler                   0x08001077   Thumb Code     8  stm32f4xx_hal_cortex.o(i.HAL_SYSTICK_IRQHandler)
    HAL_UART_DMAStop                         0x0800107f   Thumb Code    88  stm32f4xx_hal_uart.o(i.HAL_UART_DMAStop)
    HAL_UART_ErrorCallback                   0x080010d7   Thumb Code     2  stm32f4xx_hal_uart.o(i.HAL_UART_ErrorCallback)
    HAL_UART_IRQHandler                      0x080010d9   Thumb Code   266  stm32f4xx_hal_uart.o(i.HAL_UART_IRQHandler)
    HAL_UART_Init                            0x080011e9   Thumb Code    98  stm32f4xx_hal_uart.o(i.HAL_UART_Init)
    HAL_UART_MspInit                         0x0800124d   Thumb Code   190  stm32f4xx_hal_msp.o(i.HAL_UART_MspInit)
    HAL_UART_RxCpltCallback                  0x08001341   Thumb Code     2  stm32f4xx_hal_uart.o(i.HAL_UART_RxCpltCallback)
    HAL_UART_Transmit_DMA                    0x08001345   Thumb Code   114  stm32f4xx_hal_uart.o(i.HAL_UART_Transmit_DMA)
    HAL_UART_TxCpltCallback                  0x080013c5   Thumb Code    50  main.o(i.HAL_UART_TxCpltCallback)
    HAL_UART_TxHalfCpltCallback              0x0800140d   Thumb Code     2  stm32f4xx_hal_uart.o(i.HAL_UART_TxHalfCpltCallback)
    HardFault_Handler                        0x0800140f   Thumb Code     2  stm32f4xx_it.o(i.HardFault_Handler)
    MemManage_Handler                        0x08001451   Thumb Code     2  stm32f4xx_it.o(i.MemManage_Handler)
    NMI_Handler                              0x08001453   Thumb Code     2  stm32f4xx_it.o(i.NMI_Handler)
    PendSV_Handler                           0x08001475   Thumb Code     2  stm32f4xx_it.o(i.PendSV_Handler)
    SVC_Handler                              0x08001477   Thumb Code     2  stm32f4xx_it.o(i.SVC_Handler)
    SysTick_Handler                          0x08001479   Thumb Code    14  stm32f4xx_it.o(i.SysTick_Handler)
    SystemClock_Config                       0x08001489   Thumb Code   150  main.o(i.SystemClock_Config)
    SystemInit                               0x08001529   Thumb Code    66  system_stm32f4xx.o(i.SystemInit)
    TM_DELAY_1msHandler                      0x0800157d   Thumb Code     2  tm_stm32_delay.o(i.TM_DELAY_1msHandler)
    TM_DELAY_Init                            0x08001581   Thumb Code    52  tm_stm32_delay.o(i.TM_DELAY_Init)
    TM_DISCO_LedInit                         0x080015bd   Thumb Code    36  tm_stm32_disco.o(i.TM_DISCO_LedInit)
    TM_GPIO_GetPortSource                    0x080015e5   Thumb Code    10  tm_stm32_gpio.o(i.TM_GPIO_GetPortSource)
    TM_GPIO_INT_EnableClock                  0x080015f5   Thumb Code    20  tm_stm32_gpio.o(i.TM_GPIO_INT_EnableClock)
    TM_GPIO_INT_Init                         0x0800160d   Thumb Code   154  tm_stm32_gpio.o(i.TM_GPIO_INT_Init)
    TM_GPIO_Init                             0x080016ad   Thumb Code    38  tm_stm32_gpio.o(i.TM_GPIO_Init)
    TM_GPIO_InitAlternate                    0x080016d5   Thumb Code    96  tm_stm32_gpio.o(i.TM_GPIO_InitAlternate)
    TM_LIS302DL_INT_ReadAxes                 0x08001735   Thumb Code   134  tm_stm32_lis302dl_lis3dsh.o(i.TM_LIS302DL_INT_ReadAxes)
    TM_LIS302DL_LIS3DSH_Detect               0x080017c1   Thumb Code    54  tm_stm32_lis302dl_lis3dsh.o(i.TM_LIS302DL_LIS3DSH_Detect)
    TM_LIS302DL_LIS3DSH_INT_Delay            0x080017fd   Thumb Code     8  tm_stm32_lis302dl_lis3dsh.o(i.TM_LIS302DL_LIS3DSH_INT_Delay)
    TM_LIS302DL_LIS3DSH_INT_InitLIS302DL     0x08001809   Thumb Code   158  tm_stm32_lis302dl_lis3dsh.o(i.TM_LIS302DL_LIS3DSH_INT_InitLIS302DL)
    TM_LIS302DL_LIS3DSH_INT_InitLIS3DSH      0x080018b1   Thumb Code   124  tm_stm32_lis302dl_lis3dsh.o(i.TM_LIS302DL_LIS3DSH_INT_InitLIS3DSH)
    TM_LIS302DL_LIS3DSH_INT_InitPins         0x08001945   Thumb Code    46  tm_stm32_lis302dl_lis3dsh.o(i.TM_LIS302DL_LIS3DSH_INT_InitPins)
    TM_LIS302DL_LIS3DSH_INT_ReadSPI          0x08001981   Thumb Code    56  tm_stm32_lis302dl_lis3dsh.o(i.TM_LIS302DL_LIS3DSH_INT_ReadSPI)
    TM_LIS302DL_LIS3DSH_INT_WriteSPI         0x080019c1   Thumb Code    58  tm_stm32_lis302dl_lis3dsh.o(i.TM_LIS302DL_LIS3DSH_INT_WriteSPI)
    TM_LIS302DL_LIS3DSH_Init                 0x08001a09   Thumb Code    62  tm_stm32_lis302dl_lis3dsh.o(i.TM_LIS302DL_LIS3DSH_Init)
    TM_LIS302DL_LIS3DSH_ReadAxes             0x08001a4d   Thumb Code    34  tm_stm32_lis302dl_lis3dsh.o(i.TM_LIS302DL_LIS3DSH_ReadAxes)
    TM_LIS3DSH_INT_ReadAxes                  0x08001a75   Thumb Code   190  tm_stm32_lis302dl_lis3dsh.o(i.TM_LIS3DSH_INT_ReadAxes)
    TM_SPI1_INT_InitPins                     0x08001b39   Thumb Code    56  tm_stm32_spi.o(i.TM_SPI1_INT_InitPins)
    TM_SPI2_INT_InitPins                     0x08001b7d   Thumb Code   126  tm_stm32_spi.o(i.TM_SPI2_INT_InitPins)
    TM_SPI3_INT_InitPins                     0x08001c0d   Thumb Code    58  tm_stm32_spi.o(i.TM_SPI3_INT_InitPins)
    TM_SPI_Init                              0x08001c55   Thumb Code    64  tm_stm32_spi.o(i.TM_SPI_Init)
    TM_SPI_InitCustomPinsCallback            0x08001ca1   Thumb Code     2  tm_stm32_spi.o(i.TM_SPI_InitCustomPinsCallback)
    TM_SPI_ReadMulti                         0x08001ca3   Thumb Code    48  tm_stm32_spi.o(i.TM_SPI_ReadMulti)
    TM_SPI_WriteMulti                        0x08001cfd   Thumb Code    46  tm_stm32_spi.o(i.TM_SPI_WriteMulti)
    USART2_IRQHandler                        0x08002275   Thumb Code     6  stm32f4xx_it.o(i.USART2_IRQHandler)
    UsageFault_Handler                       0x08002281   Thumb Code     2  stm32f4xx_it.o(i.UsageFault_Handler)
    _Error_Handler                           0x08002283   Thumb Code     2  main.o(i._Error_Handler)
    __0sprintf$6                             0x08002285   Thumb Code    34  printf6.o(i.__0sprintf$6)
    __1sprintf$6                             0x08002285   Thumb Code     0  printf6.o(i.__0sprintf$6)
    __2sprintf                               0x08002285   Thumb Code     0  printf6.o(i.__0sprintf$6)
    __scatterload_copy                       0x080022ad   Thumb Code    14  handlers.o(i.__scatterload_copy)
    __scatterload_null                       0x080022bb   Thumb Code     2  handlers.o(i.__scatterload_null)
    __scatterload_zeroinit                   0x080022bd   Thumb Code    14  handlers.o(i.__scatterload_zeroinit)
    main                                     0x08002619   Thumb Code   330  main.o(i.main)
    AHBPrescTable                            0x08002784   Data          16  system_stm32f4xx.o(.constdata)
    APBPrescTable                            0x08002794   Data           8  system_stm32f4xx.o(.constdata)
    Region$$Table$$Base                      0x080027a4   Number         0  anon$$obj.o(Region$$Table)
    Region$$Table$$Limit                     0x080027c4   Number         0  anon$$obj.o(Region$$Table)
    x                                        0x20000000   Data           2  main.o(.data)
    y                                        0x20000002   Data           2  main.o(.data)
    z                                        0x20000004   Data           2  main.o(.data)
    SystemCoreClock                          0x20000008   Data           4  system_stm32f4xx.o(.data)
    TM_Time2                                 0x2000000c   Data           4  tm_stm32_delay.o(.data)
    TM_Time                                  0x20000010   Data           4  tm_stm32_delay.o(.data)
    TM_LIS302DL_LIS3DSH_INT_Device           0x20000014   Data           1  tm_stm32_lis302dl_lis3dsh.o(.data)
    TM_LIS3DSH_INT_Sensitivity               0x20000018   Data           4  tm_stm32_lis302dl_lis3dsh.o(.data)
    tx_buffer                                0x2000001c   Data          10  main.o(.bss)
    hspi1                                    0x20000028   Data          88  main.o(.bss)
    huart2                                   0x20000080   Data          64  main.o(.bss)
    hdma_usart2_rx                           0x200000c0   Data          96  main.o(.bss)
    hdma_usart2_tx                           0x20000120   Data          96  main.o(.bss)
    __initial_sp                             0x200005b8   Data           0  startup_stm32f407xx.o(STACK)



==============================================================================

Memory Map of the image

  Image Entry point : 0x08000189

  Load Region LR_IROM1 (Base: 0x08000000, Size: 0x000027e0, Max: 0x00100000, ABSOLUTE)

    Execution Region ER_IROM1 (Exec base: 0x08000000, Load base: 0x08000000, Size: 0x000027c4, Max: 0x00100000, ABSOLUTE)

    Exec Addr    Load Addr    Size         Type   Attr      Idx    E Section Name        Object

    0x08000000   0x08000000   0x00000188   Data   RO          323    RESET               startup_stm32f407xx.o
    0x08000188   0x08000188   0x00000000   Code   RO         2527  * .ARM.Collect$$$$00000000  mc_w.l(entry.o)
    0x08000188   0x08000188   0x00000004   Code   RO         2819    .ARM.Collect$$$$00000001  mc_w.l(entry2.o)
    0x0800018c   0x0800018c   0x00000004   Code   RO         2822    .ARM.Collect$$$$00000004  mc_w.l(entry5.o)
    0x08000190   0x08000190   0x00000000   Code   RO         2824    .ARM.Collect$$$$00000008  mc_w.l(entry7b.o)
    0x08000190   0x08000190   0x00000000   Code   RO         2826    .ARM.Collect$$$$0000000A  mc_w.l(entry8b.o)
    0x08000190   0x08000190   0x00000008   Code   RO         2827    .ARM.Collect$$$$0000000B  mc_w.l(entry9a.o)
    0x08000198   0x08000198   0x00000000   Code   RO         2829    .ARM.Collect$$$$0000000D  mc_w.l(entry10a.o)
    0x08000198   0x08000198   0x00000000   Code   RO         2831    .ARM.Collect$$$$0000000F  mc_w.l(entry11a.o)
    0x08000198   0x08000198   0x00000004   Code   RO         2820    .ARM.Collect$$$$00002712  mc_w.l(entry2.o)
    0x0800019c   0x0800019c   0x00000024   Code   RO          324    .text               startup_stm32f407xx.o
    0x080001c0   0x080001c0   0x0000002c   Code   RO         2836    .text               mc_w.l(uidiv.o)
    0x080001ec   0x080001ec   0x00000024   Code   RO         2857    .text               mc_w.l(init.o)
    0x08000210   0x08000210   0x00000002   Code   RO          230    i.BusFault_Handler  stm32f4xx_it.o
    0x08000212   0x08000212   0x00000002   PAD
    0x08000214   0x08000214   0x0000000c   Code   RO          231    i.DMA1_Stream5_IRQHandler  stm32f4xx_it.o
    0x08000220   0x08000220   0x0000000c   Code   RO          232    i.DMA1_Stream6_IRQHandler  stm32f4xx_it.o
    0x0800022c   0x0800022c   0x00000028   Code   RO         1085    i.DMA_CalcBaseAndBitshift  stm32f4xx_hal_dma.o
    0x08000254   0x08000254   0x00000054   Code   RO         1086    i.DMA_CheckFifoParam  stm32f4xx_hal_dma.o
    0x080002a8   0x080002a8   0x00000028   Code   RO         1087    i.DMA_SetConfig     stm32f4xx_hal_dma.o
    0x080002d0   0x080002d0   0x00000002   Code   RO          233    i.DebugMon_Handler  stm32f4xx_it.o
    0x080002d2   0x080002d2   0x0000008e   Code   RO         1088    i.HAL_DMA_Abort     stm32f4xx_hal_dma.o
    0x08000360   0x08000360   0x00000024   Code   RO         1089    i.HAL_DMA_Abort_IT  stm32f4xx_hal_dma.o
    0x08000384   0x08000384   0x000001a8   Code   RO         1093    i.HAL_DMA_IRQHandler  stm32f4xx_hal_dma.o
    0x0800052c   0x0800052c   0x000000d4   Code   RO         1094    i.HAL_DMA_Init      stm32f4xx_hal_dma.o
    0x08000600   0x08000600   0x00000078   Code   RO         1098    i.HAL_DMA_Start_IT  stm32f4xx_hal_dma.o
    0x08000678   0x08000678   0x0000002c   Code   RO         2063    i.HAL_Delay         tm_stm32_delay.o
    0x080006a4   0x080006a4   0x000001b0   Code   RO         1674    i.HAL_GPIO_Init     stm32f4xx_hal_gpio.o
    0x08000854   0x08000854   0x0000000c   Code   RO         2064    i.HAL_GetTick       tm_stm32_delay.o
    0x08000860   0x08000860   0x00000068   Code   RO         2065    i.HAL_IncTick       tm_stm32_delay.o
    0x080008c8   0x080008c8   0x00000034   Code   RO         1207    i.HAL_Init          stm32f4xx_hal.o
    0x080008fc   0x080008fc   0x00000028   Code   RO         1208    i.HAL_InitTick      stm32f4xx_hal.o
    0x08000924   0x08000924   0x00000058   Code   RO            4    i.HAL_MspInit       stm32f4xx_hal_msp.o
    0x0800097c   0x0800097c   0x00000016   Code   RO         1481    i.HAL_NVIC_EnableIRQ  stm32f4xx_hal_cortex.o
    0x08000992   0x08000992   0x00000002   PAD
    0x08000994   0x08000994   0x00000040   Code   RO         1487    i.HAL_NVIC_SetPriority  stm32f4xx_hal_cortex.o
    0x080009d4   0x080009d4   0x00000024   Code   RO         1488    i.HAL_NVIC_SetPriorityGrouping  stm32f4xx_hal_cortex.o
    0x080009f8   0x080009f8   0x0000017c   Code   RO          547    i.HAL_RCC_ClockConfig  stm32f4xx_hal_rcc.o
    0x08000b74   0x08000b74   0x0000000c   Code   RO          552    i.HAL_RCC_GetHCLKFreq  stm32f4xx_hal_rcc.o
    0x08000b80   0x08000b80   0x00000030   Code   RO          554    i.HAL_RCC_GetPCLK1Freq  stm32f4xx_hal_rcc.o
    0x08000bb0   0x08000bb0   0x00000030   Code   RO          555    i.HAL_RCC_GetPCLK2Freq  stm32f4xx_hal_rcc.o
    0x08000be0   0x08000be0   0x00000074   Code   RO          556    i.HAL_RCC_GetSysClockFreq  stm32f4xx_hal_rcc.o
    0x08000c54   0x08000c54   0x00000314   Code   RO          559    i.HAL_RCC_OscConfig  stm32f4xx_hal_rcc.o
    0x08000f68   0x08000f68   0x00000080   Code   RO          659    i.HAL_SPI_Init      stm32f4xx_hal_spi.o
    0x08000fe8   0x08000fe8   0x0000004c   Code   RO            6    i.HAL_SPI_MspInit   stm32f4xx_hal_msp.o
    0x08001034   0x08001034   0x00000018   Code   RO         1490    i.HAL_SYSTICK_CLKSourceConfig  stm32f4xx_hal_cortex.o
    0x0800104c   0x0800104c   0x00000002   Code   RO         1491    i.HAL_SYSTICK_Callback  stm32f4xx_hal_cortex.o
    0x0800104e   0x0800104e   0x00000028   Code   RO         1492    i.HAL_SYSTICK_Config  stm32f4xx_hal_cortex.o
    0x08001076   0x08001076   0x00000008   Code   RO         1493    i.HAL_SYSTICK_IRQHandler  stm32f4xx_hal_cortex.o
    0x0800107e   0x0800107e   0x00000058   Code   RO         1756    i.HAL_UART_DMAStop  stm32f4xx_hal_uart.o
    0x080010d6   0x080010d6   0x00000002   Code   RO         1758    i.HAL_UART_ErrorCallback  stm32f4xx_hal_uart.o
    0x080010d8   0x080010d8   0x00000110   Code   RO         1761    i.HAL_UART_IRQHandler  stm32f4xx_hal_uart.o
    0x080011e8   0x080011e8   0x00000062   Code   RO         1762    i.HAL_UART_Init     stm32f4xx_hal_uart.o
    0x0800124a   0x0800124a   0x00000002   PAD
    0x0800124c   0x0800124c   0x000000f4   Code   RO            8    i.HAL_UART_MspInit  stm32f4xx_hal_msp.o
    0x08001340   0x08001340   0x00000002   Code   RO         1768    i.HAL_UART_RxCpltCallback  stm32f4xx_hal_uart.o
    0x08001342   0x08001342   0x00000002   PAD
    0x08001344   0x08001344   0x00000080   Code   RO         1771    i.HAL_UART_Transmit_DMA  stm32f4xx_hal_uart.o
    0x080013c4   0x080013c4   0x00000048   Code   RO          146    i.HAL_UART_TxCpltCallback  main.o
    0x0800140c   0x0800140c   0x00000002   Code   RO         1774    i.HAL_UART_TxHalfCpltCallback  stm32f4xx_hal_uart.o
    0x0800140e   0x0800140e   0x00000002   Code   RO          234    i.HardFault_Handler  stm32f4xx_it.o
    0x08001410   0x08001410   0x00000040   Code   RO          147    i.MX_SPI1_Init      main.o
    0x08001450   0x08001450   0x00000002   Code   RO          235    i.MemManage_Handler  stm32f4xx_it.o
    0x08001452   0x08001452   0x00000002   Code   RO          236    i.NMI_Handler       stm32f4xx_it.o
    0x08001454   0x08001454   0x00000020   Code   RO         1494    i.NVIC_SetPriority  stm32f4xx_hal_cortex.o
    0x08001474   0x08001474   0x00000002   Code   RO          237    i.PendSV_Handler    stm32f4xx_it.o
    0x08001476   0x08001476   0x00000002   Code   RO          238    i.SVC_Handler       stm32f4xx_it.o
    0x08001478   0x08001478   0x0000000e   Code   RO          239    i.SysTick_Handler   stm32f4xx_it.o
    0x08001486   0x08001486   0x00000002   PAD
    0x08001488   0x08001488   0x000000a0   Code   RO          148    i.SystemClock_Config  main.o
    0x08001528   0x08001528   0x00000054   Code   RO          332    i.SystemInit        system_stm32f4xx.o
    0x0800157c   0x0800157c   0x00000002   Code   RO         2066    i.TM_DELAY_1msHandler  tm_stm32_delay.o
    0x0800157e   0x0800157e   0x00000002   PAD
    0x08001580   0x08001580   0x0000003c   Code   RO         2067    i.TM_DELAY_Init     tm_stm32_delay.o
    0x080015bc   0x080015bc   0x00000028   Code   RO         2166    i.TM_DISCO_LedInit  tm_stm32_disco.o
    0x080015e4   0x080015e4   0x00000010   Code   RO         2305    i.TM_GPIO_GetPortSource  tm_stm32_gpio.o
    0x080015f4   0x080015f4   0x00000018   Code   RO         2308    i.TM_GPIO_INT_EnableClock  tm_stm32_gpio.o
    0x0800160c   0x0800160c   0x000000a0   Code   RO         2309    i.TM_GPIO_INT_Init  tm_stm32_gpio.o
    0x080016ac   0x080016ac   0x00000026   Code   RO         2310    i.TM_GPIO_Init      tm_stm32_gpio.o
    0x080016d2   0x080016d2   0x00000002   PAD
    0x080016d4   0x080016d4   0x00000060   Code   RO         2311    i.TM_GPIO_InitAlternate  tm_stm32_gpio.o
    0x08001734   0x08001734   0x0000008c   Code   RO         2207    i.TM_LIS302DL_INT_ReadAxes  tm_stm32_lis302dl_lis3dsh.o
    0x080017c0   0x080017c0   0x0000003c   Code   RO         2208    i.TM_LIS302DL_LIS3DSH_Detect  tm_stm32_lis302dl_lis3dsh.o
    0x080017fc   0x080017fc   0x0000000c   Code   RO         2209    i.TM_LIS302DL_LIS3DSH_INT_Delay  tm_stm32_lis302dl_lis3dsh.o
    0x08001808   0x08001808   0x000000a8   Code   RO         2210    i.TM_LIS302DL_LIS3DSH_INT_InitLIS302DL  tm_stm32_lis302dl_lis3dsh.o
    0x080018b0   0x080018b0   0x00000094   Code   RO         2211    i.TM_LIS302DL_LIS3DSH_INT_InitLIS3DSH  tm_stm32_lis302dl_lis3dsh.o
    0x08001944   0x08001944   0x0000003c   Code   RO         2212    i.TM_LIS302DL_LIS3DSH_INT_InitPins  tm_stm32_lis302dl_lis3dsh.o
    0x08001980   0x08001980   0x00000040   Code   RO         2213    i.TM_LIS302DL_LIS3DSH_INT_ReadSPI  tm_stm32_lis302dl_lis3dsh.o
    0x080019c0   0x080019c0   0x00000048   Code   RO         2214    i.TM_LIS302DL_LIS3DSH_INT_WriteSPI  tm_stm32_lis302dl_lis3dsh.o
    0x08001a08   0x08001a08   0x00000044   Code   RO         2215    i.TM_LIS302DL_LIS3DSH_Init  tm_stm32_lis302dl_lis3dsh.o
    0x08001a4c   0x08001a4c   0x00000028   Code   RO         2216    i.TM_LIS302DL_LIS3DSH_ReadAxes  tm_stm32_lis302dl_lis3dsh.o
    0x08001a74   0x08001a74   0x000000c4   Code   RO         2217    i.TM_LIS3DSH_INT_ReadAxes  tm_stm32_lis302dl_lis3dsh.o
    0x08001b38   0x08001b38   0x00000044   Code   RO         2417    i.TM_SPI1_INT_InitPins  tm_stm32_spi.o
    0x08001b7c   0x08001b7c   0x00000090   Code   RO         2418    i.TM_SPI2_INT_InitPins  tm_stm32_spi.o
    0x08001c0c   0x08001c0c   0x00000048   Code   RO         2419    i.TM_SPI3_INT_InitPins  tm_stm32_spi.o
    0x08001c54   0x08001c54   0x0000004c   Code   RO         2421    i.TM_SPI_Init       tm_stm32_spi.o
    0x08001ca0   0x08001ca0   0x00000002   Code   RO         2422    i.TM_SPI_InitCustomPinsCallback  tm_stm32_spi.o
    0x08001ca2   0x08001ca2   0x00000030   Code   RO         2425    i.TM_SPI_ReadMulti  tm_stm32_spi.o
    0x08001cd2   0x08001cd2   0x0000002a   Code   RO         2218    i.TM_SPI_Send       tm_stm32_lis302dl_lis3dsh.o
    0x08001cfc   0x08001cfc   0x0000002e   Code   RO         2430    i.TM_SPI_WriteMulti  tm_stm32_spi.o
    0x08001d2a   0x08001d2a   0x00000002   PAD
    0x08001d2c   0x08001d2c   0x000000ec   Code   RO         2432    i.TM_SPIx_Init      tm_stm32_spi.o
    0x08001e18   0x08001e18   0x00000010   Code   RO         1775    i.UART_DMAAbortOnError  stm32f4xx_hal_uart.o
    0x08001e28   0x08001e28   0x0000004a   Code   RO         1776    i.UART_DMAError     stm32f4xx_hal_uart.o
    0x08001e72   0x08001e72   0x0000002e   Code   RO         1781    i.UART_DMATransmitCplt  stm32f4xx_hal_uart.o
    0x08001ea0   0x08001ea0   0x0000000a   Code   RO         1783    i.UART_DMATxHalfCplt  stm32f4xx_hal_uart.o
    0x08001eaa   0x08001eaa   0x0000001c   Code   RO         1785    i.UART_EndRxTransfer  stm32f4xx_hal_uart.o
    0x08001ec6   0x08001ec6   0x00000012   Code   RO         1786    i.UART_EndTxTransfer  stm32f4xx_hal_uart.o
    0x08001ed8   0x08001ed8   0x0000008c   Code   RO         1787    i.UART_Receive_IT   stm32f4xx_hal_uart.o
    0x08001f64   0x08001f64   0x000002ac   Code   RO         1788    i.UART_SetConfig    stm32f4xx_hal_uart.o
    0x08002210   0x08002210   0x00000062   Code   RO         1789    i.UART_Transmit_IT  stm32f4xx_hal_uart.o
    0x08002272   0x08002272   0x00000002   PAD
    0x08002274   0x08002274   0x0000000c   Code   RO          240    i.USART2_IRQHandler  stm32f4xx_it.o
    0x08002280   0x08002280   0x00000002   Code   RO          241    i.UsageFault_Handler  stm32f4xx_it.o
    0x08002282   0x08002282   0x00000002   Code   RO          149    i._Error_Handler    main.o
    0x08002284   0x08002284   0x00000028   Code   RO         2687    i.__0sprintf$6      mc_w.l(printf6.o)
    0x080022ac   0x080022ac   0x0000000e   Code   RO         2871    i.__scatterload_copy  mc_w.l(handlers.o)
    0x080022ba   0x080022ba   0x00000002   Code   RO         2872    i.__scatterload_null  mc_w.l(handlers.o)
    0x080022bc   0x080022bc   0x0000000e   Code   RO         2873    i.__scatterload_zeroinit  mc_w.l(handlers.o)
    0x080022ca   0x080022ca   0x00000002   PAD
    0x080022cc   0x080022cc   0x000002f0   Code   RO         2692    i._printf_core      mc_w.l(printf6.o)
    0x080025bc   0x080025bc   0x00000024   Code   RO         2693    i._printf_post_padding  mc_w.l(printf6.o)
    0x080025e0   0x080025e0   0x0000002e   Code   RO         2694    i._printf_pre_padding  mc_w.l(printf6.o)
    0x0800260e   0x0800260e   0x0000000a   Code   RO         2696    i._sputc            mc_w.l(printf6.o)
    0x08002618   0x08002618   0x0000016c   Code   RO          150    i.main              main.o
    0x08002784   0x08002784   0x00000010   Data   RO          333    .constdata          system_stm32f4xx.o
    0x08002794   0x08002794   0x00000008   Data   RO          334    .constdata          system_stm32f4xx.o
    0x0800279c   0x0800279c   0x00000008   Data   RO         1100    .constdata          stm32f4xx_hal_dma.o
    0x080027a4   0x080027a4   0x00000020   Data   RO         2869    Region$$Table       anon$$obj.o


    Execution Region RW_IRAM1 (Exec base: 0x20000000, Load base: 0x080027c4, Size: 0x000005b8, Max: 0x00020000, ABSOLUTE)

    Exec Addr    Load Addr    Size         Type   Attr      Idx    E Section Name        Object

    0x20000000   0x080027c4   0x00000006   Data   RW          154    .data               main.o
    0x20000006   0x080027ca   0x00000002   PAD
    0x20000008   0x080027cc   0x00000004   Data   RW          335    .data               system_stm32f4xx.o
    0x2000000c   0x080027d0   0x00000008   Data   RW         2076    .data               tm_stm32_delay.o
    0x20000014   0x080027d8   0x00000008   Data   RW         2219    .data               tm_stm32_lis302dl_lis3dsh.o
    0x2000001c        -       0x000000a4   Zero   RW          151    .bss                main.o
    0x200000c0        -       0x00000060   Zero   RW          152    .bss                main.o
    0x20000120        -       0x00000060   Zero   RW          153    .bss                main.o
    0x20000180        -       0x00000018   Zero   RW         2075    .bss                tm_stm32_delay.o
    0x20000198        -       0x0000001a   Zero   RW         2318    .bss                tm_stm32_gpio.o
    0x200001b2   0x080027e0   0x00000006   PAD
    0x200001b8        -       0x00000400   Zero   RW          321    STACK               startup_stm32f407xx.o


==============================================================================

Image component sizes


      Code (inc. data)   RO Data    RW Data    ZI Data      Debug   Object Name

       662         76          0          6        356      14291   main.o
        36          8        392          0       1024        872   startup_stm32f407xx.o
        92         10          0          0          0       1338   stm32f4xx_hal.o
       228         14          0          0          0      32773   stm32f4xx_hal_cortex.o
      1098         22          8          0          0       7998   stm32f4xx_hal_dma.o
       432         44          0          0          0       1908   stm32f4xx_hal_gpio.o
       408         68          0          0          0     656067   stm32f4xx_hal_msp.o
      1392         80          0          0          0       6152   stm32f4xx_hal_rcc.o
       128          0          0          0          0       1351   stm32f4xx_hal_spi.o
      1706         28          0          0          0      12554   stm32f4xx_hal_uart.o
        66         18          0          0          0       6370   stm32f4xx_it.o
        84         18         24          4          0       1363   system_stm32f4xx.o
       222         28          0          8         24       9597   tm_stm32_delay.o
        40          4          0          0          0        607   tm_stm32_disco.o
       334         16          0          0         26       4590   tm_stm32_gpio.o
      1070        104          0          8          0      12737   tm_stm32_lis302dl_lis3dsh.o
       692         74          0          0          0       6622   tm_stm32_spi.o

    ----------------------------------------------------------------------
      8708        612        456         28       1436     777190   Object Totals
         0          0         32          0          0          0   (incl. Generated)
        18          0          0          2          6          0   (incl. Padding)

    ----------------------------------------------------------------------

      Code (inc. data)   RO Data    RW Data    ZI Data      Debug   Library Member Name

         0          0          0          0          0          0   entry.o
         0          0          0          0          0          0   entry10a.o
         0          0          0          0          0          0   entry11a.o
         8          4          0          0          0          0   entry2.o
         4          0          0          0          0          0   entry5.o
         0          0          0          0          0          0   entry7b.o
         0          0          0          0          0          0   entry8b.o
         8          4          0          0          0          0   entry9a.o
        30          0          0          0          0          0   handlers.o
        36          8          0          0          0         68   init.o
       884         10          0          0          0        420   printf6.o
        44          0          0          0          0         80   uidiv.o

    ----------------------------------------------------------------------
      1016         26          0          0          0        568   Library Totals
         2          0          0          0          0          0   (incl. Padding)

    ----------------------------------------------------------------------

      Code (inc. data)   RO Data    RW Data    ZI Data      Debug   Library Name

      1014         26          0          0          0        568   mc_w.l

    ----------------------------------------------------------------------
      1016         26          0          0          0        568   Library Totals

    ----------------------------------------------------------------------

==============================================================================


      Code (inc. data)   RO Data    RW Data    ZI Data      Debug   

      9724        638        456         28       1436     769154   Grand Totals
      9724        638        456         28       1436     769154   ELF Image Totals
      9724        638        456         28          0          0   ROM Totals

==============================================================================

    Total RO  Size (Code + RO Data)                10180 (   9.94kB)
    Total RW  Size (RW Data + ZI Data)              1464 (   1.43kB)
    Total ROM Size (Code + RO Data + RW Data)      10208 (   9.97kB)

==============================================================================

